Dec 31 18:00:13 localhost kernel: imklog 5.8.6, log source = /proc/kmsg started.
Dec 31 18:00:14 localhost kernel: [    0.000000] Booting Linux on physical CPU 0x0
Dec 31 18:00:14 localhost kernel: [    0.000000] Initializing cgroup subsys cpuset
Dec 31 18:00:14 localhost kernel: [    0.000000] Initializing cgroup subsys cpuacct
Dec 31 18:00:14 localhost kernel: [    0.000000] Linux version 3.12.0-xillinux-1.3 (eli@ocho.localdomain) (gcc version 4.5.1 (Sourcery G++ Lite 2010.09-62) ) #1 SMP PREEMPT Thu Mar 13 18:39:32 IST 2014
Dec 31 18:00:14 localhost kernel: [    0.000000] CPU: ARMv7 Processor [413fc090] revision 0 (ARMv7), cr=18c5387d
Dec 31 18:00:14 localhost kernel: [    0.000000] CPU: PIPT / VIPT nonaliasing data cache, VIPT aliasing instruction cache
Dec 31 18:00:14 localhost kernel: [    0.000000] Machine: Xilinx Zynq Platform, model: Xilinx Zynq
Dec 31 18:00:14 localhost kernel: [    0.000000] bootconsole [earlycon0] enabled
Dec 31 18:00:14 localhost kernel: [    0.000000] Memory policy: Data cache writealloc
Dec 31 18:00:14 localhost kernel: [    0.000000] On node 0 totalpages: 131072
Dec 31 18:00:14 localhost kernel: [    0.000000] free_area_init_node: node 0, pgdat c06bd740, node_mem_map c06f1000
Dec 31 18:00:14 localhost kernel: [    0.000000]   Normal zone: 1024 pages used for memmap
Dec 31 18:00:14 localhost kernel: [    0.000000]   Normal zone: 0 pages reserved
Dec 31 18:00:14 localhost kernel: [    0.000000]   Normal zone: 131072 pages, LIFO batch:31
Dec 31 18:00:14 localhost kernel: [    0.000000] PERCPU: Embedded 7 pages/cpu @c0af8000 s7936 r8192 d12544 u32768
Dec 31 18:00:14 localhost kernel: [    0.000000] pcpu-alloc: s7936 r8192 d12544 u32768 alloc=8*4096
Dec 31 18:00:14 localhost kernel: [    0.000000] pcpu-alloc: [0] 0 [0] 1 
Dec 31 18:00:14 localhost kernel: [    0.000000] Built 1 zonelists in Zone order, mobility grouping on.  Total pages: 130048
Dec 31 18:00:14 localhost kernel: [    0.000000] Kernel command line: console=ttyPS0,115200n8 consoleblank=0 root=/dev/mmcblk0p2 rw rootwait earlyprintk
Dec 31 18:00:14 localhost kernel: [    0.000000] PID hash table entries: 2048 (order: 1, 8192 bytes)
Dec 31 18:00:14 localhost kernel: [    0.000000] Dentry cache hash table entries: 65536 (order: 6, 262144 bytes)
Dec 31 18:00:14 localhost kernel: [    0.000000] Inode-cache hash table entries: 32768 (order: 5, 131072 bytes)
Dec 31 18:00:14 localhost kernel: [    0.000000] allocated 1048576 bytes of page_cgroup
Dec 31 18:00:14 localhost kernel: [    0.000000] please try 'cgroup_disable=memory' option if you don't want memory cgroups
Dec 31 18:00:14 localhost kernel: [    0.000000] Memory: 511536K/524288K available (4631K kernel code, 296K rwdata, 1744K rodata, 199K init, 200K bss, 12752K reserved, 0K highmem)
Dec 31 18:00:14 localhost kernel: [    0.000000] Virtual kernel memory layout:
Dec 31 18:00:14 localhost kernel: [    0.000000]     vector  : 0xffff0000 - 0xffff1000   (   4 kB)
Dec 31 18:00:14 localhost kernel: [    0.000000]     fixmap  : 0xfff00000 - 0xfffe0000   ( 896 kB)
Dec 31 18:00:14 localhost kernel: [    0.000000]     vmalloc : 0xe0800000 - 0xff000000   ( 488 MB)
Dec 31 18:00:14 localhost kernel: [    0.000000]     lowmem  : 0xc0000000 - 0xe0000000   ( 512 MB)
Dec 31 18:00:14 localhost kernel: [    0.000000]     pkmap   : 0xbfe00000 - 0xc0000000   (   2 MB)
Dec 31 18:00:14 localhost kernel: [    0.000000]     modules : 0xbf000000 - 0xbfe00000   (  14 MB)
Dec 31 18:00:14 localhost kernel: [    0.000000]       .text : 0xc0008000 - 0xc0641e24   (6376 kB)
Dec 31 18:00:14 localhost kernel: [    0.000000]       .init : 0xc0642000 - 0xc0673f00   ( 200 kB)
Dec 31 18:00:14 localhost kernel: [    0.000000]       .data : 0xc0674000 - 0xc06be3c0   ( 297 kB)
Dec 31 18:00:14 localhost kernel: [    0.000000]        .bss : 0xc06be3cc - 0xc06f065c   ( 201 kB)
Dec 31 18:00:14 localhost kernel: [    0.000000] Preemptible hierarchical RCU implementation.
Dec 31 18:00:14 localhost kernel: [    0.000000] 	Dump stacks of tasks blocking RCU-preempt GP.
Dec 31 18:00:14 localhost kernel: [    0.000000] 	RCU restricting CPUs from NR_CPUS=4 to nr_cpu_ids=2.
Dec 31 18:00:14 localhost kernel: [    0.000000] NR_IRQS:16 nr_irqs:16 16
Dec 31 18:00:14 localhost kernel: [    0.000000] ps7-slcr mapped to e0802000
Dec 31 18:00:14 localhost kernel: [    0.000000] Zynq clock init
Dec 31 18:00:14 localhost kernel: [    0.000000] sched_clock: 16 bits at 54kHz, resolution 18432ns, wraps every 1207ms
Dec 31 18:00:14 localhost kernel: [    0.000000] ps7-ttc #0 at e0804000, irq=43
Dec 31 18:00:14 localhost kernel: [    0.000000] Console: colour dummy device 80x30
Dec 31 18:00:14 localhost kernel: [    0.008644] Calibrating delay loop... 1332.01 BogoMIPS (lpj=6660096)
Dec 31 18:00:14 localhost kernel: [    0.094833] pid_max: default: 32768 minimum: 301
Dec 31 18:00:14 localhost kernel: [    0.097008] Mount-cache hash table entries: 512
Dec 31 18:00:14 localhost kernel: [    0.103478] Initializing cgroup subsys memory
Dec 31 18:00:14 localhost kernel: [    0.105837] Initializing cgroup subsys devices
Dec 31 18:00:14 localhost kernel: [    0.110224] Initializing cgroup subsys freezer
Dec 31 18:00:14 localhost kernel: [    0.114703] Initializing cgroup subsys blkio
Dec 31 18:00:14 localhost kernel: [    0.119016] Initializing cgroup subsys perf_event
Dec 31 18:00:14 localhost kernel: [    0.123808] CPU: Testing write buffer coherency: ok
Dec 31 18:00:14 localhost kernel: [    0.128914] CPU0: thread -1, cpu 0, socket 0, mpidr 80000000
Dec 31 18:00:14 localhost kernel: [    0.134352] Setting up static identity map for 0xc045ffb0 - 0xc0460008
Dec 31 18:00:14 localhost kernel: [    0.141024] L310 cache controller enabled
Dec 31 18:00:14 localhost kernel: [    0.144913] l2x0: 8 ways, CACHE_ID 0x410000c8, AUX_CTRL 0x72360000, Cache size: 512 kB
Dec 31 18:00:14 localhost kernel: [    0.205573] CPU1: Booted secondary processor
Dec 31 18:00:14 localhost kernel: [    0.294803] CPU1: thread -1, cpu 1, socket 0, mpidr 80000001
Dec 31 18:00:14 localhost kernel: [    0.294932] Brought up 2 CPUs
Dec 31 18:00:14 localhost kernel: [    0.302434] SMP: Total of 2 processors activated.
Dec 31 18:00:14 localhost kernel: [    0.307171] CPU: All CPU(s) started in SVC mode.
Dec 31 18:00:14 localhost kernel: [    0.312388] devtmpfs: initialized
Dec 31 18:00:14 localhost kernel: [    0.317567] VFP support v0.3: implementor 41 architecture 3 part 30 variant 9 rev 4
Dec 31 18:00:14 localhost kernel: [    0.323853] regulator-dummy: no parameters
Dec 31 18:00:14 localhost kernel: [    0.327484] NET: Registered protocol family 16
Dec 31 18:00:14 localhost kernel: [    0.332663] DMA: preallocated 256 KiB pool for atomic coherent allocations
Dec 31 18:00:14 localhost kernel: [    0.343335] zynq_gpio e000a000.ps7-gpio: gpio at 0xe000a000 mapped to 0xe0850000
Dec 31 18:00:14 localhost kernel: [    0.350155] hw-breakpoint: found 5 (+1 reserved) breakpoint and 1 watchpoint registers.
Dec 31 18:00:14 localhost kernel: [    0.353676] hw-breakpoint: maximum watchpoint size is 4 bytes.
Dec 31 18:00:14 localhost kernel: [    0.359629] zynq_ocm f800c000.ps7-ocmc: ZYNQ OCM pool: 256 KiB @ 0xe0880000
Dec 31 18:00:14 localhost kernel: [    0.395222] bio: create slab <bio-0> at 0
Dec 31 18:00:14 localhost kernel: [    0.396862] vgaarb: loaded
Dec 31 18:00:14 localhost kernel: [    0.397544] SCSI subsystem initialized
Dec 31 18:00:14 localhost kernel: [    0.401010] usbcore: registered new interface driver usbfs
Dec 31 18:00:14 localhost kernel: [    0.406005] usbcore: registered new interface driver hub
Dec 31 18:00:14 localhost kernel: [    0.411368] usbcore: registered new device driver usb
Dec 31 18:00:14 localhost kernel: [    0.417248] media: Linux media interface: v0.10
Dec 31 18:00:14 localhost kernel: [    0.420916] Linux video capture interface: v2.00
Dec 31 18:00:14 localhost kernel: [    0.425967] pps_core: LinuxPPS API ver. 1 registered
Dec 31 18:00:14 localhost kernel: [    0.430409] pps_core: Software ver. 5.3.6 - Copyright 2005-2007 Rodolfo Giometti <giometti@linux.it>
Dec 31 18:00:14 localhost kernel: [    0.439717] PTP clock support registered
Dec 31 18:00:14 localhost kernel: [    0.443827] EDAC MC: Ver: 3.0.0
Dec 31 18:00:14 localhost kernel: [    0.447790] Advanced Linux Sound Architecture Driver Initialized.
Dec 31 18:00:14 localhost kernel: [    0.453836] Switched to clocksource ttc_clocksource
Dec 31 18:00:14 localhost kernel: [    0.475660] NET: Registered protocol family 2
Dec 31 18:00:14 localhost kernel: [    0.476323] TCP established hash table entries: 4096 (order: 3, 32768 bytes)
Dec 31 18:00:14 localhost kernel: [    0.481706] TCP bind hash table entries: 4096 (order: 3, 32768 bytes)
Dec 31 18:00:14 localhost kernel: [    0.488286] TCP: Hash tables configured (established 4096 bind 4096)
Dec 31 18:00:14 localhost kernel: [    0.494497] TCP: reno registered
Dec 31 18:00:14 localhost kernel: [    0.497705] UDP hash table entries: 256 (order: 1, 8192 bytes)
Dec 31 18:00:14 localhost kernel: [    0.503566] UDP-Lite hash table entries: 256 (order: 1, 8192 bytes)
Dec 31 18:00:14 localhost kernel: [    0.510091] NET: Registered protocol family 1
Dec 31 18:00:14 localhost kernel: [    0.514589] RPC: Registered named UNIX socket transport module.
Dec 31 18:00:14 localhost kernel: [    0.520137] RPC: Registered udp transport module.
Dec 31 18:00:14 localhost kernel: [    0.524929] RPC: Registered tcp transport module.
Dec 31 18:00:14 localhost kernel: [    0.529592] RPC: Registered tcp NFSv4.1 backchannel transport module.
Dec 31 18:00:14 localhost kernel: [    0.536099] PCI: CLS 0 bytes, default 64
Dec 31 18:00:14 localhost kernel: [    0.536504] hw perfevents: enabled with ARMv7 Cortex-A9 PMU driver, 7 counters available
Dec 31 18:00:14 localhost kernel: [    0.547232] VFS: Disk quotas dquot_6.5.2
Dec 31 18:00:14 localhost kernel: [    0.548209] Dquot-cache hash table entries: 1024 (order 0, 4096 bytes)
Dec 31 18:00:14 localhost kernel: [    0.555324] NFS: Registering the id_resolver key type
Dec 31 18:00:14 localhost kernel: [    0.559766] Key type id_resolver registered
Dec 31 18:00:14 localhost kernel: [    0.563931] Key type id_legacy registered
Dec 31 18:00:14 localhost kernel: [    0.567987] jffs2: version 2.2. (NAND) (SUMMARY)  © 2001-2006 Red Hat, Inc.
Dec 31 18:00:14 localhost kernel: [    0.575212] msgmni has been set to 999
Dec 31 18:00:14 localhost kernel: [    0.579562] Block layer SCSI generic (bsg) driver version 0.4 loaded (major 249)
Dec 31 18:00:14 localhost kernel: [    0.586253] io scheduler noop registered
Dec 31 18:00:14 localhost kernel: [    0.590142] io scheduler deadline registered
Dec 31 18:00:14 localhost kernel: [    0.594492] io scheduler cfq registered (default)
Dec 31 18:00:14 localhost kernel: [    1.495732] Console: switching to colour frame buffer device 128x48
Dec 31 18:00:14 localhost kernel: [    1.524929] e0001000.serial: ttyPS0 at MMIO 0xe0001000 (irq = 82, base_baud = 3124999) is a xuartps
Dec 31 18:00:14 localhost kernel: [    1.528542] console [ttyPS0] enabled, bootconsole disabled
Dec 31 18:00:14 localhost kernel: [    1.534716] xdevcfg f8007000.ps7-dev-cfg: ioremap 0xf8007000 to e0864000
Dec 31 18:00:14 localhost kernel: [    1.557056] brd: module loaded
Dec 31 18:00:14 localhost kernel: [    1.565627] loop: module loaded
Dec 31 18:00:14 localhost kernel: [    1.575820] xqspips e000d000.ps7-qspi: master is unqueued, this is deprecated
Dec 31 18:00:14 localhost kernel: [    1.583359] m25p80 spi0.0: found s25fl256s1, expected n25q128
Dec 31 18:00:14 localhost kernel: [    1.589220] m25p80 spi0.0: s25fl256s1 (32768 Kbytes)
Dec 31 18:00:14 localhost kernel: [    1.594234] 5 ofpart partitions found on MTD device spi0.0
Dec 31 18:00:14 localhost kernel: [    1.599635] Creating 5 MTD partitions on "spi0.0":
Dec 31 18:00:14 localhost kernel: [    1.604445] 0x000000000000-0x000000100000 : "qspi-fsbl-uboot"
Dec 31 18:00:14 localhost kernel: [    1.611468] 0x000000100000-0x000000600000 : "qspi-linux"
Dec 31 18:00:14 localhost kernel: [    1.617901] 0x000000600000-0x000000620000 : "qspi-device-tree"
Dec 31 18:00:14 localhost kernel: [    1.624794] 0x000000620000-0x000000c00000 : "qspi-rootfs"
Dec 31 18:00:14 localhost kernel: [    1.631246] 0x000000c00000-0x000001000000 : "qspi-bitstream"
Dec 31 18:00:14 localhost kernel: [    1.638066] xqspips e000d000.ps7-qspi: at 0xE000D000 mapped to 0xE0866000, irq=51
Dec 31 18:00:14 localhost kernel: [    1.647927] libphy: Fixed MDIO Bus: probed
Dec 31 18:00:14 localhost kernel: [    1.653954] libphy: XEMACPS mii bus: probed
Dec 31 18:00:14 localhost kernel: [    1.658820] xemacps e000b000.ps7-ethernet: pdev->id -1, baseaddr 0xe000b000, irq 54
Dec 31 18:00:14 localhost kernel: [    1.666893] ehci_hcd: USB 2.0 'Enhanced' Host Controller (EHCI) Driver
Dec 31 18:00:14 localhost kernel: [    1.673492] ehci-pci: EHCI PCI platform driver
Dec 31 18:00:14 localhost kernel: [    1.678340] ULPI transceiver vendor/product ID 0x0451/0x1507
Dec 31 18:00:14 localhost kernel: [    1.684017] Found TI TUSB1210 ULPI transceiver.
Dec 31 18:00:14 localhost kernel: [    1.688478] ULPI integrity check: passed.
Dec 31 18:00:14 localhost kernel: [    1.692717] xusbps-ehci xusbps-ehci.0: Xilinx PS USB EHCI Host Controller
Dec 31 18:00:14 localhost kernel: [    1.699500] xusbps-ehci xusbps-ehci.0: new USB bus registered, assigned bus number 1
Dec 31 18:00:14 localhost kernel: [    1.733876] xusbps-ehci xusbps-ehci.0: irq 53, io mem 0x00000000
Dec 31 18:00:14 localhost kernel: [    1.753856] xusbps-ehci xusbps-ehci.0: USB 2.0 started, EHCI 1.00
Dec 31 18:00:14 localhost kernel: [    1.760768] hub 1-0:1.0: USB hub found
Dec 31 18:00:14 localhost kernel: [    1.764492] hub 1-0:1.0: 1 port detected
Dec 31 18:00:14 localhost kernel: [    1.768989] usbcore: registered new interface driver usb-storage
Dec 31 18:00:14 localhost kernel: [    1.775791] mousedev: PS/2 mouse device common for all mice
Dec 31 18:00:14 localhost kernel: [    1.781873] i2c /dev entries driver
Dec 31 18:00:14 localhost kernel: [    1.786131] IR NEC protocol handler initialized
Dec 31 18:00:14 localhost kernel: [    1.790573] IR RC5(x) protocol handler initialized
Dec 31 18:00:14 localhost kernel: [    1.795366] IR RC6 protocol handler initialized
Dec 31 18:00:14 localhost kernel: [    1.799863] IR JVC protocol handler initialized
Dec 31 18:00:14 localhost kernel: [    1.804397] IR Sony protocol handler initialized
Dec 31 18:00:14 localhost kernel: [    1.808969] IR RC5 (streamzap) protocol handler initialized
Dec 31 18:00:14 localhost kernel: [    1.814554] IR SANYO protocol handler initialized
Dec 31 18:00:14 localhost kernel: [    1.819217] IR MCE Keyboard/mouse protocol handler initialized
Dec 31 18:00:14 localhost kernel: [    1.825926] xadcps f8007100.ps7-xadc: enabled:	yes	reference:	external
Dec 31 18:00:14 localhost kernel: [    1.832949] zynq-edac f8006000.ps7-ddrc: ecc not enabled
Dec 31 18:00:14 localhost kernel: [    1.838515] sdhci: Secure Digital Host Controller Interface driver
Dec 31 18:00:14 localhost kernel: [    1.844635] sdhci: Copyright(c) Pierre Ossman
Dec 31 18:00:14 localhost kernel: [    1.848948] sdhci-pltfm: SDHCI platform and OF driver helper
Dec 31 18:00:14 localhost kernel: [    1.855749] mmc0: no vqmmc regulator found
Dec 31 18:00:14 localhost kernel: [    1.859768] mmc0: no vmmc regulator found
Dec 31 18:00:14 localhost kernel: [    1.863767] mmc0: Invalid maximum block size, assuming 512 bytes
Dec 31 18:00:14 localhost kernel: [    1.903894] mmc0: SDHCI controller on e0100000.ps7-sdio [e0100000.ps7-sdio] using ADMA
Dec 31 18:00:14 localhost kernel: [    1.917018] usbcore: registered new interface driver usbhid
Dec 31 18:00:14 localhost kernel: [    1.922492] usbhid: USB HID core driver
Dec 31 18:00:14 localhost kernel: [    1.927248] pmodoled-gpio-spi [zed_oled] SPI Probing
Dec 31 18:00:14 localhost kernel: [    1.953016] mmc0: new high speed SDHC card at address b368
Dec 31 18:00:14 localhost kernel: [    1.958859] mmcblk0: mmc0:b368 F0F0F 3.71 GiB 
Dec 31 18:00:14 localhost kernel: [    1.964370]  mmcblk0: p1 p2
Dec 31 18:00:14 localhost kernel: [    2.083903] usb 1-1: new high-speed USB device number 2 using xusbps-ehci
Dec 31 18:00:14 localhost kernel: [    2.099681] no UART detected at 0x1
Dec 31 18:00:14 localhost kernel: [    2.104326] TCP: cubic registered
Dec 31 18:00:14 localhost kernel: [    2.107570] NET: Registered protocol family 15
Dec 31 18:00:14 localhost kernel: [    2.112049] Key type dns_resolver registered
Dec 31 18:00:14 localhost kernel: [    2.116546] Registering SWP/SWPB emulation handler
Dec 31 18:00:14 localhost kernel: [    2.121984] registered taskstats version 1
Dec 31 18:00:14 localhost kernel: [    2.126426] drivers/rtc/hctosys.c: unable to open rtc device (rtc0)
Dec 31 18:00:14 localhost kernel: [    2.136139] ALSA device list:
Dec 31 18:00:14 localhost kernel: [    2.139033]   No soundcards found.
Dec 31 18:00:14 localhost kernel: [    2.143770] EXT4-fs (mmcblk0p2): couldn't mount as ext3 due to feature incompatibilities
Dec 31 18:00:14 localhost kernel: [    2.152489] EXT4-fs (mmcblk0p2): couldn't mount as ext2 due to feature incompatibilities
Dec 31 18:00:14 localhost kernel: [    2.247359] hub 1-1:1.0: USB hub found
Dec 31 18:00:14 localhost kernel: [    2.251433] hub 1-1:1.0: 4 ports detected
Dec 31 18:00:14 localhost kernel: [    2.534182] usb 1-1.1: new low-speed USB device number 3 using xusbps-ehci
Dec 31 18:00:14 localhost kernel: [    2.653254] input: GASIA USB KB V11 as /devices/amba.0/e0002000.ps7-usb/xusbps-ehci.0/usb1/1-1/1-1.1/1-1.1:1.0/input/input0
Dec 31 18:00:14 localhost kernel: [    2.664737] hid-generic 0003:0E8F:0022.0001: input: USB HID v1.10 Keyboard [GASIA USB KB V11] on usb-xusbps-ehci.0-1.1/input0
Dec 31 18:00:14 localhost kernel: [    2.682100] input: GASIA USB KB V11 as /devices/amba.0/e0002000.ps7-usb/xusbps-ehci.0/usb1/1-1/1-1.1/1-1.1:1.1/input/input1
Dec 31 18:00:14 localhost kernel: [    2.693583] hid-generic 0003:0E8F:0022.0002: input: USB HID v1.10 Device [GASIA USB KB V11] on usb-xusbps-ehci.0-1.1/input1
Dec 31 18:00:14 localhost kernel: [    2.784177] usb 1-1.4: new full-speed USB device number 4 using xusbps-ehci
Dec 31 18:00:14 localhost kernel: [    2.899968] input: Strix Claw Strix Claw Gaming Mouse as /devices/amba.0/e0002000.ps7-usb/xusbps-ehci.0/usb1/1-1/1-1.4/1-1.4:1.0/input/input2
Dec 31 18:00:14 localhost kernel: [    2.914142] hid-generic 0003:195D:1016.0003: input,hiddev0: USB HID v1.11 Mouse [Strix Claw Strix Claw Gaming Mouse] on usb-xusbps-ehci.0-1.4/input0
Dec 31 18:00:14 localhost kernel: [    2.929681] input: Strix Claw Strix Claw Gaming Mouse as /devices/amba.0/e0002000.ps7-usb/xusbps-ehci.0/usb1/1-1/1-1.4/1-1.4:1.1/input/input3
Dec 31 18:00:14 localhost kernel: [    3.013860] input: failed to attach handler kbd to device input3, error: -16
Dec 31 18:00:14 localhost kernel: [    3.021160] hid-generic 0003:195D:1016.0004: input: USB HID v1.11 Keyboard [Strix Claw Strix Claw Gaming Mouse] on usb-xusbps-ehci.0-1.4/input1
Dec 31 18:00:14 localhost kernel: [    3.035998] hid-generic 0003:195D:1016.0005: hiddev0: USB HID v1.11 Device [Strix Claw Strix Claw Gaming Mouse] on usb-xusbps-ehci.0-1.4/input2
Dec 31 18:00:14 localhost kernel: [   11.072862] EXT4-fs (mmcblk0p2): 3 orphan inodes deleted
Dec 31 18:00:14 localhost kernel: [   11.078115] EXT4-fs (mmcblk0p2): recovery complete
Dec 31 18:00:14 localhost kernel: [   12.065507] EXT4-fs (mmcblk0p2): mounted filesystem with ordered data mode. Opts: (null)
Dec 31 18:00:14 localhost kernel: [   12.073544] VFS: Mounted root (ext4 filesystem) on device 179:2.
Dec 31 18:00:14 localhost kernel: [   12.080290] devtmpfs: mounted
Dec 31 18:00:14 localhost kernel: [   12.083423] Freeing unused kernel memory: 196K (c0642000 - c0673000)
Dec 31 18:00:14 localhost kernel: [   14.669621] lp: driver loaded but no devices found
Dec 31 18:00:14 localhost kernel: [   14.803642] ppdev: user-space parallel port driver
Dec 31 18:00:14 localhost kernel: [   14.863472] NET: Registered protocol family 10
Dec 31 18:00:15 localhost kernel: [   15.070208] xillybus_core: module is from the staging directory, the quality is unknown, you have been warned.
Dec 31 18:00:15 localhost kernel: [   15.135752] xillybus_of: module is from the staging directory, the quality is unknown, you have been warned.
Dec 31 18:00:16 localhost kernel: [   16.117210] NET: Registered protocol family 17
Dec 31 18:00:16 localhost kernel: [   16.200173] xillybus_of 50000000.xillybus: Created 7 device files.
Dec 31 18:00:20 localhost kernel: [   20.764547] xemacps e000b000.ps7-ethernet: Set clk to 124999998 Hz
Dec 31 18:00:20 localhost kernel: [   20.764566] xemacps e000b000.ps7-ethernet: link up (1000/FULL)
Dec 31 18:00:10 localhost kernel: imklog 5.8.6, log source = /proc/kmsg started.
Dec 31 18:00:10 localhost kernel: [    0.000000] Booting Linux on physical CPU 0x0
Dec 31 18:00:10 localhost kernel: [    0.000000] Initializing cgroup subsys cpuset
Dec 31 18:00:10 localhost kernel: [    0.000000] Initializing cgroup subsys cpuacct
Dec 31 18:00:10 localhost kernel: [    0.000000] Linux version 3.12.0-xillinux-1.3 (eli@ocho.localdomain) (gcc version 4.5.1 (Sourcery G++ Lite 2010.09-62) ) #1 SMP PREEMPT Thu Mar 13 18:39:32 IST 2014
Dec 31 18:00:10 localhost kernel: [    0.000000] CPU: ARMv7 Processor [413fc090] revision 0 (ARMv7), cr=18c5387d
Dec 31 18:00:10 localhost kernel: [    0.000000] CPU: PIPT / VIPT nonaliasing data cache, VIPT aliasing instruction cache
Dec 31 18:00:10 localhost kernel: [    0.000000] Machine: Xilinx Zynq Platform, model: Xilinx Zynq
Dec 31 18:00:10 localhost kernel: [    0.000000] bootconsole [earlycon0] enabled
Dec 31 18:00:10 localhost kernel: [    0.000000] Memory policy: Data cache writealloc
Dec 31 18:00:10 localhost kernel: [    0.000000] On node 0 totalpages: 131072
Dec 31 18:00:10 localhost kernel: [    0.000000] free_area_init_node: node 0, pgdat c06bd740, node_mem_map c06f1000
Dec 31 18:00:10 localhost kernel: [    0.000000]   Normal zone: 1024 pages used for memmap
Dec 31 18:00:10 localhost kernel: [    0.000000]   Normal zone: 0 pages reserved
Dec 31 18:00:10 localhost kernel: [    0.000000]   Normal zone: 131072 pages, LIFO batch:31
Dec 31 18:00:10 localhost kernel: [    0.000000] PERCPU: Embedded 7 pages/cpu @c0af8000 s7936 r8192 d12544 u32768
Dec 31 18:00:10 localhost kernel: [    0.000000] pcpu-alloc: s7936 r8192 d12544 u32768 alloc=8*4096
Dec 31 18:00:10 localhost kernel: [    0.000000] pcpu-alloc: [0] 0 [0] 1 
Dec 31 18:00:10 localhost kernel: [    0.000000] Built 1 zonelists in Zone order, mobility grouping on.  Total pages: 130048
Dec 31 18:00:10 localhost kernel: [    0.000000] Kernel command line: console=ttyPS0,115200n8 consoleblank=0 root=/dev/mmcblk0p2 rw rootwait earlyprintk
Dec 31 18:00:10 localhost kernel: [    0.000000] PID hash table entries: 2048 (order: 1, 8192 bytes)
Dec 31 18:00:10 localhost kernel: [    0.000000] Dentry cache hash table entries: 65536 (order: 6, 262144 bytes)
Dec 31 18:00:10 localhost kernel: [    0.000000] Inode-cache hash table entries: 32768 (order: 5, 131072 bytes)
Dec 31 18:00:10 localhost kernel: [    0.000000] allocated 1048576 bytes of page_cgroup
Dec 31 18:00:10 localhost kernel: [    0.000000] please try 'cgroup_disable=memory' option if you don't want memory cgroups
Dec 31 18:00:10 localhost kernel: [    0.000000] Memory: 511536K/524288K available (4631K kernel code, 296K rwdata, 1744K rodata, 199K init, 200K bss, 12752K reserved, 0K highmem)
Dec 31 18:00:10 localhost kernel: [    0.000000] Virtual kernel memory layout:
Dec 31 18:00:10 localhost kernel: [    0.000000]     vector  : 0xffff0000 - 0xffff1000   (   4 kB)
Dec 31 18:00:10 localhost kernel: [    0.000000]     fixmap  : 0xfff00000 - 0xfffe0000   ( 896 kB)
Dec 31 18:00:10 localhost kernel: [    0.000000]     vmalloc : 0xe0800000 - 0xff000000   ( 488 MB)
Dec 31 18:00:10 localhost kernel: [    0.000000]     lowmem  : 0xc0000000 - 0xe0000000   ( 512 MB)
Dec 31 18:00:10 localhost kernel: [    0.000000]     pkmap   : 0xbfe00000 - 0xc0000000   (   2 MB)
Dec 31 18:00:10 localhost kernel: [    0.000000]     modules : 0xbf000000 - 0xbfe00000   (  14 MB)
Dec 31 18:00:10 localhost kernel: [    0.000000]       .text : 0xc0008000 - 0xc0641e24   (6376 kB)
Dec 31 18:00:10 localhost kernel: [    0.000000]       .init : 0xc0642000 - 0xc0673f00   ( 200 kB)
Dec 31 18:00:10 localhost kernel: [    0.000000]       .data : 0xc0674000 - 0xc06be3c0   ( 297 kB)
Dec 31 18:00:10 localhost kernel: [    0.000000]        .bss : 0xc06be3cc - 0xc06f065c   ( 201 kB)
Dec 31 18:00:10 localhost kernel: [    0.000000] Preemptible hierarchical RCU implementation.
Dec 31 18:00:10 localhost kernel: [    0.000000] 	Dump stacks of tasks blocking RCU-preempt GP.
Dec 31 18:00:10 localhost kernel: [    0.000000] 	RCU restricting CPUs from NR_CPUS=4 to nr_cpu_ids=2.
Dec 31 18:00:10 localhost kernel: [    0.000000] NR_IRQS:16 nr_irqs:16 16
Dec 31 18:00:10 localhost kernel: [    0.000000] ps7-slcr mapped to e0802000
Dec 31 18:00:10 localhost kernel: [    0.000000] Zynq clock init
Dec 31 18:00:10 localhost kernel: [    0.000000] sched_clock: 16 bits at 54kHz, resolution 18432ns, wraps every 1207ms
Dec 31 18:00:10 localhost kernel: [    0.000000] ps7-ttc #0 at e0804000, irq=43
Dec 31 18:00:10 localhost kernel: [    0.000000] Console: colour dummy device 80x30
Dec 31 18:00:10 localhost kernel: [    0.008644] Calibrating delay loop... 1332.01 BogoMIPS (lpj=6660096)
Dec 31 18:00:10 localhost kernel: [    0.094833] pid_max: default: 32768 minimum: 301
Dec 31 18:00:10 localhost kernel: [    0.097008] Mount-cache hash table entries: 512
Dec 31 18:00:10 localhost kernel: [    0.103478] Initializing cgroup subsys memory
Dec 31 18:00:10 localhost kernel: [    0.105837] Initializing cgroup subsys devices
Dec 31 18:00:10 localhost kernel: [    0.110224] Initializing cgroup subsys freezer
Dec 31 18:00:10 localhost kernel: [    0.114703] Initializing cgroup subsys blkio
Dec 31 18:00:10 localhost kernel: [    0.119016] Initializing cgroup subsys perf_event
Dec 31 18:00:10 localhost kernel: [    0.123808] CPU: Testing write buffer coherency: ok
Dec 31 18:00:10 localhost kernel: [    0.128914] CPU0: thread -1, cpu 0, socket 0, mpidr 80000000
Dec 31 18:00:10 localhost kernel: [    0.134352] Setting up static identity map for 0xc045ffb0 - 0xc0460008
Dec 31 18:00:10 localhost kernel: [    0.141024] L310 cache controller enabled
Dec 31 18:00:10 localhost kernel: [    0.144913] l2x0: 8 ways, CACHE_ID 0x410000c8, AUX_CTRL 0x72360000, Cache size: 512 kB
Dec 31 18:00:10 localhost kernel: [    0.205573] CPU1: Booted secondary processor
Dec 31 18:00:10 localhost kernel: [    0.294803] CPU1: thread -1, cpu 1, socket 0, mpidr 80000001
Dec 31 18:00:10 localhost kernel: [    0.294932] Brought up 2 CPUs
Dec 31 18:00:10 localhost kernel: [    0.302434] SMP: Total of 2 processors activated.
Dec 31 18:00:10 localhost kernel: [    0.307171] CPU: All CPU(s) started in SVC mode.
Dec 31 18:00:10 localhost kernel: [    0.312388] devtmpfs: initialized
Dec 31 18:00:10 localhost kernel: [    0.317567] VFP support v0.3: implementor 41 architecture 3 part 30 variant 9 rev 4
Dec 31 18:00:10 localhost kernel: [    0.323871] regulator-dummy: no parameters
Dec 31 18:00:10 localhost kernel: [    0.327484] NET: Registered protocol family 16
Dec 31 18:00:10 localhost kernel: [    0.332645] DMA: preallocated 256 KiB pool for atomic coherent allocations
Dec 31 18:00:10 localhost kernel: [    0.343335] zynq_gpio e000a000.ps7-gpio: gpio at 0xe000a000 mapped to 0xe0850000
Dec 31 18:00:10 localhost kernel: [    0.350155] hw-breakpoint: found 5 (+1 reserved) breakpoint and 1 watchpoint registers.
Dec 31 18:00:10 localhost kernel: [    0.353676] hw-breakpoint: maximum watchpoint size is 4 bytes.
Dec 31 18:00:10 localhost kernel: [    0.359629] zynq_ocm f800c000.ps7-ocmc: ZYNQ OCM pool: 256 KiB @ 0xe0880000
Dec 31 18:00:10 localhost kernel: [    0.395222] bio: create slab <bio-0> at 0
Dec 31 18:00:10 localhost kernel: [    0.396862] vgaarb: loaded
Dec 31 18:00:10 localhost kernel: [    0.397526] SCSI subsystem initialized
Dec 31 18:00:10 localhost kernel: [    0.401028] usbcore: registered new interface driver usbfs
Dec 31 18:00:10 localhost kernel: [    0.406005] usbcore: registered new interface driver hub
Dec 31 18:00:10 localhost kernel: [    0.411368] usbcore: registered new device driver usb
Dec 31 18:00:10 localhost kernel: [    0.417248] media: Linux media interface: v0.10
Dec 31 18:00:10 localhost kernel: [    0.420935] Linux video capture interface: v2.00
Dec 31 18:00:10 localhost kernel: [    0.425930] pps_core: LinuxPPS API ver. 1 registered
Dec 31 18:00:10 localhost kernel: [    0.430427] pps_core: Software ver. 5.3.6 - Copyright 2005-2007 Rodolfo Giometti <giometti@linux.it>
Dec 31 18:00:10 localhost kernel: [    0.439717] PTP clock support registered
Dec 31 18:00:10 localhost kernel: [    0.443846] EDAC MC: Ver: 3.0.0
Dec 31 18:00:10 localhost kernel: [    0.447790] Advanced Linux Sound Architecture Driver Initialized.
Dec 31 18:00:10 localhost kernel: [    0.453855] Switched to clocksource ttc_clocksource
Dec 31 18:00:10 localhost kernel: [    0.475697] NET: Registered protocol family 2
Dec 31 18:00:10 localhost kernel: [    0.476379] TCP established hash table entries: 4096 (order: 3, 32768 bytes)
Dec 31 18:00:10 localhost kernel: [    0.481761] TCP bind hash table entries: 4096 (order: 3, 32768 bytes)
Dec 31 18:00:10 localhost kernel: [    0.488710] TCP: Hash tables configured (established 4096 bind 4096)
Dec 31 18:00:10 localhost kernel: [    0.494571] TCP: reno registered
Dec 31 18:00:10 localhost kernel: [    0.497742] UDP hash table entries: 256 (order: 1, 8192 bytes)
Dec 31 18:00:10 localhost kernel: [    0.503603] UDP-Lite hash table entries: 256 (order: 1, 8192 bytes)
Dec 31 18:00:10 localhost kernel: [    0.510128] NET: Registered protocol family 1
Dec 31 18:00:10 localhost kernel: [    0.514625] RPC: Registered named UNIX socket transport module.
Dec 31 18:00:10 localhost kernel: [    0.520173] RPC: Registered udp transport module.
Dec 31 18:00:10 localhost kernel: [    0.524966] RPC: Registered tcp transport module.
Dec 31 18:00:10 localhost kernel: [    0.529648] RPC: Registered tcp NFSv4.1 backchannel transport module.
Dec 31 18:00:10 localhost kernel: [    0.536117] PCI: CLS 0 bytes, default 64
Dec 31 18:00:10 localhost kernel: [    0.536523] hw perfevents: enabled with ARMv7 Cortex-A9 PMU driver, 7 counters available
Dec 31 18:00:10 localhost kernel: [    0.547250] VFS: Disk quotas dquot_6.5.2
Dec 31 18:00:10 localhost kernel: [    0.548283] Dquot-cache hash table entries: 1024 (order 0, 4096 bytes)
Dec 31 18:00:10 localhost kernel: [    0.555342] NFS: Registering the id_resolver key type
Dec 31 18:00:10 localhost kernel: [    0.559803] Key type id_resolver registered
Dec 31 18:00:10 localhost kernel: [    0.564024] Key type id_legacy registered
Dec 31 18:00:10 localhost kernel: [    0.568023] jffs2: version 2.2. (NAND) (SUMMARY)  © 2001-2006 Red Hat, Inc.
Dec 31 18:00:10 localhost kernel: [    0.575323] msgmni has been set to 999
Dec 31 18:00:10 localhost kernel: [    0.579636] Block layer SCSI generic (bsg) driver version 0.4 loaded (major 249)
Dec 31 18:00:10 localhost kernel: [    0.586253] io scheduler noop registered
Dec 31 18:00:10 localhost kernel: [    0.590179] io scheduler deadline registered
Dec 31 18:00:10 localhost kernel: [    0.594529] io scheduler cfq registered (default)
Dec 31 18:00:10 localhost kernel: [    1.495806] Console: switching to colour frame buffer device 128x48
Dec 31 18:00:10 localhost kernel: [    1.525021] e0001000.serial: ttyPS0 at MMIO 0xe0001000 (irq = 82, base_baud = 3124999) is a xuartps
Dec 31 18:00:10 localhost kernel: [    1.528634] console [ttyPS0] enabled, bootconsole disabled
Dec 31 18:00:10 localhost kernel: [    1.534790] xdevcfg f8007000.ps7-dev-cfg: ioremap 0xf8007000 to e0864000
Dec 31 18:00:10 localhost kernel: [    1.557112] brd: module loaded
Dec 31 18:00:10 localhost kernel: [    1.565756] loop: module loaded
Dec 31 18:00:10 localhost kernel: [    1.575931] xqspips e000d000.ps7-qspi: master is unqueued, this is deprecated
Dec 31 18:00:10 localhost kernel: [    1.583470] m25p80 spi0.0: found s25fl256s1, expected n25q128
Dec 31 18:00:10 localhost kernel: [    1.589257] m25p80 spi0.0: s25fl256s1 (32768 Kbytes)
Dec 31 18:00:10 localhost kernel: [    1.594179] 5 ofpart partitions found on MTD device spi0.0
Dec 31 18:00:10 localhost kernel: [    1.599598] Creating 5 MTD partitions on "spi0.0":
Dec 31 18:00:10 localhost kernel: [    1.604464] 0x000000000000-0x000000100000 : "qspi-fsbl-uboot"
Dec 31 18:00:10 localhost kernel: [    1.611431] 0x000000100000-0x000000600000 : "qspi-linux"
Dec 31 18:00:10 localhost kernel: [    1.617809] 0x000000600000-0x000000620000 : "qspi-device-tree"
Dec 31 18:00:10 localhost kernel: [    1.624758] 0x000000620000-0x000000c00000 : "qspi-rootfs"
Dec 31 18:00:10 localhost kernel: [    1.631209] 0x000000c00000-0x000001000000 : "qspi-bitstream"
Dec 31 18:00:10 localhost kernel: [    1.638084] xqspips e000d000.ps7-qspi: at 0xE000D000 mapped to 0xE0866000, irq=51
Dec 31 18:00:10 localhost kernel: [    1.647982] libphy: Fixed MDIO Bus: probed
Dec 31 18:00:10 localhost kernel: [    1.653917] libphy: XEMACPS mii bus: probed
Dec 31 18:00:10 localhost kernel: [    1.658783] xemacps e000b000.ps7-ethernet: pdev->id -1, baseaddr 0xe000b000, irq 54
Dec 31 18:00:10 localhost kernel: [    1.666912] ehci_hcd: USB 2.0 'Enhanced' Host Controller (EHCI) Driver
Dec 31 18:00:10 localhost kernel: [    1.673511] ehci-pci: EHCI PCI platform driver
Dec 31 18:00:10 localhost kernel: [    1.678358] ULPI transceiver vendor/product ID 0x0451/0x1507
Dec 31 18:00:10 localhost kernel: [    1.684054] Found TI TUSB1210 ULPI transceiver.
Dec 31 18:00:10 localhost kernel: [    1.688514] ULPI integrity check: passed.
Dec 31 18:00:10 localhost kernel: [    1.692754] xusbps-ehci xusbps-ehci.0: Xilinx PS USB EHCI Host Controller
Dec 31 18:00:10 localhost kernel: [    1.699537] xusbps-ehci xusbps-ehci.0: new USB bus registered, assigned bus number 1
Dec 31 18:00:10 localhost kernel: [    1.733894] xusbps-ehci xusbps-ehci.0: irq 53, io mem 0x00000000
Dec 31 18:00:10 localhost kernel: [    1.753875] xusbps-ehci xusbps-ehci.0: USB 2.0 started, EHCI 1.00
Dec 31 18:00:10 localhost kernel: [    1.760805] hub 1-0:1.0: USB hub found
Dec 31 18:00:10 localhost kernel: [    1.764529] hub 1-0:1.0: 1 port detected
Dec 31 18:00:10 localhost kernel: [    1.769026] usbcore: registered new interface driver usb-storage
Dec 31 18:00:10 localhost kernel: [    1.775828] mousedev: PS/2 mouse device common for all mice
Dec 31 18:00:10 localhost kernel: [    1.781910] i2c /dev entries driver
Dec 31 18:00:10 localhost kernel: [    1.786168] IR NEC protocol handler initialized
Dec 31 18:00:10 localhost kernel: [    1.790610] IR RC5(x) protocol handler initialized
Dec 31 18:00:10 localhost kernel: [    1.795403] IR RC6 protocol handler initialized
Dec 31 18:00:10 localhost kernel: [    1.799882] IR JVC protocol handler initialized
Dec 31 18:00:10 localhost kernel: [    1.804434] IR Sony protocol handler initialized
Dec 31 18:00:10 localhost kernel: [    1.809005] IR RC5 (streamzap) protocol handler initialized
Dec 31 18:00:10 localhost kernel: [    1.814590] IR SANYO protocol handler initialized
Dec 31 18:00:10 localhost kernel: [    1.819254] IR MCE Keyboard/mouse protocol handler initialized
Dec 31 18:00:10 localhost kernel: [    1.825945] xadcps f8007100.ps7-xadc: enabled:	yes	reference:	external
Dec 31 18:00:10 localhost kernel: [    1.832967] zynq-edac f8006000.ps7-ddrc: ecc not enabled
Dec 31 18:00:10 localhost kernel: [    1.838552] sdhci: Secure Digital Host Controller Interface driver
Dec 31 18:00:10 localhost kernel: [    1.844672] sdhci: Copyright(c) Pierre Ossman
Dec 31 18:00:10 localhost kernel: [    1.848985] sdhci-pltfm: SDHCI platform and OF driver helper
Dec 31 18:00:10 localhost kernel: [    1.854791] mmc0: no vqmmc regulator found
Dec 31 18:00:10 localhost kernel: [    1.858809] mmc0: no vmmc regulator found
Dec 31 18:00:10 localhost kernel: [    1.862790] mmc0: Invalid maximum block size, assuming 512 bytes
Dec 31 18:00:10 localhost kernel: [    1.913884] mmc0: SDHCI controller on e0100000.ps7-sdio [e0100000.ps7-sdio] using ADMA
Dec 31 18:00:10 localhost kernel: [    1.927027] usbcore: registered new interface driver usbhid
Dec 31 18:00:10 localhost kernel: [    1.932519] usbhid: USB HID core driver
Dec 31 18:00:10 localhost kernel: [    1.937275] pmodoled-gpio-spi [zed_oled] SPI Probing
Dec 31 18:00:10 localhost kernel: [    1.963043] mmc0: new high speed SDHC card at address b368
Dec 31 18:00:10 localhost kernel: [    1.968849] mmcblk0: mmc0:b368 F0F0F 3.71 GiB 
Dec 31 18:00:10 localhost kernel: [    1.974342]  mmcblk0: p1 p2
Dec 31 18:00:10 localhost kernel: [    2.093911] usb 1-1: new high-speed USB device number 2 using xusbps-ehci
Dec 31 18:00:10 localhost kernel: [    2.109708] no UART detected at 0x1
Dec 31 18:00:10 localhost kernel: [    2.114371] TCP: cubic registered
Dec 31 18:00:10 localhost kernel: [    2.117634] NET: Registered protocol family 15
Dec 31 18:00:10 localhost kernel: [    2.122113] Key type dns_resolver registered
Dec 31 18:00:10 localhost kernel: [    2.126573] Registering SWP/SWPB emulation handler
Dec 31 18:00:10 localhost kernel: [    2.132029] registered taskstats version 1
Dec 31 18:00:10 localhost kernel: [    2.136508] drivers/rtc/hctosys.c: unable to open rtc device (rtc0)
Dec 31 18:00:10 localhost kernel: [    2.146240] ALSA device list:
Dec 31 18:00:10 localhost kernel: [    2.149116]   No soundcards found.
Dec 31 18:00:10 localhost kernel: [    2.153632] EXT4-fs (mmcblk0p2): couldn't mount as ext3 due to feature incompatibilities
Dec 31 18:00:10 localhost kernel: [    2.162276] EXT4-fs (mmcblk0p2): couldn't mount as ext2 due to feature incompatibilities
Dec 31 18:00:10 localhost kernel: [    2.246954] hub 1-1:1.0: USB hub found
Dec 31 18:00:10 localhost kernel: [    2.250953] hub 1-1:1.0: 4 ports detected
Dec 31 18:00:10 localhost kernel: [    2.534219] usb 1-1.1: new low-speed USB device number 3 using xusbps-ehci
Dec 31 18:00:10 localhost kernel: [    2.653291] input: GASIA USB KB V11 as /devices/amba.0/e0002000.ps7-usb/xusbps-ehci.0/usb1/1-1/1-1.1/1-1.1:1.0/input/input0
Dec 31 18:00:10 localhost kernel: [    2.664755] hid-generic 0003:0E8F:0022.0001: input: USB HID v1.10 Keyboard [GASIA USB KB V11] on usb-xusbps-ehci.0-1.1/input0
Dec 31 18:00:10 localhost kernel: [    2.682137] input: GASIA USB KB V11 as /devices/amba.0/e0002000.ps7-usb/xusbps-ehci.0/usb1/1-1/1-1.1/1-1.1:1.1/input/input1
Dec 31 18:00:10 localhost kernel: [    2.693583] hid-generic 0003:0E8F:0022.0002: input: USB HID v1.10 Device [GASIA USB KB V11] on usb-xusbps-ehci.0-1.1/input1
Dec 31 18:00:10 localhost kernel: [    2.784214] usb 1-1.4: new full-speed USB device number 4 using xusbps-ehci
Dec 31 18:00:10 localhost kernel: [    2.900245] input: Strix Claw Strix Claw Gaming Mouse as /devices/amba.0/e0002000.ps7-usb/xusbps-ehci.0/usb1/1-1/1-1.4/1-1.4:1.0/input/input2
Dec 31 18:00:10 localhost kernel: [    2.914456] hid-generic 0003:195D:1016.0003: input,hiddev0: USB HID v1.11 Mouse [Strix Claw Strix Claw Gaming Mouse] on usb-xusbps-ehci.0-1.4/input0
Dec 31 18:00:10 localhost kernel: [    2.930086] input: Strix Claw Strix Claw Gaming Mouse as /devices/amba.0/e0002000.ps7-usb/xusbps-ehci.0/usb1/1-1/1-1.4/1-1.4:1.1/input/input3
Dec 31 18:00:10 localhost kernel: [    3.013879] input: failed to attach handler kbd to device input3, error: -16
Dec 31 18:00:10 localhost kernel: [    3.021178] hid-generic 0003:195D:1016.0004: input: USB HID v1.11 Keyboard [Strix Claw Strix Claw Gaming Mouse] on usb-xusbps-ehci.0-1.4/input1
Dec 31 18:00:10 localhost kernel: [    3.036016] hid-generic 0003:195D:1016.0005: hiddev0: USB HID v1.11 Device [Strix Claw Strix Claw Gaming Mouse] on usb-xusbps-ehci.0-1.4/input2
Dec 31 18:00:10 localhost kernel: [    5.980185] EXT4-fs (mmcblk0p2): 15 orphan inodes deleted
Dec 31 18:00:10 localhost kernel: [    5.985530] EXT4-fs (mmcblk0p2): recovery complete
Dec 31 18:00:10 localhost kernel: [    8.022118] EXT4-fs (mmcblk0p2): mounted filesystem with ordered data mode. Opts: (null)
Dec 31 18:00:10 localhost kernel: [    8.030173] VFS: Mounted root (ext4 filesystem) on device 179:2.
Dec 31 18:00:10 localhost kernel: [    8.038873] devtmpfs: mounted
Dec 31 18:00:10 localhost kernel: [    8.042025] Freeing unused kernel memory: 196K (c0642000 - c0673000)
Dec 31 18:00:10 localhost kernel: [   10.843381] lp: driver loaded but no devices found
Dec 31 18:00:10 localhost kernel: [   10.952260] ppdev: user-space parallel port driver
Dec 31 18:00:11 localhost kernel: [   11.039168] xillybus_core: module is from the staging directory, the quality is unknown, you have been warned.
Dec 31 18:00:11 localhost kernel: [   11.140102] xillybus_of: module is from the staging directory, the quality is unknown, you have been warned.
Dec 31 18:00:11 localhost kernel: [   11.408880] NET: Registered protocol family 10
Dec 31 18:00:12 localhost kernel: [   12.227581] xillybus_of 50000000.xillybus: Created 7 device files.
Dec 31 18:00:12 localhost kernel: [   12.672773] NET: Registered protocol family 17
Dec 31 18:00:17 localhost kernel: [   17.294564] xemacps e000b000.ps7-ethernet: Set clk to 124999998 Hz
Dec 31 18:00:17 localhost kernel: [   17.294582] xemacps e000b000.ps7-ethernet: link up (1000/FULL)
Dec 31 18:00:17 localhost kernel: imklog 5.8.6, log source = /proc/kmsg started.
Dec 31 18:00:17 localhost kernel: [    0.000000] Booting Linux on physical CPU 0x0
Dec 31 18:00:17 localhost kernel: [    0.000000] Initializing cgroup subsys cpuset
Dec 31 18:00:17 localhost kernel: [    0.000000] Initializing cgroup subsys cpuacct
Dec 31 18:00:17 localhost kernel: [    0.000000] Linux version 3.12.0-xillinux-1.3 (eli@ocho.localdomain) (gcc version 4.5.1 (Sourcery G++ Lite 2010.09-62) ) #1 SMP PREEMPT Thu Mar 13 18:39:32 IST 2014
Dec 31 18:00:17 localhost kernel: [    0.000000] CPU: ARMv7 Processor [413fc090] revision 0 (ARMv7), cr=18c5387d
Dec 31 18:00:17 localhost kernel: [    0.000000] CPU: PIPT / VIPT nonaliasing data cache, VIPT aliasing instruction cache
Dec 31 18:00:17 localhost kernel: [    0.000000] Machine: Xilinx Zynq Platform, model: Xilinx Zynq
Dec 31 18:00:17 localhost kernel: [    0.000000] bootconsole [earlycon0] enabled
Dec 31 18:00:17 localhost kernel: [    0.000000] Memory policy: Data cache writealloc
Dec 31 18:00:17 localhost kernel: [    0.000000] On node 0 totalpages: 131072
Dec 31 18:00:17 localhost kernel: [    0.000000] free_area_init_node: node 0, pgdat c06bd740, node_mem_map c06f1000
Dec 31 18:00:17 localhost kernel: [    0.000000]   Normal zone: 1024 pages used for memmap
Dec 31 18:00:17 localhost kernel: [    0.000000]   Normal zone: 0 pages reserved
Dec 31 18:00:17 localhost kernel: [    0.000000]   Normal zone: 131072 pages, LIFO batch:31
Dec 31 18:00:17 localhost kernel: [    0.000000] PERCPU: Embedded 7 pages/cpu @c0af8000 s7936 r8192 d12544 u32768
Dec 31 18:00:17 localhost kernel: [    0.000000] pcpu-alloc: s7936 r8192 d12544 u32768 alloc=8*4096
Dec 31 18:00:17 localhost kernel: [    0.000000] pcpu-alloc: [0] 0 [0] 1 
Dec 31 18:00:17 localhost kernel: [    0.000000] Built 1 zonelists in Zone order, mobility grouping on.  Total pages: 130048
Dec 31 18:00:17 localhost kernel: [    0.000000] Kernel command line: console=ttyPS0,115200n8 consoleblank=0 root=/dev/mmcblk0p2 rw rootwait earlyprintk
Dec 31 18:00:17 localhost kernel: [    0.000000] PID hash table entries: 2048 (order: 1, 8192 bytes)
Dec 31 18:00:17 localhost kernel: [    0.000000] Dentry cache hash table entries: 65536 (order: 6, 262144 bytes)
Dec 31 18:00:17 localhost kernel: [    0.000000] Inode-cache hash table entries: 32768 (order: 5, 131072 bytes)
Dec 31 18:00:17 localhost kernel: [    0.000000] allocated 1048576 bytes of page_cgroup
Dec 31 18:00:17 localhost kernel: [    0.000000] please try 'cgroup_disable=memory' option if you don't want memory cgroups
Dec 31 18:00:17 localhost kernel: [    0.000000] Memory: 511536K/524288K available (4631K kernel code, 296K rwdata, 1744K rodata, 199K init, 200K bss, 12752K reserved, 0K highmem)
Dec 31 18:00:17 localhost kernel: [    0.000000] Virtual kernel memory layout:
Dec 31 18:00:17 localhost kernel: [    0.000000]     vector  : 0xffff0000 - 0xffff1000   (   4 kB)
Dec 31 18:00:17 localhost kernel: [    0.000000]     fixmap  : 0xfff00000 - 0xfffe0000   ( 896 kB)
Dec 31 18:00:17 localhost kernel: [    0.000000]     vmalloc : 0xe0800000 - 0xff000000   ( 488 MB)
Dec 31 18:00:17 localhost kernel: [    0.000000]     lowmem  : 0xc0000000 - 0xe0000000   ( 512 MB)
Dec 31 18:00:17 localhost kernel: [    0.000000]     pkmap   : 0xbfe00000 - 0xc0000000   (   2 MB)
Dec 31 18:00:17 localhost kernel: [    0.000000]     modules : 0xbf000000 - 0xbfe00000   (  14 MB)
Dec 31 18:00:17 localhost kernel: [    0.000000]       .text : 0xc0008000 - 0xc0641e24   (6376 kB)
Dec 31 18:00:17 localhost kernel: [    0.000000]       .init : 0xc0642000 - 0xc0673f00   ( 200 kB)
Dec 31 18:00:17 localhost kernel: [    0.000000]       .data : 0xc0674000 - 0xc06be3c0   ( 297 kB)
Dec 31 18:00:17 localhost kernel: [    0.000000]        .bss : 0xc06be3cc - 0xc06f065c   ( 201 kB)
Dec 31 18:00:17 localhost kernel: [    0.000000] Preemptible hierarchical RCU implementation.
Dec 31 18:00:17 localhost kernel: [    0.000000] 	Dump stacks of tasks blocking RCU-preempt GP.
Dec 31 18:00:17 localhost kernel: [    0.000000] 	RCU restricting CPUs from NR_CPUS=4 to nr_cpu_ids=2.
Dec 31 18:00:17 localhost kernel: [    0.000000] NR_IRQS:16 nr_irqs:16 16
Dec 31 18:00:17 localhost kernel: [    0.000000] ps7-slcr mapped to e0802000
Dec 31 18:00:17 localhost kernel: [    0.000000] Zynq clock init
Dec 31 18:00:17 localhost kernel: [    0.000000] sched_clock: 16 bits at 54kHz, resolution 18432ns, wraps every 1207ms
Dec 31 18:00:17 localhost kernel: [    0.000000] ps7-ttc #0 at e0804000, irq=43
Dec 31 18:00:17 localhost kernel: [    0.000000] Console: colour dummy device 80x30
Dec 31 18:00:17 localhost kernel: [    0.008663] Calibrating delay loop... 1332.01 BogoMIPS (lpj=6660096)
Dec 31 18:00:17 localhost kernel: [    0.094851] pid_max: default: 32768 minimum: 301
Dec 31 18:00:17 localhost kernel: [    0.097026] Mount-cache hash table entries: 512
Dec 31 18:00:17 localhost kernel: [    0.103515] Initializing cgroup subsys memory
Dec 31 18:00:17 localhost kernel: [    0.105855] Initializing cgroup subsys devices
Dec 31 18:00:17 localhost kernel: [    0.110242] Initializing cgroup subsys freezer
Dec 31 18:00:17 localhost kernel: [    0.114721] Initializing cgroup subsys blkio
Dec 31 18:00:17 localhost kernel: [    0.119034] Initializing cgroup subsys perf_event
Dec 31 18:00:17 localhost kernel: [    0.123827] CPU: Testing write buffer coherency: ok
Dec 31 18:00:17 localhost kernel: [    0.128932] CPU0: thread -1, cpu 0, socket 0, mpidr 80000000
Dec 31 18:00:17 localhost kernel: [    0.134370] Setting up static identity map for 0xc045ffb0 - 0xc0460008
Dec 31 18:00:17 localhost kernel: [    0.141042] L310 cache controller enabled
Dec 31 18:00:17 localhost kernel: [    0.144932] l2x0: 8 ways, CACHE_ID 0x410000c8, AUX_CTRL 0x72360000, Cache size: 512 kB
Dec 31 18:00:17 localhost kernel: [    0.205592] CPU1: Booted secondary processor
Dec 31 18:00:17 localhost kernel: [    0.294822] CPU1: thread -1, cpu 1, socket 0, mpidr 80000001
Dec 31 18:00:17 localhost kernel: [    0.294951] Brought up 2 CPUs
Dec 31 18:00:17 localhost kernel: [    0.302453] SMP: Total of 2 processors activated.
Dec 31 18:00:17 localhost kernel: [    0.307190] CPU: All CPU(s) started in SVC mode.
Dec 31 18:00:17 localhost kernel: [    0.312406] devtmpfs: initialized
Dec 31 18:00:17 localhost kernel: [    0.317622] VFP support v0.3: implementor 41 architecture 3 part 30 variant 9 rev 4
Dec 31 18:00:17 localhost kernel: [    0.323889] regulator-dummy: no parameters
Dec 31 18:00:17 localhost kernel: [    0.327521] NET: Registered protocol family 16
Dec 31 18:00:17 localhost kernel: [    0.332700] DMA: preallocated 256 KiB pool for atomic coherent allocations
Dec 31 18:00:17 localhost kernel: [    0.343354] zynq_gpio e000a000.ps7-gpio: gpio at 0xe000a000 mapped to 0xe0850000
Dec 31 18:00:17 localhost kernel: [    0.350174] hw-breakpoint: found 5 (+1 reserved) breakpoint and 1 watchpoint registers.
Dec 31 18:00:17 localhost kernel: [    0.353713] hw-breakpoint: maximum watchpoint size is 4 bytes.
Dec 31 18:00:17 localhost kernel: [    0.359666] zynq_ocm f800c000.ps7-ocmc: ZYNQ OCM pool: 256 KiB @ 0xe0880000
Dec 31 18:00:17 localhost kernel: [    0.395646] bio: create slab <bio-0> at 0
Dec 31 18:00:17 localhost kernel: [    0.396899] vgaarb: loaded
Dec 31 18:00:17 localhost kernel: [    0.397618] SCSI subsystem initialized
Dec 31 18:00:17 localhost kernel: [    0.401452] usbcore: registered new interface driver usbfs
Dec 31 18:00:17 localhost kernel: [    0.406926] usbcore: registered new interface driver hub
Dec 31 18:00:17 localhost kernel: [    0.411792] usbcore: registered new device driver usb
Dec 31 18:00:17 localhost kernel: [    0.417211] media: Linux media interface: v0.10
Dec 31 18:00:17 localhost kernel: [    0.421340] Linux video capture interface: v2.00
Dec 31 18:00:17 localhost kernel: [    0.426335] pps_core: LinuxPPS API ver. 1 registered
Dec 31 18:00:17 localhost kernel: [    0.430851] pps_core: Software ver. 5.3.6 - Copyright 2005-2007 Rodolfo Giometti <giometti@linux.it>
Dec 31 18:00:17 localhost kernel: [    0.440123] PTP clock support registered
Dec 31 18:00:17 localhost kernel: [    0.444270] EDAC MC: Ver: 3.0.0
Dec 31 18:00:17 localhost kernel: [    0.448214] Advanced Linux Sound Architecture Driver Initialized.
Dec 31 18:00:17 localhost kernel: [    0.454297] Switched to clocksource ttc_clocksource
Dec 31 18:00:17 localhost kernel: [    0.476250] NET: Registered protocol family 2
Dec 31 18:00:17 localhost kernel: [    0.476913] TCP established hash table entries: 4096 (order: 3, 32768 bytes)
Dec 31 18:00:17 localhost kernel: [    0.482295] TCP bind hash table entries: 4096 (order: 3, 32768 bytes)
Dec 31 18:00:17 localhost kernel: [    0.488949] TCP: Hash tables configured (established 4096 bind 4096)
Dec 31 18:00:17 localhost kernel: [    0.495087] TCP: reno registered
Dec 31 18:00:17 localhost kernel: [    0.498295] UDP hash table entries: 256 (order: 1, 8192 bytes)
Dec 31 18:00:17 localhost kernel: [    0.504156] UDP-Lite hash table entries: 256 (order: 1, 8192 bytes)
Dec 31 18:00:17 localhost kernel: [    0.510736] NET: Registered protocol family 1
Dec 31 18:00:17 localhost kernel: [    0.515178] RPC: Registered named UNIX socket transport module.
Dec 31 18:00:17 localhost kernel: [    0.520726] RPC: Registered udp transport module.
Dec 31 18:00:17 localhost kernel: [    0.525537] RPC: Registered tcp transport module.
Dec 31 18:00:17 localhost kernel: [    0.530182] RPC: Registered tcp NFSv4.1 backchannel transport module.
Dec 31 18:00:17 localhost kernel: [    0.536670] PCI: CLS 0 bytes, default 64
Dec 31 18:00:17 localhost kernel: [    0.537076] hw perfevents: enabled with ARMv7 Cortex-A9 PMU driver, 7 counters available
Dec 31 18:00:17 localhost kernel: [    0.547822] VFS: Disk quotas dquot_6.5.2
Dec 31 18:00:17 localhost kernel: [    0.548817] Dquot-cache hash table entries: 1024 (order 0, 4096 bytes)
Dec 31 18:00:17 localhost kernel: [    0.555895] NFS: Registering the id_resolver key type
Dec 31 18:00:17 localhost kernel: [    0.560337] Key type id_resolver registered
Dec 31 18:00:17 localhost kernel: [    0.564577] Key type id_legacy registered
Dec 31 18:00:17 localhost kernel: [    0.568576] jffs2: version 2.2. (NAND) (SUMMARY)  © 2001-2006 Red Hat, Inc.
Dec 31 18:00:17 localhost kernel: [    0.575839] msgmni has been set to 999
Dec 31 18:00:17 localhost kernel: [    0.580152] Block layer SCSI generic (bsg) driver version 0.4 loaded (major 249)
Dec 31 18:00:17 localhost kernel: [    0.586861] io scheduler noop registered
Dec 31 18:00:17 localhost kernel: [    0.590732] io scheduler deadline registered
Dec 31 18:00:17 localhost kernel: [    0.595082] io scheduler cfq registered (default)
Dec 31 18:00:17 localhost kernel: [    1.496378] Console: switching to colour frame buffer device 128x48
Dec 31 18:00:17 localhost kernel: [    1.525611] e0001000.serial: ttyPS0 at MMIO 0xe0001000 (irq = 82, base_baud = 3124999) is a xuartps
Dec 31 18:00:17 localhost kernel: [    1.529224] console [ttyPS0] enabled, bootconsole disabled
Dec 31 18:00:17 localhost kernel: [    1.535380] xdevcfg f8007000.ps7-dev-cfg: ioremap 0xf8007000 to e0864000
Dec 31 18:00:17 localhost kernel: [    1.557720] brd: module loaded
Dec 31 18:00:17 localhost kernel: [    1.566254] loop: module loaded
Dec 31 18:00:17 localhost kernel: [    1.576410] xqspips e000d000.ps7-qspi: master is unqueued, this is deprecated
Dec 31 18:00:17 localhost kernel: [    1.583949] m25p80 spi0.0: found s25fl256s1, expected n25q128
Dec 31 18:00:17 localhost kernel: [    1.589939] m25p80 spi0.0: s25fl256s1 (32768 Kbytes)
Dec 31 18:00:17 localhost kernel: [    1.594953] 5 ofpart partitions found on MTD device spi0.0
Dec 31 18:00:17 localhost kernel: [    1.600353] Creating 5 MTD partitions on "spi0.0":
Dec 31 18:00:17 localhost kernel: [    1.605146] 0x000000000000-0x000000100000 : "qspi-fsbl-uboot"
Dec 31 18:00:17 localhost kernel: [    1.612150] 0x000000100000-0x000000600000 : "qspi-linux"
Dec 31 18:00:17 localhost kernel: [    1.618583] 0x000000600000-0x000000620000 : "qspi-device-tree"
Dec 31 18:00:17 localhost kernel: [    1.625513] 0x000000620000-0x000000c00000 : "qspi-rootfs"
Dec 31 18:00:17 localhost kernel: [    1.631965] 0x000000c00000-0x000001000000 : "qspi-bitstream"
Dec 31 18:00:17 localhost kernel: [    1.638766] xqspips e000d000.ps7-qspi: at 0xE000D000 mapped to 0xE0866000, irq=51
Dec 31 18:00:17 localhost kernel: [    1.648627] libphy: Fixed MDIO Bus: probed
Dec 31 18:00:17 localhost kernel: [    1.654544] libphy: XEMACPS mii bus: probed
Dec 31 18:00:17 localhost kernel: [    1.659428] xemacps e000b000.ps7-ethernet: pdev->id -1, baseaddr 0xe000b000, irq 54
Dec 31 18:00:17 localhost kernel: [    1.667539] ehci_hcd: USB 2.0 'Enhanced' Host Controller (EHCI) Driver
Dec 31 18:00:17 localhost kernel: [    1.674137] ehci-pci: EHCI PCI platform driver
Dec 31 18:00:17 localhost kernel: [    1.678985] ULPI transceiver vendor/product ID 0x0451/0x1507
Dec 31 18:00:17 localhost kernel: [    1.684681] Found TI TUSB1210 ULPI transceiver.
Dec 31 18:00:17 localhost kernel: [    1.689141] ULPI integrity check: passed.
Dec 31 18:00:17 localhost kernel: [    1.693381] xusbps-ehci xusbps-ehci.0: Xilinx PS USB EHCI Host Controller
Dec 31 18:00:17 localhost kernel: [    1.700145] xusbps-ehci xusbps-ehci.0: new USB bus registered, assigned bus number 1
Dec 31 18:00:17 localhost kernel: [    1.734337] xusbps-ehci xusbps-ehci.0: irq 53, io mem 0x00000000
Dec 31 18:00:17 localhost kernel: [    1.754317] xusbps-ehci xusbps-ehci.0: USB 2.0 started, EHCI 1.00
Dec 31 18:00:17 localhost kernel: [    1.761229] hub 1-0:1.0: USB hub found
Dec 31 18:00:17 localhost kernel: [    1.764953] hub 1-0:1.0: 1 port detected
Dec 31 18:00:17 localhost kernel: [    1.769468] usbcore: registered new interface driver usb-storage
Dec 31 18:00:17 localhost kernel: [    1.776270] mousedev: PS/2 mouse device common for all mice
Dec 31 18:00:17 localhost kernel: [    1.782334] i2c /dev entries driver
Dec 31 18:00:17 localhost kernel: [    1.786610] IR NEC protocol handler initialized
Dec 31 18:00:17 localhost kernel: [    1.791053] IR RC5(x) protocol handler initialized
Dec 31 18:00:17 localhost kernel: [    1.795863] IR RC6 protocol handler initialized
Dec 31 18:00:17 localhost kernel: [    1.800342] IR JVC protocol handler initialized
Dec 31 18:00:17 localhost kernel: [    1.804895] IR Sony protocol handler initialized
Dec 31 18:00:17 localhost kernel: [    1.809466] IR RC5 (streamzap) protocol handler initialized
Dec 31 18:00:17 localhost kernel: [    1.815033] IR SANYO protocol handler initialized
Dec 31 18:00:17 localhost kernel: [    1.819696] IR MCE Keyboard/mouse protocol handler initialized
Dec 31 18:00:17 localhost kernel: [    1.826405] xadcps f8007100.ps7-xadc: enabled:	yes	reference:	external
Dec 31 18:00:17 localhost kernel: [    1.833446] zynq-edac f8006000.ps7-ddrc: ecc not enabled
Dec 31 18:00:17 localhost kernel: [    1.839013] sdhci: Secure Digital Host Controller Interface driver
Dec 31 18:00:17 localhost kernel: [    1.845114] sdhci: Copyright(c) Pierre Ossman
Dec 31 18:00:17 localhost kernel: [    1.849446] sdhci-pltfm: SDHCI platform and OF driver helper
Dec 31 18:00:17 localhost kernel: [    1.855233] mmc0: no vqmmc regulator found
Dec 31 18:00:17 localhost kernel: [    1.859252] mmc0: no vmmc regulator found
Dec 31 18:00:17 localhost kernel: [    1.863233] mmc0: Invalid maximum block size, assuming 512 bytes
Dec 31 18:00:17 localhost kernel: [    1.904318] mmc0: SDHCI controller on e0100000.ps7-sdio [e0100000.ps7-sdio] using ADMA
Dec 31 18:00:17 localhost kernel: [    1.917516] usbcore: registered new interface driver usbhid
Dec 31 18:00:17 localhost kernel: [    1.923027] usbhid: USB HID core driver
Dec 31 18:00:17 localhost kernel: [    1.931764] pmodoled-gpio-spi [zed_oled] SPI Probing
Dec 31 18:00:17 localhost kernel: [    1.973512] mmc0: new high speed SDHC card at address b368
Dec 31 18:00:17 localhost kernel: [    1.979337] mmcblk0: mmc0:b368 F0F0F 3.71 GiB 
Dec 31 18:00:17 localhost kernel: [    1.984848]  mmcblk0: p1 p2
Dec 31 18:00:17 localhost kernel: [    2.084345] usb 1-1: new high-speed USB device number 2 using xusbps-ehci
Dec 31 18:00:17 localhost kernel: [    2.120140] no UART detected at 0x1
Dec 31 18:00:17 localhost kernel: [    2.124804] TCP: cubic registered
Dec 31 18:00:17 localhost kernel: [    2.128066] NET: Registered protocol family 15
Dec 31 18:00:17 localhost kernel: [    2.132545] Key type dns_resolver registered
Dec 31 18:00:17 localhost kernel: [    2.136987] Registering SWP/SWPB emulation handler
Dec 31 18:00:17 localhost kernel: [    2.142462] registered taskstats version 1
Dec 31 18:00:17 localhost kernel: [    2.146904] drivers/rtc/hctosys.c: unable to open rtc device (rtc0)
Dec 31 18:00:17 localhost kernel: [    2.156581] ALSA device list:
Dec 31 18:00:17 localhost kernel: [    2.159475]   No soundcards found.
Dec 31 18:00:17 localhost kernel: [    2.164009] EXT4-fs (mmcblk0p2): couldn't mount as ext3 due to feature incompatibilities
Dec 31 18:00:17 localhost kernel: [    2.172617] EXT4-fs (mmcblk0p2): couldn't mount as ext2 due to feature incompatibilities
Dec 31 18:00:17 localhost kernel: [    2.237885] hub 1-1:1.0: USB hub found
Dec 31 18:00:17 localhost kernel: [    2.241940] hub 1-1:1.0: 4 ports detected
Dec 31 18:00:17 localhost kernel: [    2.524708] usb 1-1.1: new low-speed USB device number 3 using xusbps-ehci
Dec 31 18:00:17 localhost kernel: [    2.644462] input: GASIA USB KB V11 as /devices/amba.0/e0002000.ps7-usb/xusbps-ehci.0/usb1/1-1/1-1.1/1-1.1:1.0/input/input0
Dec 31 18:00:17 localhost kernel: [    2.655945] hid-generic 0003:0E8F:0022.0001: input: USB HID v1.10 Keyboard [GASIA USB KB V11] on usb-xusbps-ehci.0-1.1/input0
Dec 31 18:00:17 localhost kernel: [    2.673253] input: GASIA USB KB V11 as /devices/amba.0/e0002000.ps7-usb/xusbps-ehci.0/usb1/1-1/1-1.1/1-1.1:1.1/input/input1
Dec 31 18:00:17 localhost kernel: [    2.684736] hid-generic 0003:0E8F:0022.0002: input: USB HID v1.10 Device [GASIA USB KB V11] on usb-xusbps-ehci.0-1.1/input1
Dec 31 18:00:17 localhost kernel: [    2.774703] usb 1-1.4: new full-speed USB device number 4 using xusbps-ehci
Dec 31 18:00:17 localhost kernel: [    2.890365] input: Strix Claw Strix Claw Gaming Mouse as /devices/amba.0/e0002000.ps7-usb/xusbps-ehci.0/usb1/1-1/1-1.4/1-1.4:1.0/input/input2
Dec 31 18:00:17 localhost kernel: [    2.904668] hid-generic 0003:195D:1016.0003: input,hiddev0: USB HID v1.11 Mouse [Strix Claw Strix Claw Gaming Mouse] on usb-xusbps-ehci.0-1.4/input0
Dec 31 18:00:17 localhost kernel: [    2.920207] input: Strix Claw Strix Claw Gaming Mouse as /devices/amba.0/e0002000.ps7-usb/xusbps-ehci.0/usb1/1-1/1-1.4/1-1.4:1.1/input/input3
Dec 31 18:00:17 localhost kernel: [    3.004313] input: failed to attach handler kbd to device input3, error: -16
Dec 31 18:00:17 localhost kernel: [    3.011612] hid-generic 0003:195D:1016.0004: input: USB HID v1.11 Keyboard [Strix Claw Strix Claw Gaming Mouse] on usb-xusbps-ehci.0-1.4/input1
Dec 31 18:00:17 localhost kernel: [    3.026487] hid-generic 0003:195D:1016.0005: hiddev0: USB HID v1.11 Device [Strix Claw Strix Claw Gaming Mouse] on usb-xusbps-ehci.0-1.4/input2
Dec 31 18:00:17 localhost kernel: [   13.666691] EXT4-fs (mmcblk0p2): 8 orphan inodes deleted
Dec 31 18:00:17 localhost kernel: [   13.671907] EXT4-fs (mmcblk0p2): recovery complete
Dec 31 18:00:17 localhost kernel: [   14.869795] EXT4-fs (mmcblk0p2): mounted filesystem with ordered data mode. Opts: (null)
Dec 31 18:00:17 localhost kernel: [   14.877850] VFS: Mounted root (ext4 filesystem) on device 179:2.
Dec 31 18:00:17 localhost kernel: [   14.884596] devtmpfs: mounted
Dec 31 18:00:17 localhost kernel: [   14.887729] Freeing unused kernel memory: 196K (c0642000 - c0673000)
Dec 31 18:00:17 localhost kernel: [   17.880264] lp: driver loaded but no devices found
Dec 31 18:00:17 localhost kernel: [   17.918935] xillybus_core: module is from the staging directory, the quality is unknown, you have been warned.
Dec 31 18:00:18 localhost kernel: [   18.043094] xillybus_of: module is from the staging directory, the quality is unknown, you have been warned.
Dec 31 18:00:18 localhost kernel: [   18.199472] ppdev: user-space parallel port driver
Dec 31 18:00:18 localhost kernel: [   18.582529] NET: Registered protocol family 10
Dec 31 18:00:18 localhost kernel: [   18.827567] xillybus_of 50000000.xillybus: Created 7 device files.
Dec 31 18:00:19 localhost kernel: [   19.685252] NET: Registered protocol family 17
Dec 31 18:00:24 localhost kernel: [   24.365030] xemacps e000b000.ps7-ethernet: Set clk to 124999998 Hz
Dec 31 18:00:24 localhost kernel: [   24.365048] xemacps e000b000.ps7-ethernet: link up (1000/FULL)
Dec 31 18:28:38 localhost kernel: [ 1718.365029] xemacps e000b000.ps7-ethernet: link down
Dec 31 19:01:45 localhost kernel: [ 3705.821869] hub 1-1:1.0: port 1 disabled by hub (EMI?), re-enabling...
Dec 31 19:01:45 localhost kernel: [ 3705.829758] usb 1-1.1: USB disconnect, device number 3
Dec 31 19:01:46 localhost kernel: [ 3706.484763] usb 1-1.1: new low-speed USB device number 5 using xusbps-ehci
Dec 31 19:01:46 localhost kernel: [ 3706.613843] input: GASIA USB KB V11 as /devices/amba.0/e0002000.ps7-usb/xusbps-ehci.0/usb1/1-1/1-1.1/1-1.1:1.0/input/input4
Dec 31 19:01:46 localhost kernel: [ 3706.614949] hid-generic 0003:0E8F:0022.0006: input: USB HID v1.10 Keyboard [GASIA USB KB V11] on usb-xusbps-ehci.0-1.1/input0
Dec 31 19:01:46 localhost kernel: [ 3706.621677] input: GASIA USB KB V11 as /devices/amba.0/e0002000.ps7-usb/xusbps-ehci.0/usb1/1-1/1-1.1/1-1.1:1.1/input/input5
Dec 31 19:01:46 localhost kernel: [ 3706.622396] hid-generic 0003:0E8F:0022.0007: input: USB HID v1.10 Device [GASIA USB KB V11] on usb-xusbps-ehci.0-1.1/input1
Dec 31 18:00:11 localhost kernel: imklog 5.8.6, log source = /proc/kmsg started.
Dec 31 18:00:11 localhost kernel: [    0.000000] Booting Linux on physical CPU 0x0
Dec 31 18:00:11 localhost kernel: [    0.000000] Initializing cgroup subsys cpuset
Dec 31 18:00:11 localhost kernel: [    0.000000] Initializing cgroup subsys cpuacct
Dec 31 18:00:11 localhost kernel: [    0.000000] Linux version 3.12.0-xillinux-1.3 (eli@ocho.localdomain) (gcc version 4.5.1 (Sourcery G++ Lite 2010.09-62) ) #1 SMP PREEMPT Thu Mar 13 18:39:32 IST 2014
Dec 31 18:00:11 localhost kernel: [    0.000000] CPU: ARMv7 Processor [413fc090] revision 0 (ARMv7), cr=18c5387d
Dec 31 18:00:11 localhost kernel: [    0.000000] CPU: PIPT / VIPT nonaliasing data cache, VIPT aliasing instruction cache
Dec 31 18:00:11 localhost kernel: [    0.000000] Machine: Xilinx Zynq Platform, model: Xilinx Zynq
Dec 31 18:00:11 localhost kernel: [    0.000000] bootconsole [earlycon0] enabled
Dec 31 18:00:11 localhost kernel: [    0.000000] Memory policy: Data cache writealloc
Dec 31 18:00:11 localhost kernel: [    0.000000] On node 0 totalpages: 131072
Dec 31 18:00:11 localhost kernel: [    0.000000] free_area_init_node: node 0, pgdat c06bd740, node_mem_map c06f1000
Dec 31 18:00:11 localhost kernel: [    0.000000]   Normal zone: 1024 pages used for memmap
Dec 31 18:00:11 localhost kernel: [    0.000000]   Normal zone: 0 pages reserved
Dec 31 18:00:11 localhost kernel: [    0.000000]   Normal zone: 131072 pages, LIFO batch:31
Dec 31 18:00:11 localhost kernel: [    0.000000] PERCPU: Embedded 7 pages/cpu @c0af8000 s7936 r8192 d12544 u32768
Dec 31 18:00:11 localhost kernel: [    0.000000] pcpu-alloc: s7936 r8192 d12544 u32768 alloc=8*4096
Dec 31 18:00:11 localhost kernel: [    0.000000] pcpu-alloc: [0] 0 [0] 1 
Dec 31 18:00:11 localhost kernel: [    0.000000] Built 1 zonelists in Zone order, mobility grouping on.  Total pages: 130048
Dec 31 18:00:11 localhost kernel: [    0.000000] Kernel command line: console=ttyPS0,115200n8 consoleblank=0 root=/dev/mmcblk0p2 rw rootwait earlyprintk
Dec 31 18:00:11 localhost kernel: [    0.000000] PID hash table entries: 2048 (order: 1, 8192 bytes)
Dec 31 18:00:11 localhost kernel: [    0.000000] Dentry cache hash table entries: 65536 (order: 6, 262144 bytes)
Dec 31 18:00:11 localhost kernel: [    0.000000] Inode-cache hash table entries: 32768 (order: 5, 131072 bytes)
Dec 31 18:00:11 localhost kernel: [    0.000000] allocated 1048576 bytes of page_cgroup
Dec 31 18:00:11 localhost kernel: [    0.000000] please try 'cgroup_disable=memory' option if you don't want memory cgroups
Dec 31 18:00:11 localhost kernel: [    0.000000] Memory: 511536K/524288K available (4631K kernel code, 296K rwdata, 1744K rodata, 199K init, 200K bss, 12752K reserved, 0K highmem)
Dec 31 18:00:11 localhost kernel: [    0.000000] Virtual kernel memory layout:
Dec 31 18:00:11 localhost kernel: [    0.000000]     vector  : 0xffff0000 - 0xffff1000   (   4 kB)
Dec 31 18:00:11 localhost kernel: [    0.000000]     fixmap  : 0xfff00000 - 0xfffe0000   ( 896 kB)
Dec 31 18:00:11 localhost kernel: [    0.000000]     vmalloc : 0xe0800000 - 0xff000000   ( 488 MB)
Dec 31 18:00:11 localhost kernel: [    0.000000]     lowmem  : 0xc0000000 - 0xe0000000   ( 512 MB)
Dec 31 18:00:11 localhost kernel: [    0.000000]     pkmap   : 0xbfe00000 - 0xc0000000   (   2 MB)
Dec 31 18:00:11 localhost kernel: [    0.000000]     modules : 0xbf000000 - 0xbfe00000   (  14 MB)
Dec 31 18:00:11 localhost kernel: [    0.000000]       .text : 0xc0008000 - 0xc0641e24   (6376 kB)
Dec 31 18:00:11 localhost kernel: [    0.000000]       .init : 0xc0642000 - 0xc0673f00   ( 200 kB)
Dec 31 18:00:11 localhost kernel: [    0.000000]       .data : 0xc0674000 - 0xc06be3c0   ( 297 kB)
Dec 31 18:00:11 localhost kernel: [    0.000000]        .bss : 0xc06be3cc - 0xc06f065c   ( 201 kB)
Dec 31 18:00:11 localhost kernel: [    0.000000] Preemptible hierarchical RCU implementation.
Dec 31 18:00:11 localhost kernel: [    0.000000] 	Dump stacks of tasks blocking RCU-preempt GP.
Dec 31 18:00:11 localhost kernel: [    0.000000] 	RCU restricting CPUs from NR_CPUS=4 to nr_cpu_ids=2.
Dec 31 18:00:11 localhost kernel: [    0.000000] NR_IRQS:16 nr_irqs:16 16
Dec 31 18:00:11 localhost kernel: [    0.000000] ps7-slcr mapped to e0802000
Dec 31 18:00:11 localhost kernel: [    0.000000] Zynq clock init
Dec 31 18:00:11 localhost kernel: [    0.000000] sched_clock: 16 bits at 54kHz, resolution 18432ns, wraps every 1207ms
Dec 31 18:00:11 localhost kernel: [    0.000000] ps7-ttc #0 at e0804000, irq=43
Dec 31 18:00:11 localhost kernel: [    0.000000] Console: colour dummy device 80x30
Dec 31 18:00:11 localhost kernel: [    0.008644] Calibrating delay loop... 1332.01 BogoMIPS (lpj=6660096)
Dec 31 18:00:11 localhost kernel: [    0.094833] pid_max: default: 32768 minimum: 301
Dec 31 18:00:11 localhost kernel: [    0.097008] Mount-cache hash table entries: 512
Dec 31 18:00:11 localhost kernel: [    0.103478] Initializing cgroup subsys memory
Dec 31 18:00:11 localhost kernel: [    0.105837] Initializing cgroup subsys devices
Dec 31 18:00:11 localhost kernel: [    0.110224] Initializing cgroup subsys freezer
Dec 31 18:00:11 localhost kernel: [    0.114703] Initializing cgroup subsys blkio
Dec 31 18:00:11 localhost kernel: [    0.119016] Initializing cgroup subsys perf_event
Dec 31 18:00:11 localhost kernel: [    0.123808] CPU: Testing write buffer coherency: ok
Dec 31 18:00:11 localhost kernel: [    0.128914] CPU0: thread -1, cpu 0, socket 0, mpidr 80000000
Dec 31 18:00:11 localhost kernel: [    0.134352] Setting up static identity map for 0xc045ffb0 - 0xc0460008
Dec 31 18:00:11 localhost kernel: [    0.141024] L310 cache controller enabled
Dec 31 18:00:11 localhost kernel: [    0.144913] l2x0: 8 ways, CACHE_ID 0x410000c8, AUX_CTRL 0x72360000, Cache size: 512 kB
Dec 31 18:00:11 localhost kernel: [    0.205573] CPU1: Booted secondary processor
Dec 31 18:00:11 localhost kernel: [    0.294803] CPU1: thread -1, cpu 1, socket 0, mpidr 80000001
Dec 31 18:00:11 localhost kernel: [    0.294932] Brought up 2 CPUs
Dec 31 18:00:11 localhost kernel: [    0.302434] SMP: Total of 2 processors activated.
Dec 31 18:00:11 localhost kernel: [    0.307171] CPU: All CPU(s) started in SVC mode.
Dec 31 18:00:11 localhost kernel: [    0.312388] devtmpfs: initialized
Dec 31 18:00:11 localhost kernel: [    0.317567] VFP support v0.3: implementor 41 architecture 3 part 30 variant 9 rev 4
Dec 31 18:00:11 localhost kernel: [    0.323853] regulator-dummy: no parameters
Dec 31 18:00:11 localhost kernel: [    0.327484] NET: Registered protocol family 16
Dec 31 18:00:11 localhost kernel: [    0.332645] DMA: preallocated 256 KiB pool for atomic coherent allocations
Dec 31 18:00:11 localhost kernel: [    0.343335] zynq_gpio e000a000.ps7-gpio: gpio at 0xe000a000 mapped to 0xe0850000
Dec 31 18:00:11 localhost kernel: [    0.350155] hw-breakpoint: found 5 (+1 reserved) breakpoint and 1 watchpoint registers.
Dec 31 18:00:11 localhost kernel: [    0.353676] hw-breakpoint: maximum watchpoint size is 4 bytes.
Dec 31 18:00:11 localhost kernel: [    0.359648] zynq_ocm f800c000.ps7-ocmc: ZYNQ OCM pool: 256 KiB @ 0xe0880000
Dec 31 18:00:11 localhost kernel: [    0.395591] bio: create slab <bio-0> at 0
Dec 31 18:00:11 localhost kernel: [    0.396844] vgaarb: loaded
Dec 31 18:00:11 localhost kernel: [    0.397544] SCSI subsystem initialized
Dec 31 18:00:11 localhost kernel: [    0.401378] usbcore: registered new interface driver usbfs
Dec 31 18:00:11 localhost kernel: [    0.406908] usbcore: registered new interface driver hub
Dec 31 18:00:11 localhost kernel: [    0.411719] usbcore: registered new device driver usb
Dec 31 18:00:11 localhost kernel: [    0.417156] media: Linux media interface: v0.10
Dec 31 18:00:11 localhost kernel: [    0.421285] Linux video capture interface: v2.00
Dec 31 18:00:11 localhost kernel: [    0.426280] pps_core: LinuxPPS API ver. 1 registered
Dec 31 18:00:11 localhost kernel: [    0.430778] pps_core: Software ver. 5.3.6 - Copyright 2005-2007 Rodolfo Giometti <giometti@linux.it>
Dec 31 18:00:11 localhost kernel: [    0.440067] PTP clock support registered
Dec 31 18:00:11 localhost kernel: [    0.444215] EDAC MC: Ver: 3.0.0
Dec 31 18:00:11 localhost kernel: [    0.448159] Advanced Linux Sound Architecture Driver Initialized.
Dec 31 18:00:11 localhost kernel: [    0.454242] Switched to clocksource ttc_clocksource
Dec 31 18:00:11 localhost kernel: [    0.476065] NET: Registered protocol family 2
Dec 31 18:00:11 localhost kernel: [    0.476710] TCP established hash table entries: 4096 (order: 3, 32768 bytes)
Dec 31 18:00:11 localhost kernel: [    0.482130] TCP bind hash table entries: 4096 (order: 3, 32768 bytes)
Dec 31 18:00:11 localhost kernel: [    0.489115] TCP: Hash tables configured (established 4096 bind 4096)
Dec 31 18:00:11 localhost kernel: [    0.494958] TCP: reno registered
Dec 31 18:00:11 localhost kernel: [    0.498110] UDP hash table entries: 256 (order: 1, 8192 bytes)
Dec 31 18:00:11 localhost kernel: [    0.503972] UDP-Lite hash table entries: 256 (order: 1, 8192 bytes)
Dec 31 18:00:11 localhost kernel: [    0.510515] NET: Registered protocol family 1
Dec 31 18:00:11 localhost kernel: [    0.514920] RPC: Registered named UNIX socket transport module.
Dec 31 18:00:11 localhost kernel: [    0.520542] RPC: Registered udp transport module.
Dec 31 18:00:11 localhost kernel: [    0.525335] RPC: Registered tcp transport module.
Dec 31 18:00:11 localhost kernel: [    0.530016] RPC: Registered tcp NFSv4.1 backchannel transport module.
Dec 31 18:00:11 localhost kernel: [    0.536486] PCI: CLS 0 bytes, default 64
Dec 31 18:00:11 localhost kernel: [    0.536891] hw perfevents: enabled with ARMv7 Cortex-A9 PMU driver, 7 counters available
Dec 31 18:00:11 localhost kernel: [    0.547582] VFS: Disk quotas dquot_6.5.2
Dec 31 18:00:11 localhost kernel: [    0.548633] Dquot-cache hash table entries: 1024 (order 0, 4096 bytes)
Dec 31 18:00:11 localhost kernel: [    0.555711] NFS: Registering the id_resolver key type
Dec 31 18:00:11 localhost kernel: [    0.560153] Key type id_resolver registered
Dec 31 18:00:11 localhost kernel: [    0.564355] Key type id_legacy registered
Dec 31 18:00:11 localhost kernel: [    0.568392] jffs2: version 2.2. (NAND) (SUMMARY)  © 2001-2006 Red Hat, Inc.
Dec 31 18:00:11 localhost kernel: [    0.575654] msgmni has been set to 999
Dec 31 18:00:11 localhost kernel: [    0.579967] Block layer SCSI generic (bsg) driver version 0.4 loaded (major 249)
Dec 31 18:00:11 localhost kernel: [    0.586621] io scheduler noop registered
Dec 31 18:00:11 localhost kernel: [    0.590547] io scheduler deadline registered
Dec 31 18:00:11 localhost kernel: [    0.594916] io scheduler cfq registered (default)
Dec 31 18:00:11 localhost kernel: [    1.496267] Console: switching to colour frame buffer device 128x48
Dec 31 18:00:11 localhost kernel: [    1.525464] e0001000.serial: ttyPS0 at MMIO 0xe0001000 (irq = 82, base_baud = 3124999) is a xuartps
Dec 31 18:00:11 localhost kernel: [    1.529058] console [ttyPS0] enabled, bootconsole disabled
Dec 31 18:00:11 localhost kernel: [    1.535288] xdevcfg f8007000.ps7-dev-cfg: ioremap 0xf8007000 to e0864000
Dec 31 18:00:11 localhost kernel: [    1.557701] brd: module loaded
Dec 31 18:00:11 localhost kernel: [    1.565996] loop: module loaded
Dec 31 18:00:11 localhost kernel: [    1.576281] xqspips e000d000.ps7-qspi: master is unqueued, this is deprecated
Dec 31 18:00:11 localhost kernel: [    1.583820] m25p80 spi0.0: found s25fl256s1, expected n25q128
Dec 31 18:00:11 localhost kernel: [    1.589681] m25p80 spi0.0: s25fl256s1 (32768 Kbytes)
Dec 31 18:00:11 localhost kernel: [    1.594676] 5 ofpart partitions found on MTD device spi0.0
Dec 31 18:00:11 localhost kernel: [    1.600077] Creating 5 MTD partitions on "spi0.0":
Dec 31 18:00:11 localhost kernel: [    1.604888] 0x000000000000-0x000000100000 : "qspi-fsbl-uboot"
Dec 31 18:00:11 localhost kernel: [    1.611873] 0x000000100000-0x000000600000 : "qspi-linux"
Dec 31 18:00:11 localhost kernel: [    1.618288] 0x000000600000-0x000000620000 : "qspi-device-tree"
Dec 31 18:00:11 localhost kernel: [    1.625237] 0x000000620000-0x000000c00000 : "qspi-rootfs"
Dec 31 18:00:11 localhost kernel: [    1.631707] 0x000000c00000-0x000001000000 : "qspi-bitstream"
Dec 31 18:00:11 localhost kernel: [    1.638490] xqspips e000d000.ps7-qspi: at 0xE000D000 mapped to 0xE0866000, irq=51
Dec 31 18:00:11 localhost kernel: [    1.648369] libphy: Fixed MDIO Bus: probed
Dec 31 18:00:11 localhost kernel: [    1.654378] libphy: XEMACPS mii bus: probed
Dec 31 18:00:11 localhost kernel: [    1.659244] xemacps e000b000.ps7-ethernet: pdev->id -1, baseaddr 0xe000b000, irq 54
Dec 31 18:00:11 localhost kernel: [    1.667391] ehci_hcd: USB 2.0 'Enhanced' Host Controller (EHCI) Driver
Dec 31 18:00:11 localhost kernel: [    1.674008] ehci-pci: EHCI PCI platform driver
Dec 31 18:00:11 localhost kernel: [    1.678874] ULPI transceiver vendor/product ID 0x0451/0x1507
Dec 31 18:00:11 localhost kernel: [    1.684478] Found TI TUSB1210 ULPI transceiver.
Dec 31 18:00:11 localhost kernel: [    1.688975] ULPI integrity check: passed.
Dec 31 18:00:11 localhost kernel: [    1.693215] xusbps-ehci xusbps-ehci.0: Xilinx PS USB EHCI Host Controller
Dec 31 18:00:11 localhost kernel: [    1.699998] xusbps-ehci xusbps-ehci.0: new USB bus registered, assigned bus number 1
Dec 31 18:00:11 localhost kernel: [    1.744272] xusbps-ehci xusbps-ehci.0: irq 53, io mem 0x00000000
Dec 31 18:00:11 localhost kernel: [    1.764252] xusbps-ehci xusbps-ehci.0: USB 2.0 started, EHCI 1.00
Dec 31 18:00:11 localhost kernel: [    1.771183] hub 1-0:1.0: USB hub found
Dec 31 18:00:11 localhost kernel: [    1.774906] hub 1-0:1.0: 1 port detected
Dec 31 18:00:11 localhost kernel: [    1.779403] usbcore: registered new interface driver usb-storage
Dec 31 18:00:11 localhost kernel: [    1.786205] mousedev: PS/2 mouse device common for all mice
Dec 31 18:00:11 localhost kernel: [    1.792251] i2c /dev entries driver
Dec 31 18:00:11 localhost kernel: [    1.796508] IR NEC protocol handler initialized
Dec 31 18:00:11 localhost kernel: [    1.800951] IR RC5(x) protocol handler initialized
Dec 31 18:00:11 localhost kernel: [    1.805761] IR RC6 protocol handler initialized
Dec 31 18:00:11 localhost kernel: [    1.810240] IR JVC protocol handler initialized
Dec 31 18:00:11 localhost kernel: [    1.814793] IR Sony protocol handler initialized
Dec 31 18:00:11 localhost kernel: [    1.819346] IR RC5 (streamzap) protocol handler initialized
Dec 31 18:00:11 localhost kernel: [    1.824931] IR SANYO protocol handler initialized
Dec 31 18:00:11 localhost kernel: [    1.829594] IR MCE Keyboard/mouse protocol handler initialized
Dec 31 18:00:11 localhost kernel: [    1.836303] xadcps f8007100.ps7-xadc: enabled:	yes	reference:	external
Dec 31 18:00:11 localhost kernel: [    1.843345] zynq-edac f8006000.ps7-ddrc: ecc not enabled
Dec 31 18:00:11 localhost kernel: [    1.848911] sdhci: Secure Digital Host Controller Interface driver
Dec 31 18:00:11 localhost kernel: [    1.855031] sdhci: Copyright(c) Pierre Ossman
Dec 31 18:00:11 localhost kernel: [    1.859344] sdhci-pltfm: SDHCI platform and OF driver helper
Dec 31 18:00:11 localhost kernel: [    1.865150] mmc0: no vqmmc regulator found
Dec 31 18:00:11 localhost kernel: [    1.869150] mmc0: no vmmc regulator found
Dec 31 18:00:11 localhost kernel: [    1.873149] mmc0: Invalid maximum block size, assuming 512 bytes
Dec 31 18:00:11 localhost kernel: [    1.914272] mmc0: SDHCI controller on e0100000.ps7-sdio [e0100000.ps7-sdio] using ADMA
Dec 31 18:00:11 localhost kernel: [    1.927395] usbcore: registered new interface driver usbhid
Dec 31 18:00:11 localhost kernel: [    1.932888] usbhid: USB HID core driver
Dec 31 18:00:11 localhost kernel: [    1.939616] pmodoled-gpio-spi [zed_oled] SPI Probing
Dec 31 18:00:11 localhost kernel: [    1.973439] mmc0: new high speed SDHC card at address b368
Dec 31 18:00:11 localhost kernel: [    1.979282] mmcblk0: mmc0:b368 F0F0F 3.71 GiB 
Dec 31 18:00:11 localhost kernel: [    1.984756]  mmcblk0: p1 p2
Dec 31 18:00:11 localhost kernel: [    2.104289] usb 1-1: new high-speed USB device number 2 using xusbps-ehci
Dec 31 18:00:11 localhost kernel: [    2.120067] no UART detected at 0x1
Dec 31 18:00:11 localhost kernel: [    2.124730] TCP: cubic registered
Dec 31 18:00:11 localhost kernel: [    2.127974] NET: Registered protocol family 15
Dec 31 18:00:11 localhost kernel: [    2.132453] Key type dns_resolver registered
Dec 31 18:00:11 localhost kernel: [    2.136914] Registering SWP/SWPB emulation handler
Dec 31 18:00:11 localhost kernel: [    2.142388] registered taskstats version 1
Dec 31 18:00:11 localhost kernel: [    2.146830] drivers/rtc/hctosys.c: unable to open rtc device (rtc0)
Dec 31 18:00:11 localhost kernel: [    2.156507] ALSA device list:
Dec 31 18:00:11 localhost kernel: [    2.159401]   No soundcards found.
Dec 31 18:00:11 localhost kernel: [    2.163917] EXT4-fs (mmcblk0p2): couldn't mount as ext3 due to feature incompatibilities
Dec 31 18:00:11 localhost kernel: [    2.172525] EXT4-fs (mmcblk0p2): couldn't mount as ext2 due to feature incompatibilities
Dec 31 18:00:11 localhost kernel: [    2.257331] hub 1-1:1.0: USB hub found
Dec 31 18:00:11 localhost kernel: [    2.261331] hub 1-1:1.0: 4 ports detected
Dec 31 18:00:11 localhost kernel: [    2.544596] usb 1-1.3: new low-speed USB device number 3 using xusbps-ehci
Dec 31 18:00:11 localhost kernel: [    2.666341] input: Logitech Logitech USB Keyboard as /devices/amba.0/e0002000.ps7-usb/xusbps-ehci.0/usb1/1-1/1-1.3/1-1.3:1.0/input/input0
Dec 31 18:00:11 localhost kernel: [    2.679022] hid-generic 0003:046D:C315.0001: input: USB HID v1.10 Keyboard [Logitech Logitech USB Keyboard] on usb-xusbps-ehci.0-1.3/input0
Dec 31 18:00:11 localhost kernel: [    9.081377] EXT4-fs (mmcblk0p2): recovery complete
Dec 31 18:00:11 localhost kernel: [    9.088529] EXT4-fs (mmcblk0p2): mounted filesystem with ordered data mode. Opts: (null)
Dec 31 18:00:11 localhost kernel: [    9.096584] VFS: Mounted root (ext4 filesystem) on device 179:2.
Dec 31 18:00:11 localhost kernel: [    9.103201] devtmpfs: mounted
Dec 31 18:00:11 localhost kernel: [    9.106371] Freeing unused kernel memory: 196K (c0642000 - c0673000)
Dec 31 18:00:12 localhost kernel: [   12.105542] xillybus_core: module is from the staging directory, the quality is unknown, you have been warned.
Dec 31 18:00:12 localhost kernel: [   12.216835] xillybus_of: module is from the staging directory, the quality is unknown, you have been warned.
Dec 31 18:00:12 localhost kernel: [   12.285587] lp: driver loaded but no devices found
Dec 31 18:00:12 localhost kernel: [   12.424345] ppdev: user-space parallel port driver
Dec 31 18:00:12 localhost kernel: [   12.889480] NET: Registered protocol family 10
Dec 31 18:00:13 localhost kernel: [   13.221978] xillybus_of 50000000.xillybus: Created 7 device files.
Dec 31 18:00:13 localhost kernel: [   13.893517] NET: Registered protocol family 17
Dec 31 18:00:16 localhost kernel: [   16.195012] xemacps e000b000.ps7-ethernet: Set clk to 24999999 Hz
Dec 31 18:00:16 localhost kernel: [   16.195104] xemacps e000b000.ps7-ethernet: link up (100/FULL)
Dec 31 18:00:14 localhost kernel: imklog 5.8.6, log source = /proc/kmsg started.
Dec 31 18:00:14 localhost kernel: [    0.000000] Booting Linux on physical CPU 0x0
Dec 31 18:00:14 localhost kernel: [    0.000000] Initializing cgroup subsys cpuset
Dec 31 18:00:14 localhost kernel: [    0.000000] Initializing cgroup subsys cpuacct
Dec 31 18:00:14 localhost kernel: [    0.000000] Linux version 3.12.0-xillinux-1.3 (eli@ocho.localdomain) (gcc version 4.5.1 (Sourcery G++ Lite 2010.09-62) ) #1 SMP PREEMPT Thu Mar 13 18:39:32 IST 2014
Dec 31 18:00:14 localhost kernel: [    0.000000] CPU: ARMv7 Processor [413fc090] revision 0 (ARMv7), cr=18c5387d
Dec 31 18:00:14 localhost kernel: [    0.000000] CPU: PIPT / VIPT nonaliasing data cache, VIPT aliasing instruction cache
Dec 31 18:00:14 localhost kernel: [    0.000000] Machine: Xilinx Zynq Platform, model: Xilinx Zynq
Dec 31 18:00:14 localhost kernel: [    0.000000] bootconsole [earlycon0] enabled
Dec 31 18:00:14 localhost kernel: [    0.000000] Memory policy: Data cache writealloc
Dec 31 18:00:14 localhost kernel: [    0.000000] On node 0 totalpages: 131072
Dec 31 18:00:14 localhost kernel: [    0.000000] free_area_init_node: node 0, pgdat c06bd740, node_mem_map c06f1000
Dec 31 18:00:14 localhost kernel: [    0.000000]   Normal zone: 1024 pages used for memmap
Dec 31 18:00:14 localhost kernel: [    0.000000]   Normal zone: 0 pages reserved
Dec 31 18:00:14 localhost kernel: [    0.000000]   Normal zone: 131072 pages, LIFO batch:31
Dec 31 18:00:14 localhost kernel: [    0.000000] PERCPU: Embedded 7 pages/cpu @c0af8000 s7936 r8192 d12544 u32768
Dec 31 18:00:14 localhost kernel: [    0.000000] pcpu-alloc: s7936 r8192 d12544 u32768 alloc=8*4096
Dec 31 18:00:14 localhost kernel: [    0.000000] pcpu-alloc: [0] 0 [0] 1 
Dec 31 18:00:14 localhost kernel: [    0.000000] Built 1 zonelists in Zone order, mobility grouping on.  Total pages: 130048
Dec 31 18:00:14 localhost kernel: [    0.000000] Kernel command line: console=ttyPS0,115200n8 consoleblank=0 root=/dev/mmcblk0p2 rw rootwait earlyprintk
Dec 31 18:00:14 localhost kernel: [    0.000000] PID hash table entries: 2048 (order: 1, 8192 bytes)
Dec 31 18:00:14 localhost kernel: [    0.000000] Dentry cache hash table entries: 65536 (order: 6, 262144 bytes)
Dec 31 18:00:14 localhost kernel: [    0.000000] Inode-cache hash table entries: 32768 (order: 5, 131072 bytes)
Dec 31 18:00:14 localhost kernel: [    0.000000] allocated 1048576 bytes of page_cgroup
Dec 31 18:00:14 localhost kernel: [    0.000000] please try 'cgroup_disable=memory' option if you don't want memory cgroups
Dec 31 18:00:14 localhost kernel: [    0.000000] Memory: 511536K/524288K available (4631K kernel code, 296K rwdata, 1744K rodata, 199K init, 200K bss, 12752K reserved, 0K highmem)
Dec 31 18:00:14 localhost kernel: [    0.000000] Virtual kernel memory layout:
Dec 31 18:00:14 localhost kernel: [    0.000000]     vector  : 0xffff0000 - 0xffff1000   (   4 kB)
Dec 31 18:00:14 localhost kernel: [    0.000000]     fixmap  : 0xfff00000 - 0xfffe0000   ( 896 kB)
Dec 31 18:00:14 localhost kernel: [    0.000000]     vmalloc : 0xe0800000 - 0xff000000   ( 488 MB)
Dec 31 18:00:14 localhost kernel: [    0.000000]     lowmem  : 0xc0000000 - 0xe0000000   ( 512 MB)
Dec 31 18:00:14 localhost kernel: [    0.000000]     pkmap   : 0xbfe00000 - 0xc0000000   (   2 MB)
Dec 31 18:00:14 localhost kernel: [    0.000000]     modules : 0xbf000000 - 0xbfe00000   (  14 MB)
Dec 31 18:00:14 localhost kernel: [    0.000000]       .text : 0xc0008000 - 0xc0641e24   (6376 kB)
Dec 31 18:00:14 localhost kernel: [    0.000000]       .init : 0xc0642000 - 0xc0673f00   ( 200 kB)
Dec 31 18:00:14 localhost kernel: [    0.000000]       .data : 0xc0674000 - 0xc06be3c0   ( 297 kB)
Dec 31 18:00:14 localhost kernel: [    0.000000]        .bss : 0xc06be3cc - 0xc06f065c   ( 201 kB)
Dec 31 18:00:14 localhost kernel: [    0.000000] Preemptible hierarchical RCU implementation.
Dec 31 18:00:14 localhost kernel: [    0.000000] 	Dump stacks of tasks blocking RCU-preempt GP.
Dec 31 18:00:14 localhost kernel: [    0.000000] 	RCU restricting CPUs from NR_CPUS=4 to nr_cpu_ids=2.
Dec 31 18:00:14 localhost kernel: [    0.000000] NR_IRQS:16 nr_irqs:16 16
Dec 31 18:00:14 localhost kernel: [    0.000000] ps7-slcr mapped to e0802000
Dec 31 18:00:14 localhost kernel: [    0.000000] Zynq clock init
Dec 31 18:00:14 localhost kernel: [    0.000000] sched_clock: 16 bits at 54kHz, resolution 18432ns, wraps every 1207ms
Dec 31 18:00:14 localhost kernel: [    0.000000] ps7-ttc #0 at e0804000, irq=43
Dec 31 18:00:14 localhost kernel: [    0.000000] Console: colour dummy device 80x30
Dec 31 18:00:14 localhost kernel: [    0.008663] Calibrating delay loop... 1332.01 BogoMIPS (lpj=6660096)
Dec 31 18:00:14 localhost kernel: [    0.094833] pid_max: default: 32768 minimum: 301
Dec 31 18:00:14 localhost kernel: [    0.097008] Mount-cache hash table entries: 512
Dec 31 18:00:14 localhost kernel: [    0.103478] Initializing cgroup subsys memory
Dec 31 18:00:14 localhost kernel: [    0.105837] Initializing cgroup subsys devices
Dec 31 18:00:14 localhost kernel: [    0.110224] Initializing cgroup subsys freezer
Dec 31 18:00:14 localhost kernel: [    0.114703] Initializing cgroup subsys blkio
Dec 31 18:00:14 localhost kernel: [    0.119016] Initializing cgroup subsys perf_event
Dec 31 18:00:14 localhost kernel: [    0.123808] CPU: Testing write buffer coherency: ok
Dec 31 18:00:14 localhost kernel: [    0.128914] CPU0: thread -1, cpu 0, socket 0, mpidr 80000000
Dec 31 18:00:14 localhost kernel: [    0.134352] Setting up static identity map for 0xc045ffb0 - 0xc0460008
Dec 31 18:00:14 localhost kernel: [    0.141024] L310 cache controller enabled
Dec 31 18:00:14 localhost kernel: [    0.144913] l2x0: 8 ways, CACHE_ID 0x410000c8, AUX_CTRL 0x72360000, Cache size: 512 kB
Dec 31 18:00:14 localhost kernel: [    0.205573] CPU1: Booted secondary processor
Dec 31 18:00:14 localhost kernel: [    0.294803] CPU1: thread -1, cpu 1, socket 0, mpidr 80000001
Dec 31 18:00:14 localhost kernel: [    0.294932] Brought up 2 CPUs
Dec 31 18:00:14 localhost kernel: [    0.302434] SMP: Total of 2 processors activated.
Dec 31 18:00:14 localhost kernel: [    0.307171] CPU: All CPU(s) started in SVC mode.
Dec 31 18:00:14 localhost kernel: [    0.312388] devtmpfs: initialized
Dec 31 18:00:14 localhost kernel: [    0.317567] VFP support v0.3: implementor 41 architecture 3 part 30 variant 9 rev 4
Dec 31 18:00:14 localhost kernel: [    0.323853] regulator-dummy: no parameters
Dec 31 18:00:14 localhost kernel: [    0.327484] NET: Registered protocol family 16
Dec 31 18:00:14 localhost kernel: [    0.332626] DMA: preallocated 256 KiB pool for atomic coherent allocations
Dec 31 18:00:14 localhost kernel: [    0.343335] zynq_gpio e000a000.ps7-gpio: gpio at 0xe000a000 mapped to 0xe0850000
Dec 31 18:00:14 localhost kernel: [    0.350155] hw-breakpoint: found 5 (+1 reserved) breakpoint and 1 watchpoint registers.
Dec 31 18:00:14 localhost kernel: [    0.353676] hw-breakpoint: maximum watchpoint size is 4 bytes.
Dec 31 18:00:14 localhost kernel: [    0.359629] zynq_ocm f800c000.ps7-ocmc: ZYNQ OCM pool: 256 KiB @ 0xe0880000
Dec 31 18:00:14 localhost kernel: [    0.395627] bio: create slab <bio-0> at 0
Dec 31 18:00:14 localhost kernel: [    0.396881] vgaarb: loaded
Dec 31 18:00:14 localhost kernel: [    0.397581] SCSI subsystem initialized
Dec 31 18:00:14 localhost kernel: [    0.401434] usbcore: registered new interface driver usbfs
Dec 31 18:00:14 localhost kernel: [    0.406908] usbcore: registered new interface driver hub
Dec 31 18:00:14 localhost kernel: [    0.411756] usbcore: registered new device driver usb
Dec 31 18:00:14 localhost kernel: [    0.417193] media: Linux media interface: v0.10
Dec 31 18:00:14 localhost kernel: [    0.421340] Linux video capture interface: v2.00
Dec 31 18:00:14 localhost kernel: [    0.426354] pps_core: LinuxPPS API ver. 1 registered
Dec 31 18:00:14 localhost kernel: [    0.430833] pps_core: Software ver. 5.3.6 - Copyright 2005-2007 Rodolfo Giometti <giometti@linux.it>
Dec 31 18:00:14 localhost kernel: [    0.440289] PTP clock support registered
Dec 31 18:00:14 localhost kernel: [    0.444251] EDAC MC: Ver: 3.0.0
Dec 31 18:00:14 localhost kernel: [    0.448233] Advanced Linux Sound Architecture Driver Initialized.
Dec 31 18:00:14 localhost kernel: [    0.454260] Switched to clocksource ttc_clocksource
Dec 31 18:00:14 localhost kernel: [    0.475899] NET: Registered protocol family 2
Dec 31 18:00:14 localhost kernel: [    0.476563] TCP established hash table entries: 4096 (order: 3, 32768 bytes)
Dec 31 18:00:14 localhost kernel: [    0.481964] TCP bind hash table entries: 4096 (order: 3, 32768 bytes)
Dec 31 18:00:14 localhost kernel: [    0.488562] TCP: Hash tables configured (established 4096 bind 4096)
Dec 31 18:00:14 localhost kernel: [    0.495272] TCP: reno registered
Dec 31 18:00:14 localhost kernel: [    0.497944] UDP hash table entries: 256 (order: 1, 8192 bytes)
Dec 31 18:00:14 localhost kernel: [    0.503806] UDP-Lite hash table entries: 256 (order: 1, 8192 bytes)
Dec 31 18:00:14 localhost kernel: [    0.510331] NET: Registered protocol family 1
Dec 31 18:00:14 localhost kernel: [    0.514810] RPC: Registered named UNIX socket transport module.
Dec 31 18:00:14 localhost kernel: [    0.520395] RPC: Registered udp transport module.
Dec 31 18:00:14 localhost kernel: [    0.525150] RPC: Registered tcp transport module.
Dec 31 18:00:14 localhost kernel: [    0.529850] RPC: Registered tcp NFSv4.1 backchannel transport module.
Dec 31 18:00:14 localhost kernel: [    0.536320] PCI: CLS 0 bytes, default 64
Dec 31 18:00:14 localhost kernel: [    0.536726] hw perfevents: enabled with ARMv7 Cortex-A9 PMU driver, 7 counters available
Dec 31 18:00:14 localhost kernel: [    0.547453] VFS: Disk quotas dquot_6.5.2
Dec 31 18:00:14 localhost kernel: [    0.548467] Dquot-cache hash table entries: 1024 (order 0, 4096 bytes)
Dec 31 18:00:14 localhost kernel: [    0.555619] NFS: Registering the id_resolver key type
Dec 31 18:00:14 localhost kernel: [    0.559987] Key type id_resolver registered
Dec 31 18:00:14 localhost kernel: [    0.564153] Key type id_legacy registered
Dec 31 18:00:14 localhost kernel: [    0.568300] jffs2: version 2.2. (NAND) (SUMMARY)  © 2001-2006 Red Hat, Inc.
Dec 31 18:00:14 localhost kernel: [    0.575470] msgmni has been set to 999
Dec 31 18:00:14 localhost kernel: [    0.579802] Block layer SCSI generic (bsg) driver version 0.4 loaded (major 249)
Dec 31 18:00:14 localhost kernel: [    0.586511] io scheduler noop registered
Dec 31 18:00:14 localhost kernel: [    0.590400] io scheduler deadline registered
Dec 31 18:00:14 localhost kernel: [    0.594750] io scheduler cfq registered (default)
Dec 31 18:00:14 localhost kernel: [    1.496009] Console: switching to colour frame buffer device 128x48
Dec 31 18:00:14 localhost kernel: [    1.525261] e0001000.serial: ttyPS0 at MMIO 0xe0001000 (irq = 82, base_baud = 3124999) is a xuartps
Dec 31 18:00:14 localhost kernel: [    1.528873] console [ttyPS0] enabled, bootconsole disabled
Dec 31 18:00:14 localhost kernel: [    1.535030] xdevcfg f8007000.ps7-dev-cfg: ioremap 0xf8007000 to e0864000
Dec 31 18:00:14 localhost kernel: [    1.557370] brd: module loaded
Dec 31 18:00:14 localhost kernel: [    1.565904] loop: module loaded
Dec 31 18:00:14 localhost kernel: [    1.576078] xqspips e000d000.ps7-qspi: master is unqueued, this is deprecated
Dec 31 18:00:14 localhost kernel: [    1.583617] m25p80 spi0.0: found s25fl256s1, expected n25q128
Dec 31 18:00:14 localhost kernel: [    1.589497] m25p80 spi0.0: s25fl256s1 (32768 Kbytes)
Dec 31 18:00:14 localhost kernel: [    1.594437] 5 ofpart partitions found on MTD device spi0.0
Dec 31 18:00:14 localhost kernel: [    1.599856] Creating 5 MTD partitions on "spi0.0":
Dec 31 18:00:14 localhost kernel: [    1.604703] 0x000000000000-0x000000100000 : "qspi-fsbl-uboot"
Dec 31 18:00:14 localhost kernel: [    1.611652] 0x000000100000-0x000000600000 : "qspi-linux"
Dec 31 18:00:14 localhost kernel: [    1.618104] 0x000000600000-0x000000620000 : "qspi-device-tree"
Dec 31 18:00:14 localhost kernel: [    1.624997] 0x000000620000-0x000000c00000 : "qspi-rootfs"
Dec 31 18:00:14 localhost kernel: [    1.631467] 0x000000c00000-0x000001000000 : "qspi-bitstream"
Dec 31 18:00:14 localhost kernel: [    1.638268] xqspips e000d000.ps7-qspi: at 0xE000D000 mapped to 0xE0866000, irq=51
Dec 31 18:00:14 localhost kernel: [    1.648148] libphy: Fixed MDIO Bus: probed
Dec 31 18:00:14 localhost kernel: [    1.654009] libphy: XEMACPS mii bus: probed
Dec 31 18:00:14 localhost kernel: [    1.659005] xemacps e000b000.ps7-ethernet: pdev->id -1, baseaddr 0xe000b000, irq 54
Dec 31 18:00:14 localhost kernel: [    1.667059] ehci_hcd: USB 2.0 'Enhanced' Host Controller (EHCI) Driver
Dec 31 18:00:14 localhost kernel: [    1.673658] ehci-pci: EHCI PCI platform driver
Dec 31 18:00:14 localhost kernel: [    1.678616] ULPI transceiver vendor/product ID 0x0451/0x1507
Dec 31 18:00:14 localhost kernel: [    1.684201] Found TI TUSB1210 ULPI transceiver.
Dec 31 18:00:14 localhost kernel: [    1.688754] ULPI integrity check: passed.
Dec 31 18:00:14 localhost kernel: [    1.692957] xusbps-ehci xusbps-ehci.0: Xilinx PS USB EHCI Host Controller
Dec 31 18:00:14 localhost kernel: [    1.699758] xusbps-ehci xusbps-ehci.0: new USB bus registered, assigned bus number 1
Dec 31 18:00:14 localhost kernel: [    1.744290] xusbps-ehci xusbps-ehci.0: irq 53, io mem 0x00000000
Dec 31 18:00:14 localhost kernel: [    1.764271] xusbps-ehci xusbps-ehci.0: USB 2.0 started, EHCI 1.00
Dec 31 18:00:14 localhost kernel: [    1.771183] hub 1-0:1.0: USB hub found
Dec 31 18:00:14 localhost kernel: [    1.774906] hub 1-0:1.0: 1 port detected
Dec 31 18:00:14 localhost kernel: [    1.779403] usbcore: registered new interface driver usb-storage
Dec 31 18:00:14 localhost kernel: [    1.786223] mousedev: PS/2 mouse device common for all mice
Dec 31 18:00:14 localhost kernel: [    1.792287] i2c /dev entries driver
Dec 31 18:00:14 localhost kernel: [    1.796545] IR NEC protocol handler initialized
Dec 31 18:00:14 localhost kernel: [    1.800987] IR RC5(x) protocol handler initialized
Dec 31 18:00:14 localhost kernel: [    1.805817] IR RC6 protocol handler initialized
Dec 31 18:00:14 localhost kernel: [    1.810277] IR JVC protocol handler initialized
Dec 31 18:00:14 localhost kernel: [    1.814830] IR Sony protocol handler initialized
Dec 31 18:00:14 localhost kernel: [    1.819383] IR RC5 (streamzap) protocol handler initialized
Dec 31 18:00:14 localhost kernel: [    1.824968] IR SANYO protocol handler initialized
Dec 31 18:00:14 localhost kernel: [    1.829631] IR MCE Keyboard/mouse protocol handler initialized
Dec 31 18:00:14 localhost kernel: [    1.836340] xadcps f8007100.ps7-xadc: enabled:	yes	reference:	external
Dec 31 18:00:14 localhost kernel: [    1.843363] zynq-edac f8006000.ps7-ddrc: ecc not enabled
Dec 31 18:00:14 localhost kernel: [    1.848930] sdhci: Secure Digital Host Controller Interface driver
Dec 31 18:00:14 localhost kernel: [    1.855031] sdhci: Copyright(c) Pierre Ossman
Dec 31 18:00:14 localhost kernel: [    1.859362] sdhci-pltfm: SDHCI platform and OF driver helper
Dec 31 18:00:14 localhost kernel: [    1.866145] mmc0: no vqmmc regulator found
Dec 31 18:00:14 localhost kernel: [    1.870163] mmc0: no vmmc regulator found
Dec 31 18:00:14 localhost kernel: [    1.874163] mmc0: Invalid maximum block size, assuming 512 bytes
Dec 31 18:00:14 localhost kernel: [    1.914290] mmc0: SDHCI controller on e0100000.ps7-sdio [e0100000.ps7-sdio] using ADMA
Dec 31 18:00:14 localhost kernel: [    1.927487] usbcore: registered new interface driver usbhid
Dec 31 18:00:14 localhost kernel: [    1.932999] usbhid: USB HID core driver
Dec 31 18:00:14 localhost kernel: [    1.939708] pmodoled-gpio-spi [zed_oled] SPI Probing
Dec 31 18:00:14 localhost kernel: [    1.973457] mmc0: new high speed SDHC card at address b368
Dec 31 18:00:14 localhost kernel: [    1.979355] mmcblk0: mmc0:b368 F0F0F 3.71 GiB 
Dec 31 18:00:14 localhost kernel: [    1.984848]  mmcblk0: p1 p2
Dec 31 18:00:14 localhost kernel: [    2.104307] usb 1-1: new high-speed USB device number 2 using xusbps-ehci
Dec 31 18:00:14 localhost kernel: [    2.120103] no UART detected at 0x1
Dec 31 18:00:14 localhost kernel: [    2.124730] TCP: cubic registered
Dec 31 18:00:14 localhost kernel: [    2.127992] NET: Registered protocol family 15
Dec 31 18:00:14 localhost kernel: [    2.132453] Key type dns_resolver registered
Dec 31 18:00:14 localhost kernel: [    2.136914] Registering SWP/SWPB emulation handler
Dec 31 18:00:14 localhost kernel: [    2.142406] registered taskstats version 1
Dec 31 18:00:14 localhost kernel: [    2.146849] drivers/rtc/hctosys.c: unable to open rtc device (rtc0)
Dec 31 18:00:14 localhost kernel: [    2.156544] ALSA device list:
Dec 31 18:00:14 localhost kernel: [    2.159438]   No soundcards found.
Dec 31 18:00:14 localhost kernel: [    2.163935] EXT4-fs (mmcblk0p2): couldn't mount as ext3 due to feature incompatibilities
Dec 31 18:00:14 localhost kernel: [    2.172617] EXT4-fs (mmcblk0p2): couldn't mount as ext2 due to feature incompatibilities
Dec 31 18:00:14 localhost kernel: [    2.267542] hub 1-1:1.0: USB hub found
