Dec 31 18:05:37 localhost rsyslogd: [origin software="rsyslogd" swVersion="5.8.6" x-pid="986" x-info="http://www.rsyslog.com"] rsyslogd was HUPed
Dec 31 18:05:37 localhost rsyslogd: [origin software="rsyslogd" swVersion="5.8.6" x-pid="986" x-info="http://www.rsyslog.com"] rsyslogd was HUPed
Dec 31 18:05:49 localhost anacron[1487]: Job `cron.daily' terminated (mailing output)
Dec 31 18:05:49 localhost anacron[1487]: Can't find sendmail at /usr/sbin/sendmail, not mailing output
Dec 31 18:10:25 localhost anacron[1487]: Job `cron.weekly' started
Dec 31 18:10:27 localhost anacron[5470]: Updated timestamp for job `cron.weekly' to 1969-12-31
Dec 31 18:11:29 localhost anacron[1487]: Job `cron.weekly' terminated
Dec 31 18:11:29 localhost anacron[1487]: Normal exit (2 jobs run)
Dec 31 18:16:17 localhost CRON[5519]: (root) CMD (   cd / && run-parts --report /etc/cron.hourly)
Dec 31 19:16:01 localhost CRON[11124]: (root) CMD (   cd / && run-parts --report /etc/cron.hourly)
Dec 31 19:18:20 localhost dhclient: DHCPREQUEST of 173.230.15.139 on eth0 to 10.90.90.95 port 67
Dec 31 19:18:20 localhost dhclient: DHCPACK of 173.230.15.139 from 10.90.90.95
Dec 31 19:18:20 localhost NetworkManager[1258]: <info> (eth0): DHCPv4 state changed bound -> renew
Dec 31 19:18:20 localhost NetworkManager[1258]: <info>   address 173.230.15.139
Dec 31 19:18:20 localhost NetworkManager[1258]: <info>   prefix 27 (255.255.255.224)
Dec 31 19:18:20 localhost NetworkManager[1258]: <info>   gateway 173.230.15.129
Dec 31 19:18:20 localhost NetworkManager[1258]: <info>   nameserver '66.253.214.16'
Dec 31 19:18:20 localhost NetworkManager[1258]: <info>   nameserver '50.30.184.16'
Dec 31 19:18:20 localhost dbus[1125]: [system] Activating service name='org.freedesktop.nm_dispatcher' (using servicehelper)
Dec 31 19:18:20 localhost dhclient: bound to 173.230.15.139 -- renewal in 4810 seconds.
Dec 31 19:18:21 localhost dbus[1125]: [system] Successfully activated service 'org.freedesktop.nm_dispatcher'
Dec 31 20:16:01 localhost CRON[11131]: (root) CMD (   cd / && run-parts --report /etc/cron.hourly)
Dec 31 20:38:30 localhost dhclient: DHCPREQUEST of 173.230.15.139 on eth0 to 10.90.90.95 port 67
Dec 31 20:38:30 localhost dhclient: DHCPACK of 173.230.15.139 from 10.90.90.95
Dec 31 20:38:30 localhost dhclient: bound to 173.230.15.139 -- renewal in 5031 seconds.
Dec 31 21:16:01 localhost CRON[11135]: (root) CMD (   cd / && run-parts --report /etc/cron.hourly)
Dec 31 22:02:21 localhost dhclient: DHCPREQUEST of 173.230.15.139 on eth0 to 10.90.90.95 port 67
Dec 31 22:02:21 localhost dhclient: DHCPACK of 173.230.15.139 from 10.90.90.95
Dec 31 22:02:21 localhost dhclient: bound to 173.230.15.139 -- renewal in 5297 seconds.
Dec 31 22:16:01 localhost CRON[11139]: (root) CMD (   cd / && run-parts --report /etc/cron.hourly)
Dec 31 23:16:01 localhost CRON[11142]: (root) CMD (   cd / && run-parts --report /etc/cron.hourly)
Dec 31 23:30:38 localhost dhclient: DHCPREQUEST of 173.230.15.139 on eth0 to 10.90.90.95 port 67
Dec 31 23:30:38 localhost dhclient: DHCPACK of 173.230.15.139 from 10.90.90.95
Dec 31 23:30:38 localhost dhclient: bound to 173.230.15.139 -- renewal in 4816 seconds.
Jan  1 00:17:01 localhost CRON[11146]: (root) CMD (   cd / && run-parts --report /etc/cron.hourly)
Dec 31 18:00:13 localhost kernel: imklog 5.8.6, log source = /proc/kmsg started.
Dec 31 18:00:13 localhost rsyslogd: [origin software="rsyslogd" swVersion="5.8.6" x-pid="958" x-info="http://www.rsyslog.com"] start
Dec 31 18:00:14 localhost rsyslogd: rsyslogd's groupid changed to 103
Dec 31 18:00:14 localhost rsyslogd: rsyslogd's userid changed to 101
Dec 31 18:00:13 localhost rsyslogd-2039: Could not open output pipe '/dev/xconsole' [try http://www.rsyslog.com/e/2039 ]
Dec 31 18:00:14 localhost kernel: [    0.000000] Booting Linux on physical CPU 0x0
Dec 31 18:00:14 localhost kernel: [    0.000000] Initializing cgroup subsys cpuset
Dec 31 18:00:14 localhost kernel: [    0.000000] Initializing cgroup subsys cpuacct
Dec 31 18:00:14 localhost kernel: [    0.000000] Linux version 3.12.0-xillinux-1.3 (eli@ocho.localdomain) (gcc version 4.5.1 (Sourcery G++ Lite 2010.09-62) ) #1 SMP PREEMPT Thu Mar 13 18:39:32 IST 2014
Dec 31 18:00:14 localhost kernel: [    0.000000] CPU: ARMv7 Processor [413fc090] revision 0 (ARMv7), cr=18c5387d
Dec 31 18:00:14 localhost kernel: [    0.000000] CPU: PIPT / VIPT nonaliasing data cache, VIPT aliasing instruction cache
Dec 31 18:00:14 localhost kernel: [    0.000000] Machine: Xilinx Zynq Platform, model: Xilinx Zynq
Dec 31 18:00:14 localhost kernel: [    0.000000] bootconsole [earlycon0] enabled
Dec 31 18:00:14 localhost kernel: [    0.000000] Memory policy: Data cache writealloc
Dec 31 18:00:14 localhost kernel: [    0.000000] On node 0 totalpages: 131072
Dec 31 18:00:14 localhost kernel: [    0.000000] free_area_init_node: node 0, pgdat c06bd740, node_mem_map c06f1000
Dec 31 18:00:14 localhost kernel: [    0.000000]   Normal zone: 1024 pages used for memmap
Dec 31 18:00:14 localhost kernel: [    0.000000]   Normal zone: 0 pages reserved
Dec 31 18:00:14 localhost kernel: [    0.000000]   Normal zone: 131072 pages, LIFO batch:31
Dec 31 18:00:14 localhost kernel: [    0.000000] PERCPU: Embedded 7 pages/cpu @c0af8000 s7936 r8192 d12544 u32768
Dec 31 18:00:14 localhost kernel: [    0.000000] pcpu-alloc: s7936 r8192 d12544 u32768 alloc=8*4096
Dec 31 18:00:14 localhost kernel: [    0.000000] pcpu-alloc: [0] 0 [0] 1 
Dec 31 18:00:14 localhost kernel: [    0.000000] Built 1 zonelists in Zone order, mobility grouping on.  Total pages: 130048
Dec 31 18:00:14 localhost kernel: [    0.000000] Kernel command line: console=ttyPS0,115200n8 consoleblank=0 root=/dev/mmcblk0p2 rw rootwait earlyprintk
Dec 31 18:00:14 localhost kernel: [    0.000000] PID hash table entries: 2048 (order: 1, 8192 bytes)
Dec 31 18:00:14 localhost kernel: [    0.000000] Dentry cache hash table entries: 65536 (order: 6, 262144 bytes)
Dec 31 18:00:14 localhost kernel: [    0.000000] Inode-cache hash table entries: 32768 (order: 5, 131072 bytes)
Dec 31 18:00:14 localhost kernel: [    0.000000] allocated 1048576 bytes of page_cgroup
Dec 31 18:00:14 localhost kernel: [    0.000000] please try 'cgroup_disable=memory' option if you don't want memory cgroups
Dec 31 18:00:14 localhost kernel: [    0.000000] Memory: 511536K/524288K available (4631K kernel code, 296K rwdata, 1744K rodata, 199K init, 200K bss, 12752K reserved, 0K highmem)
Dec 31 18:00:14 localhost kernel: [    0.000000] Virtual kernel memory layout:
Dec 31 18:00:14 localhost kernel: [    0.000000]     vector  : 0xffff0000 - 0xffff1000   (   4 kB)
Dec 31 18:00:14 localhost kernel: [    0.000000]     fixmap  : 0xfff00000 - 0xfffe0000   ( 896 kB)
Dec 31 18:00:14 localhost kernel: [    0.000000]     vmalloc : 0xe0800000 - 0xff000000   ( 488 MB)
Dec 31 18:00:14 localhost kernel: [    0.000000]     lowmem  : 0xc0000000 - 0xe0000000   ( 512 MB)
Dec 31 18:00:14 localhost kernel: [    0.000000]     pkmap   : 0xbfe00000 - 0xc0000000   (   2 MB)
Dec 31 18:00:14 localhost kernel: [    0.000000]     modules : 0xbf000000 - 0xbfe00000   (  14 MB)
Dec 31 18:00:14 localhost kernel: [    0.000000]       .text : 0xc0008000 - 0xc0641e24   (6376 kB)
Dec 31 18:00:14 localhost kernel: [    0.000000]       .init : 0xc0642000 - 0xc0673f00   ( 200 kB)
Dec 31 18:00:14 localhost kernel: [    0.000000]       .data : 0xc0674000 - 0xc06be3c0   ( 297 kB)
Dec 31 18:00:14 localhost kernel: [    0.000000]        .bss : 0xc06be3cc - 0xc06f065c   ( 201 kB)
Dec 31 18:00:14 localhost kernel: [    0.000000] Preemptible hierarchical RCU implementation.
Dec 31 18:00:14 localhost kernel: [    0.000000] 	Dump stacks of tasks blocking RCU-preempt GP.
Dec 31 18:00:14 localhost kernel: [    0.000000] 	RCU restricting CPUs from NR_CPUS=4 to nr_cpu_ids=2.
Dec 31 18:00:14 localhost kernel: [    0.000000] NR_IRQS:16 nr_irqs:16 16
Dec 31 18:00:14 localhost kernel: [    0.000000] ps7-slcr mapped to e0802000
Dec 31 18:00:14 localhost kernel: [    0.000000] Zynq clock init
Dec 31 18:00:14 localhost kernel: [    0.000000] sched_clock: 16 bits at 54kHz, resolution 18432ns, wraps every 1207ms
Dec 31 18:00:14 localhost kernel: [    0.000000] ps7-ttc #0 at e0804000, irq=43
Dec 31 18:00:14 localhost kernel: [    0.000000] Console: colour dummy device 80x30
Dec 31 18:00:14 localhost kernel: [    0.008644] Calibrating delay loop... 1332.01 BogoMIPS (lpj=6660096)
Dec 31 18:00:14 localhost kernel: [    0.094833] pid_max: default: 32768 minimum: 301
Dec 31 18:00:14 localhost kernel: [    0.097008] Mount-cache hash table entries: 512
Dec 31 18:00:14 localhost kernel: [    0.103478] Initializing cgroup subsys memory
Dec 31 18:00:14 localhost kernel: [    0.105837] Initializing cgroup subsys devices
Dec 31 18:00:14 localhost kernel: [    0.110224] Initializing cgroup subsys freezer
Dec 31 18:00:14 localhost kernel: [    0.114703] Initializing cgroup subsys blkio
Dec 31 18:00:14 localhost kernel: [    0.119016] Initializing cgroup subsys perf_event
Dec 31 18:00:14 localhost kernel: [    0.123808] CPU: Testing write buffer coherency: ok
Dec 31 18:00:14 localhost kernel: [    0.128914] CPU0: thread -1, cpu 0, socket 0, mpidr 80000000
Dec 31 18:00:14 localhost kernel: [    0.134352] Setting up static identity map for 0xc045ffb0 - 0xc0460008
Dec 31 18:00:14 localhost kernel: [    0.141024] L310 cache controller enabled
Dec 31 18:00:14 localhost kernel: [    0.144913] l2x0: 8 ways, CACHE_ID 0x410000c8, AUX_CTRL 0x72360000, Cache size: 512 kB
Dec 31 18:00:14 localhost kernel: [    0.205573] CPU1: Booted secondary processor
Dec 31 18:00:14 localhost kernel: [    0.294803] CPU1: thread -1, cpu 1, socket 0, mpidr 80000001
Dec 31 18:00:14 localhost kernel: [    0.294932] Brought up 2 CPUs
Dec 31 18:00:14 localhost kernel: [    0.302434] SMP: Total of 2 processors activated.
Dec 31 18:00:14 localhost kernel: [    0.307171] CPU: All CPU(s) started in SVC mode.
Dec 31 18:00:14 localhost kernel: [    0.312388] devtmpfs: initialized
Dec 31 18:00:14 localhost kernel: [    0.317567] VFP support v0.3: implementor 41 architecture 3 part 30 variant 9 rev 4
Dec 31 18:00:14 localhost kernel: [    0.323853] regulator-dummy: no parameters
Dec 31 18:00:14 localhost kernel: [    0.327484] NET: Registered protocol family 16
Dec 31 18:00:14 localhost kernel: [    0.332663] DMA: preallocated 256 KiB pool for atomic coherent allocations
Dec 31 18:00:14 localhost kernel: [    0.343335] zynq_gpio e000a000.ps7-gpio: gpio at 0xe000a000 mapped to 0xe0850000
Dec 31 18:00:14 localhost kernel: [    0.350155] hw-breakpoint: found 5 (+1 reserved) breakpoint and 1 watchpoint registers.
Dec 31 18:00:14 localhost kernel: [    0.353676] hw-breakpoint: maximum watchpoint size is 4 bytes.
Dec 31 18:00:14 localhost kernel: [    0.359629] zynq_ocm f800c000.ps7-ocmc: ZYNQ OCM pool: 256 KiB @ 0xe0880000
Dec 31 18:00:14 localhost kernel: [    0.395222] bio: create slab <bio-0> at 0
Dec 31 18:00:14 localhost kernel: [    0.396862] vgaarb: loaded
Dec 31 18:00:14 localhost kernel: [    0.397544] SCSI subsystem initialized
Dec 31 18:00:14 localhost kernel: [    0.401010] usbcore: registered new interface driver usbfs
Dec 31 18:00:14 localhost kernel: [    0.406005] usbcore: registered new interface driver hub
Dec 31 18:00:14 localhost kernel: [    0.411368] usbcore: registered new device driver usb
Dec 31 18:00:14 localhost kernel: [    0.417248] media: Linux media interface: v0.10
Dec 31 18:00:14 localhost kernel: [    0.420916] Linux video capture interface: v2.00
Dec 31 18:00:14 localhost kernel: [    0.425967] pps_core: LinuxPPS API ver. 1 registered
Dec 31 18:00:14 localhost kernel: [    0.430409] pps_core: Software ver. 5.3.6 - Copyright 2005-2007 Rodolfo Giometti <giometti@linux.it>
Dec 31 18:00:14 localhost kernel: [    0.439717] PTP clock support registered
Dec 31 18:00:14 localhost kernel: [    0.443827] EDAC MC: Ver: 3.0.0
Dec 31 18:00:14 localhost kernel: [    0.447790] Advanced Linux Sound Architecture Driver Initialized.
Dec 31 18:00:14 localhost kernel: [    0.453836] Switched to clocksource ttc_clocksource
Dec 31 18:00:14 localhost kernel: [    0.475660] NET: Registered protocol family 2
Dec 31 18:00:14 localhost kernel: [    0.476323] TCP established hash table entries: 4096 (order: 3, 32768 bytes)
Dec 31 18:00:14 localhost kernel: [    0.481706] TCP bind hash table entries: 4096 (order: 3, 32768 bytes)
Dec 31 18:00:14 localhost kernel: [    0.488286] TCP: Hash tables configured (established 4096 bind 4096)
Dec 31 18:00:14 localhost kernel: [    0.494497] TCP: reno registered
Dec 31 18:00:14 localhost kernel: [    0.497705] UDP hash table entries: 256 (order: 1, 8192 bytes)
Dec 31 18:00:14 localhost kernel: [    0.503566] UDP-Lite hash table entries: 256 (order: 1, 8192 bytes)
Dec 31 18:00:14 localhost kernel: [    0.510091] NET: Registered protocol family 1
Dec 31 18:00:14 localhost kernel: [    0.514589] RPC: Registered named UNIX socket transport module.
Dec 31 18:00:14 localhost kernel: [    0.520137] RPC: Registered udp transport module.
Dec 31 18:00:14 localhost kernel: [    0.524929] RPC: Registered tcp transport module.
Dec 31 18:00:14 localhost kernel: [    0.529592] RPC: Registered tcp NFSv4.1 backchannel transport module.
Dec 31 18:00:14 localhost kernel: [    0.536099] PCI: CLS 0 bytes, default 64
Dec 31 18:00:14 localhost kernel: [    0.536504] hw perfevents: enabled with ARMv7 Cortex-A9 PMU driver, 7 counters available
Dec 31 18:00:14 localhost kernel: [    0.547232] VFS: Disk quotas dquot_6.5.2
Dec 31 18:00:14 localhost kernel: [    0.548209] Dquot-cache hash table entries: 1024 (order 0, 4096 bytes)
Dec 31 18:00:14 localhost kernel: [    0.555324] NFS: Registering the id_resolver key type
Dec 31 18:00:14 localhost kernel: [    0.559766] Key type id_resolver registered
Dec 31 18:00:14 localhost kernel: [    0.563931] Key type id_legacy registered
Dec 31 18:00:14 localhost kernel: [    0.567987] jffs2: version 2.2. (NAND) (SUMMARY)  © 2001-2006 Red Hat, Inc.
Dec 31 18:00:14 localhost kernel: [    0.575212] msgmni has been set to 999
Dec 31 18:00:14 localhost kernel: [    0.579562] Block layer SCSI generic (bsg) driver version 0.4 loaded (major 249)
Dec 31 18:00:14 localhost kernel: [    0.586253] io scheduler noop registered
Dec 31 18:00:14 localhost kernel: [    0.590142] io scheduler deadline registered
Dec 31 18:00:14 localhost kernel: [    0.594492] io scheduler cfq registered (default)
Dec 31 18:00:14 localhost kernel: [    1.495732] Console: switching to colour frame buffer device 128x48
Dec 31 18:00:14 localhost kernel: [    1.524929] e0001000.serial: ttyPS0 at MMIO 0xe0001000 (irq = 82, base_baud = 3124999) is a xuartps
Dec 31 18:00:14 localhost kernel: [    1.528542] console [ttyPS0] enabled, bootconsole disabled
Dec 31 18:00:14 localhost kernel: [    1.534716] xdevcfg f8007000.ps7-dev-cfg: ioremap 0xf8007000 to e0864000
Dec 31 18:00:14 localhost kernel: [    1.557056] brd: module loaded
Dec 31 18:00:14 localhost kernel: [    1.565627] loop: module loaded
Dec 31 18:00:14 localhost kernel: [    1.575820] xqspips e000d000.ps7-qspi: master is unqueued, this is deprecated
Dec 31 18:00:14 localhost kernel: [    1.583359] m25p80 spi0.0: found s25fl256s1, expected n25q128
Dec 31 18:00:14 localhost kernel: [    1.589220] m25p80 spi0.0: s25fl256s1 (32768 Kbytes)
Dec 31 18:00:14 localhost kernel: [    1.594234] 5 ofpart partitions found on MTD device spi0.0
Dec 31 18:00:14 localhost kernel: [    1.599635] Creating 5 MTD partitions on "spi0.0":
Dec 31 18:00:14 localhost kernel: [    1.604445] 0x000000000000-0x000000100000 : "qspi-fsbl-uboot"
Dec 31 18:00:14 localhost kernel: [    1.611468] 0x000000100000-0x000000600000 : "qspi-linux"
Dec 31 18:00:14 localhost kernel: [    1.617901] 0x000000600000-0x000000620000 : "qspi-device-tree"
Dec 31 18:00:14 localhost kernel: [    1.624794] 0x000000620000-0x000000c00000 : "qspi-rootfs"
Dec 31 18:00:14 localhost kernel: [    1.631246] 0x000000c00000-0x000001000000 : "qspi-bitstream"
Dec 31 18:00:14 localhost kernel: [    1.638066] xqspips e000d000.ps7-qspi: at 0xE000D000 mapped to 0xE0866000, irq=51
Dec 31 18:00:14 localhost kernel: [    1.647927] libphy: Fixed MDIO Bus: probed
Dec 31 18:00:14 localhost kernel: [    1.653954] libphy: XEMACPS mii bus: probed
Dec 31 18:00:14 localhost kernel: [    1.658820] xemacps e000b000.ps7-ethernet: pdev->id -1, baseaddr 0xe000b000, irq 54
Dec 31 18:00:14 localhost kernel: [    1.666893] ehci_hcd: USB 2.0 'Enhanced' Host Controller (EHCI) Driver
Dec 31 18:00:14 localhost kernel: [    1.673492] ehci-pci: EHCI PCI platform driver
Dec 31 18:00:14 localhost kernel: [    1.678340] ULPI transceiver vendor/product ID 0x0451/0x1507
Dec 31 18:00:14 localhost kernel: [    1.684017] Found TI TUSB1210 ULPI transceiver.
Dec 31 18:00:14 localhost kernel: [    1.688478] ULPI integrity check: passed.
Dec 31 18:00:14 localhost kernel: [    1.692717] xusbps-ehci xusbps-ehci.0: Xilinx PS USB EHCI Host Controller
Dec 31 18:00:14 localhost kernel: [    1.699500] xusbps-ehci xusbps-ehci.0: new USB bus registered, assigned bus number 1
Dec 31 18:00:14 localhost kernel: [    1.733876] xusbps-ehci xusbps-ehci.0: irq 53, io mem 0x00000000
Dec 31 18:00:14 localhost kernel: [    1.753856] xusbps-ehci xusbps-ehci.0: USB 2.0 started, EHCI 1.00
Dec 31 18:00:14 localhost kernel: [    1.760768] hub 1-0:1.0: USB hub found
Dec 31 18:00:14 localhost kernel: [    1.764492] hub 1-0:1.0: 1 port detected
Dec 31 18:00:14 localhost kernel: [    1.768989] usbcore: registered new interface driver usb-storage
Dec 31 18:00:14 localhost kernel: [    1.775791] mousedev: PS/2 mouse device common for all mice
Dec 31 18:00:14 localhost kernel: [    1.781873] i2c /dev entries driver
Dec 31 18:00:14 localhost kernel: [    1.786131] IR NEC protocol handler initialized
Dec 31 18:00:14 localhost kernel: [    1.790573] IR RC5(x) protocol handler initialized
Dec 31 18:00:14 localhost kernel: [    1.795366] IR RC6 protocol handler initialized
Dec 31 18:00:14 localhost kernel: [    1.799863] IR JVC protocol handler initialized
Dec 31 18:00:14 localhost kernel: [    1.804397] IR Sony protocol handler initialized
Dec 31 18:00:14 localhost kernel: [    1.808969] IR RC5 (streamzap) protocol handler initialized
Dec 31 18:00:14 localhost kernel: [    1.814554] IR SANYO protocol handler initialized
Dec 31 18:00:14 localhost kernel: [    1.819217] IR MCE Keyboard/mouse protocol handler initialized
Dec 31 18:00:14 localhost kernel: [    1.825926] xadcps f8007100.ps7-xadc: enabled:	yes	reference:	external
Dec 31 18:00:14 localhost kernel: [    1.832949] zynq-edac f8006000.ps7-ddrc: ecc not enabled
Dec 31 18:00:14 localhost kernel: [    1.838515] sdhci: Secure Digital Host Controller Interface driver
Dec 31 18:00:14 localhost kernel: [    1.844635] sdhci: Copyright(c) Pierre Ossman
Dec 31 18:00:14 localhost kernel: [    1.848948] sdhci-pltfm: SDHCI platform and OF driver helper
Dec 31 18:00:14 localhost kernel: [    1.855749] mmc0: no vqmmc regulator found
Dec 31 18:00:14 localhost kernel: [    1.859768] mmc0: no vmmc regulator found
Dec 31 18:00:14 localhost kernel: [    1.863767] mmc0: Invalid maximum block size, assuming 512 bytes
Dec 31 18:00:14 localhost kernel: [    1.903894] mmc0: SDHCI controller on e0100000.ps7-sdio [e0100000.ps7-sdio] using ADMA
Dec 31 18:00:14 localhost kernel: [    1.917018] usbcore: registered new interface driver usbhid
Dec 31 18:00:14 localhost kernel: [    1.922492] usbhid: USB HID core driver
Dec 31 18:00:14 localhost kernel: [    1.927248] pmodoled-gpio-spi [zed_oled] SPI Probing
Dec 31 18:00:14 localhost kernel: [    1.953016] mmc0: new high speed SDHC card at address b368
Dec 31 18:00:14 localhost kernel: [    1.958859] mmcblk0: mmc0:b368 F0F0F 3.71 GiB 
Dec 31 18:00:14 localhost kernel: [    1.964370]  mmcblk0: p1 p2
Dec 31 18:00:14 localhost kernel: [    2.083903] usb 1-1: new high-speed USB device number 2 using xusbps-ehci
Dec 31 18:00:14 localhost kernel: [    2.099681] no UART detected at 0x1
Dec 31 18:00:14 localhost kernel: [    2.104326] TCP: cubic registered
Dec 31 18:00:14 localhost kernel: [    2.107570] NET: Registered protocol family 15
Dec 31 18:00:14 localhost kernel: [    2.112049] Key type dns_resolver registered
Dec 31 18:00:14 localhost kernel: [    2.116546] Registering SWP/SWPB emulation handler
Dec 31 18:00:14 localhost kernel: [    2.121984] registered taskstats version 1
Dec 31 18:00:14 localhost kernel: [    2.126426] drivers/rtc/hctosys.c: unable to open rtc device (rtc0)
Dec 31 18:00:14 localhost kernel: [    2.136139] ALSA device list:
Dec 31 18:00:14 localhost kernel: [    2.139033]   No soundcards found.
Dec 31 18:00:14 localhost kernel: [    2.143770] EXT4-fs (mmcblk0p2): couldn't mount as ext3 due to feature incompatibilities
Dec 31 18:00:14 localhost kernel: [    2.152489] EXT4-fs (mmcblk0p2): couldn't mount as ext2 due to feature incompatibilities
Dec 31 18:00:14 localhost kernel: [    2.247359] hub 1-1:1.0: USB hub found
Dec 31 18:00:14 localhost kernel: [    2.251433] hub 1-1:1.0: 4 ports detected
Dec 31 18:00:14 localhost kernel: [    2.534182] usb 1-1.1: new low-speed USB device number 3 using xusbps-ehci
Dec 31 18:00:14 localhost kernel: [    2.653254] input: GASIA USB KB V11 as /devices/amba.0/e0002000.ps7-usb/xusbps-ehci.0/usb1/1-1/1-1.1/1-1.1:1.0/input/input0
Dec 31 18:00:14 localhost kernel: [    2.664737] hid-generic 0003:0E8F:0022.0001: input: USB HID v1.10 Keyboard [GASIA USB KB V11] on usb-xusbps-ehci.0-1.1/input0
Dec 31 18:00:14 localhost kernel: [    2.682100] input: GASIA USB KB V11 as /devices/amba.0/e0002000.ps7-usb/xusbps-ehci.0/usb1/1-1/1-1.1/1-1.1:1.1/input/input1
Dec 31 18:00:14 localhost kernel: [    2.693583] hid-generic 0003:0E8F:0022.0002: input: USB HID v1.10 Device [GASIA USB KB V11] on usb-xusbps-ehci.0-1.1/input1
Dec 31 18:00:14 localhost kernel: [    2.784177] usb 1-1.4: new full-speed USB device number 4 using xusbps-ehci
Dec 31 18:00:14 localhost kernel: [    2.899968] input: Strix Claw Strix Claw Gaming Mouse as /devices/amba.0/e0002000.ps7-usb/xusbps-ehci.0/usb1/1-1/1-1.4/1-1.4:1.0/input/input2
Dec 31 18:00:14 localhost kernel: [    2.914142] hid-generic 0003:195D:1016.0003: input,hiddev0: USB HID v1.11 Mouse [Strix Claw Strix Claw Gaming Mouse] on usb-xusbps-ehci.0-1.4/input0
Dec 31 18:00:14 localhost kernel: [    2.929681] input: Strix Claw Strix Claw Gaming Mouse as /devices/amba.0/e0002000.ps7-usb/xusbps-ehci.0/usb1/1-1/1-1.4/1-1.4:1.1/input/input3
Dec 31 18:00:14 localhost kernel: [    3.013860] input: failed to attach handler kbd to device input3, error: -16
Dec 31 18:00:14 localhost kernel: [    3.021160] hid-generic 0003:195D:1016.0004: input: USB HID v1.11 Keyboard [Strix Claw Strix Claw Gaming Mouse] on usb-xusbps-ehci.0-1.4/input1
Dec 31 18:00:14 localhost kernel: [    3.035998] hid-generic 0003:195D:1016.0005: hiddev0: USB HID v1.11 Device [Strix Claw Strix Claw Gaming Mouse] on usb-xusbps-ehci.0-1.4/input2
Dec 31 18:00:14 localhost kernel: [   11.072862] EXT4-fs (mmcblk0p2): 3 orphan inodes deleted
Dec 31 18:00:14 localhost kernel: [   11.078115] EXT4-fs (mmcblk0p2): recovery complete
Dec 31 18:00:14 localhost kernel: [   12.065507] EXT4-fs (mmcblk0p2): mounted filesystem with ordered data mode. Opts: (null)
Dec 31 18:00:14 localhost kernel: [   12.073544] VFS: Mounted root (ext4 filesystem) on device 179:2.
Dec 31 18:00:14 localhost kernel: [   12.080290] devtmpfs: mounted
Dec 31 18:00:14 localhost kernel: [   12.083423] Freeing unused kernel memory: 196K (c0642000 - c0673000)
Dec 31 18:00:14 localhost avahi-daemon[1151]: Found user 'avahi' (UID 107) and group 'avahi' (GID 118).
Dec 31 18:00:14 localhost avahi-daemon[1151]: Successfully dropped root privileges.
Dec 31 18:00:14 localhost avahi-daemon[1151]: avahi-daemon 0.6.30 starting up.
Dec 31 18:00:14 localhost modem-manager[1141]: <info>  ModemManager (version 0.5.2.0) starting...
Dec 31 18:00:14 localhost modem-manager[1141]: <info>  Loaded plugin ZTE
Dec 31 18:00:14 localhost modem-manager[1141]: <info>  Loaded plugin MotoC
Dec 31 18:00:14 localhost modem-manager[1141]: <info>  Loaded plugin Ericsson MBM
Dec 31 18:00:14 localhost modem-manager[1141]: <info>  Loaded plugin Gobi
Dec 31 18:00:14 localhost modem-manager[1141]: <info>  Loaded plugin Generic
Dec 31 18:00:14 localhost modem-manager[1141]: <info>  Loaded plugin Novatel
Dec 31 18:00:14 localhost modem-manager[1141]: <info>  Loaded plugin Linktop
Dec 31 18:00:14 localhost modem-manager[1141]: <info>  Loaded plugin Wavecom
Dec 31 18:00:14 localhost modem-manager[1141]: <info>  Loaded plugin Option
Dec 31 18:00:14 localhost modem-manager[1141]: <info>  Loaded plugin Longcheer
Dec 31 18:00:14 localhost modem-manager[1141]: <info>  Loaded plugin Sierra
Dec 31 18:00:14 localhost modem-manager[1141]: <info>  Loaded plugin AnyData
Dec 31 18:00:14 localhost avahi-daemon[1151]: Successfully called chroot().
Dec 31 18:00:14 localhost avahi-daemon[1151]: Successfully dropped remaining capabilities.
Dec 31 18:00:14 localhost avahi-daemon[1151]: Loading service file /services/udisks.service.
Dec 31 18:00:14 localhost kernel: [   14.669621] lp: driver loaded but no devices found
Dec 31 18:00:14 localhost NetworkManager[1162]: <info> NetworkManager (version 0.9.4.0) is starting...
Dec 31 18:00:14 localhost NetworkManager[1162]: <info> Read config file /etc/NetworkManager/NetworkManager.conf
Dec 31 18:00:14 localhost modem-manager[1141]: <info>  Loaded plugin Huawei
Dec 31 18:00:14 localhost modem-manager[1141]: <info>  Loaded plugin X22X
Dec 31 18:00:14 localhost modem-manager[1141]: <info>  Loaded plugin Option High-Speed
Dec 31 18:00:14 localhost modem-manager[1141]: <info>  Loaded plugin SimTech
Dec 31 18:00:14 localhost modem-manager[1141]: <info>  Loaded plugin Nokia
Dec 31 18:00:14 localhost modem-manager[1141]: <info>  Loaded plugin Samsung
Dec 31 18:00:14 localhost kernel: [   14.803642] ppdev: user-space parallel port driver
Dec 31 18:00:14 localhost avahi-daemon[1151]: System host name is set to 'localhost'. This is not a suitable mDNS host name, looking for alternatives.
Dec 31 18:00:14 localhost avahi-daemon[1151]: Network interface enumeration completed.
Dec 31 18:00:14 localhost avahi-daemon[1151]: Registering HINFO record with values 'ARMV7L'/'LINUX'.
Dec 31 18:00:14 localhost avahi-daemon[1151]: Server startup complete. Host name is linux.local. Local service cookie is 396694236.
Dec 31 18:00:14 localhost avahi-daemon[1151]: Service "linux" (/services/udisks.service) successfully established.
Dec 31 18:00:14 localhost kernel: [   14.863472] NET: Registered protocol family 10
Dec 31 18:00:15 localhost kernel: [   15.070208] xillybus_core: module is from the staging directory, the quality is unknown, you have been warned.
Dec 31 18:00:15 localhost NetworkManager[1162]: <info> VPN: loaded org.freedesktop.NetworkManager.pptp
Dec 31 18:00:15 localhost NetworkManager[1162]: <info> DNS: loaded plugin dnsmasq
Dec 31 18:00:15 localhost kernel: [   15.135752] xillybus_of: module is from the staging directory, the quality is unknown, you have been warned.
Dec 31 18:00:15 localhost dbus[1129]: [system] Activating service name='org.freedesktop.PolicyKit1' (using servicehelper)
Dec 31 18:00:15 localhost mtp-probe: checking bus 1, device 3: "/sys/devices/amba.0/e0002000.ps7-usb/xusbps-ehci.0/usb1/1-1/1-1.1"
Dec 31 18:00:15 localhost mtp-probe: checking bus 1, device 4: "/sys/devices/amba.0/e0002000.ps7-usb/xusbps-ehci.0/usb1/1-1/1-1.4"
Dec 31 18:00:15 localhost mtp-probe: bus: 1, device: 4 was not an MTP device
Dec 31 18:00:15 localhost mtp-probe: bus: 1, device: 3 was not an MTP device
Dec 31 18:00:15 localhost udev-configure-printer: add /module/lp
Dec 31 18:00:15 localhost udev-configure-printer: Failed to get parent
Dec 31 18:00:15 localhost polkitd[1272]: started daemon version 0.104 using authority implementation `local' version `0.104'
Dec 31 18:00:15 localhost dbus[1129]: [system] Successfully activated service 'org.freedesktop.PolicyKit1'
Dec 31 18:00:15 localhost NetworkManager[1162]:    SCPlugin-Ifupdown: init!
Dec 31 18:00:15 localhost NetworkManager[1162]:    SCPlugin-Ifupdown: update_system_hostname
Dec 31 18:00:15 localhost NetworkManager[1162]:    SCPluginIfupdown: management mode: unmanaged
Dec 31 18:00:15 localhost NetworkManager[1162]:    SCPlugin-Ifupdown: devices added (path: /sys/devices/amba.0/e000b000.ps7-ethernet/net/eth0, iface: eth0)
Dec 31 18:00:15 localhost NetworkManager[1162]:    SCPlugin-Ifupdown: device added (path: /sys/devices/amba.0/e000b000.ps7-ethernet/net/eth0, iface: eth0): no ifupdown configuration found.
Dec 31 18:00:15 localhost NetworkManager[1162]:    SCPlugin-Ifupdown: devices added (path: /sys/devices/virtual/net/lo, iface: lo)
Dec 31 18:00:15 localhost NetworkManager[1162]:    SCPlugin-Ifupdown: device added (path: /sys/devices/virtual/net/lo, iface: lo): no ifupdown configuration found.
Dec 31 18:00:15 localhost NetworkManager[1162]:    SCPlugin-Ifupdown: end _init.
Dec 31 18:00:15 localhost NetworkManager[1162]: <info> Loaded plugin ifupdown: (C) 2008 Canonical Ltd.  To report bugs please use the NetworkManager mailing list.
Dec 31 18:00:15 localhost NetworkManager[1162]: <info> Loaded plugin keyfile: (c) 2007 - 2010 Red Hat, Inc.  To report bugs please use the NetworkManager mailing list.
Dec 31 18:00:15 localhost NetworkManager[1162]:    Ifupdown: get unmanaged devices count: 0
Dec 31 18:00:15 localhost NetworkManager[1162]:    SCPlugin-Ifupdown: (773456) ... get_connections.
Dec 31 18:00:15 localhost NetworkManager[1162]:    SCPlugin-Ifupdown: (773456) ... get_connections (managed=false): return empty list.
Dec 31 18:00:15 localhost NetworkManager[1162]:    Ifupdown: get unmanaged devices count: 0
Dec 31 18:00:15 localhost NetworkManager[1162]: <info> modem-manager is now available
Dec 31 18:00:15 localhost NetworkManager[1162]: <info> monitoring kernel firmware directory '/lib/firmware'.
Dec 31 18:00:15 localhost NetworkManager[1162]: <info> WiFi enabled by radio killswitch; enabled by state file
Dec 31 18:00:15 localhost NetworkManager[1162]: <info> WWAN enabled by radio killswitch; enabled by state file
Dec 31 18:00:15 localhost NetworkManager[1162]: <info> WiMAX enabled by radio killswitch; enabled by state file
Dec 31 18:00:15 localhost NetworkManager[1162]: <info> Networking is enabled by state file
Dec 31 18:00:15 localhost NetworkManager[1162]: <warn> failed to allocate link cache: (-10) Operation not supported
Dec 31 18:00:15 localhost NetworkManager[1162]: <info> (eth0): carrier is OFF
Dec 31 18:00:15 localhost NetworkManager[1162]: <error> [15.734757] [nm-device-ethernet.c:456] real_update_permanent_hw_address(): (eth0): unable to read permanent MAC address (error 0)
Dec 31 18:00:15 localhost NetworkManager[1162]: <info> (eth0): new Ethernet device (driver: 'xemacps' ifindex: 2)
Dec 31 18:00:15 localhost NetworkManager[1162]: <info> (eth0): exported as /org/freedesktop/NetworkManager/Devices/0
Dec 31 18:00:15 localhost NetworkManager[1162]: <info> (eth0): now managed
Dec 31 18:00:15 localhost NetworkManager[1162]: <info> (eth0): device state change: unmanaged -> unavailable (reason 'managed') [10 20 2]
Dec 31 18:00:15 localhost NetworkManager[1162]: <info> (eth0): bringing up device.
Dec 31 18:00:15 localhost failsafe: Failsafe of 120 seconds reached.
Dec 31 18:00:15 localhost NetworkManager[1162]: <info> (eth0): carrier now ON (device state 20)
Dec 31 18:00:15 localhost NetworkManager[1162]: <info> (eth0): preparing device.
Dec 31 18:00:15 localhost NetworkManager[1162]: <info> (eth0): deactivating device (reason 'managed') [2]
Dec 31 18:00:15 localhost NetworkManager[1162]: <info> Added default wired connection 'Wired connection 1' for /sys/devices/amba.0/e000b000.ps7-ethernet/net/eth0
Dec 31 18:00:15 localhost NetworkManager[1162]: <warn> bluez error getting default adapter: The name org.bluez was not provided by any .service files
Dec 31 18:00:15 localhost NetworkManager[1162]: <info> (eth0): device state change: unavailable -> disconnected (reason 'none') [20 30 0]
Dec 31 18:00:15 localhost NetworkManager[1162]: <info> Auto-activating connection 'Wired connection 1'.
Dec 31 18:00:15 localhost NetworkManager[1162]: <info> Activation (eth0) starting connection 'Wired connection 1'
Dec 31 18:00:15 localhost NetworkManager[1162]: <info> (eth0): device state change: disconnected -> prepare (reason 'none') [30 40 0]
Dec 31 18:00:15 localhost NetworkManager[1162]: <info> Activation (eth0) Stage 1 of 5 (Device Prepare) scheduled...
Dec 31 18:00:15 localhost NetworkManager[1162]: <info> Activation (eth0) Stage 1 of 5 (Device Prepare) started...
Dec 31 18:00:15 localhost NetworkManager[1162]: <info> Activation (eth0) Stage 2 of 5 (Device Configure) scheduled...
Dec 31 18:00:15 localhost NetworkManager[1162]: <info> Activation (eth0) Stage 1 of 5 (Device Prepare) complete.
Dec 31 18:00:15 localhost NetworkManager[1162]: <info> Activation (eth0) Stage 2 of 5 (Device Configure) starting...
Dec 31 18:00:15 localhost NetworkManager[1162]: <info> (eth0): device state change: prepare -> config (reason 'none') [40 50 0]
Dec 31 18:00:15 localhost NetworkManager[1162]: <info> Activation (eth0) Stage 2 of 5 (Device Configure) successful.
Dec 31 18:00:15 localhost NetworkManager[1162]: <info> Activation (eth0) Stage 3 of 5 (IP Configure Start) scheduled.
Dec 31 18:00:15 localhost NetworkManager[1162]: <info> Activation (eth0) Stage 2 of 5 (Device Configure) complete.
Dec 31 18:00:15 localhost NetworkManager[1162]: <info> Activation (eth0) Stage 3 of 5 (IP Configure Start) started...
Dec 31 18:00:15 localhost NetworkManager[1162]: <info> (eth0): device state change: config -> ip-config (reason 'none') [50 70 0]
Dec 31 18:00:15 localhost NetworkManager[1162]: <info> Activation (eth0) Beginning DHCPv4 transaction (timeout in 45 seconds)
Dec 31 18:00:15 localhost NetworkManager[1162]: <info> dhclient started with pid 1310
Dec 31 18:00:15 localhost NetworkManager[1162]: <info> Activation (eth0) Beginning IP6 addrconf.
Dec 31 18:00:15 localhost NetworkManager[1162]: <info> Activation (eth0) Stage 3 of 5 (IP Configure Start) complete.
Dec 31 18:00:15 localhost dhclient: Internet Systems Consortium DHCP Client 4.1-ESV-R4
Dec 31 18:00:15 localhost dhclient: Copyright 2004-2011 Internet Systems Consortium.
Dec 31 18:00:15 localhost dhclient: All rights reserved.
Dec 31 18:00:15 localhost dhclient: For info, please visit https://www.isc.org/software/dhcp/
Dec 31 18:00:15 localhost dhclient: 
Dec 31 18:00:16 localhost NetworkManager[1162]: <info> (eth0): DHCPv4 state changed nbi -> preinit
Dec 31 18:00:16 localhost udev-configure-printer: add /module/lp
Dec 31 18:00:16 localhost udev-configure-printer: Failed to get parent
Dec 31 18:00:16 localhost kernel: [   16.117210] NET: Registered protocol family 17
Dec 31 18:00:16 localhost dhclient: Listening on LPF/eth0/00:0a:35:00:01:22
Dec 31 18:00:16 localhost dhclient: Sending on   LPF/eth0/00:0a:35:00:01:22
Dec 31 18:00:16 localhost dhclient: Sending on   Socket/fallback
Dec 31 18:00:16 localhost dhclient: DHCPDISCOVER on eth0 to 255.255.255.255 port 67 interval 3
Dec 31 18:00:16 localhost kernel: [   16.200173] xillybus_of 50000000.xillybus: Created 7 device files.
Dec 31 18:00:16 localhost cron[1401]: (CRON) INFO (pidfile fd = 3)
Dec 31 18:00:16 localhost anacron[1416]: Anacron 2.3 started on 1969-12-31
Dec 31 18:00:16 localhost atd[1396]: Cannot change to /var/spool/cron/atjobs: Permission denied
Dec 31 18:00:16 localhost cron[1418]: (CRON) STARTUP (fork ok)
Dec 31 18:00:16 localhost cron[1418]: (CRON) INFO (Running @reboot jobs)
Dec 31 18:00:16 localhost anacron[1416]: Normal exit (0 jobs run)
Dec 31 18:00:16 localhost avahi-daemon[1151]: Joining mDNS multicast group on interface eth0.IPv6 with address fe80::20a:35ff:fe00:122.
Dec 31 18:00:16 localhost avahi-daemon[1151]: New relevant interface eth0.IPv6 for mDNS.
Dec 31 18:00:16 localhost avahi-daemon[1151]: Registering new address record for fe80::20a:35ff:fe00:122 on eth0.*.
Dec 31 18:00:17 localhost NetworkManager[1162]: <info> (eth0): carrier now OFF (device state 70, deferring action for 4 seconds)
Dec 31 18:00:18 localhost dbus[1129]: [system] Activating service name='org.freedesktop.ConsoleKit' (using servicehelper)
Dec 31 18:00:18 localhost dbus[1129]: [system] Successfully activated service 'org.freedesktop.ConsoleKit'
Dec 31 18:00:18 localhost pulseaudio[1466]: [pulseaudio] server-lookup.c: Unable to contact D-Bus: org.freedesktop.DBus.Error.NotSupported: Unable to autolaunch a dbus-daemon without a $DISPLAY for X11
Dec 31 18:00:18 localhost pulseaudio[1466]: [pulseaudio] main.c: Unable to contact D-Bus: org.freedesktop.DBus.Error.NotSupported: Unable to autolaunch a dbus-daemon without a $DISPLAY for X11
Dec 31 18:00:19 localhost dhclient: DHCPDISCOVER on eth0 to 255.255.255.255 port 67 interval 5
Dec 31 18:00:20 localhost NetworkManager[1162]: <info> (eth0): carrier now ON (device state 70)
Dec 31 18:00:20 localhost kernel: [   20.764547] xemacps e000b000.ps7-ethernet: Set clk to 124999998 Hz
Dec 31 18:00:20 localhost kernel: [   20.764566] xemacps e000b000.ps7-ethernet: link up (1000/FULL)
Dec 31 18:00:24 localhost dhclient: DHCPDISCOVER on eth0 to 255.255.255.255 port 67 interval 12
Dec 31 18:00:24 localhost dhclient: DHCPREQUEST of 173.230.15.139 on eth0 to 255.255.255.255 port 67
Dec 31 18:00:24 localhost dhclient: DHCPOFFER of 173.230.15.139 from 10.90.90.95
Dec 31 18:00:24 localhost dhclient: DHCPACK of 173.230.15.139 from 10.90.90.95
Dec 31 18:00:24 localhost NetworkManager[1162]: <info> (eth0): DHCPv4 state changed preinit -> bound
Dec 31 18:00:24 localhost NetworkManager[1162]: <info>   address 173.230.15.139
Dec 31 18:00:24 localhost NetworkManager[1162]: <info>   prefix 27 (255.255.255.224)
Dec 31 18:00:24 localhost NetworkManager[1162]: <info>   gateway 173.230.15.129
Dec 31 18:00:24 localhost NetworkManager[1162]: <info>   nameserver '66.253.214.16'
Dec 31 18:00:24 localhost NetworkManager[1162]: <info>   nameserver '50.30.184.16'
Dec 31 18:00:24 localhost NetworkManager[1162]: <info> Activation (eth0) Stage 5 of 5 (IPv4 Configure Commit) scheduled...
Dec 31 18:00:24 localhost NetworkManager[1162]: <info> Activation (eth0) Stage 5 of 5 (IPv4 Commit) started...
Dec 31 18:00:24 localhost avahi-daemon[1151]: Joining mDNS multicast group on interface eth0.IPv4 with address 173.230.15.139.
Dec 31 18:00:24 localhost avahi-daemon[1151]: New relevant interface eth0.IPv4 for mDNS.
Dec 31 18:00:24 localhost avahi-daemon[1151]: Registering new address record for 173.230.15.139 on eth0.IPv4.
Dec 31 18:00:24 localhost dhclient: bound to 173.230.15.139 -- renewal in 4875 seconds.
Dec 31 18:00:25 localhost NetworkManager[1162]: <info> DNS: starting dnsmasq...
Dec 31 18:00:25 localhost NetworkManager[1162]: <info> (eth0): writing resolv.conf to /sbin/resolvconf
Dec 31 18:00:25 localhost dnsmasq[1598]: started, version 2.59 cache disabled
Dec 31 18:00:25 localhost dnsmasq[1598]: compile time options: IPv6 GNU-getopt DBus i18n DHCP TFTP conntrack IDN
Dec 31 18:00:25 localhost dnsmasq[1598]: using nameserver 50.30.184.16#53
Dec 31 18:00:25 localhost dnsmasq[1598]: using nameserver 66.253.214.16#53
Dec 31 18:00:25 localhost NetworkManager[1162]: <info> (eth0): device state change: ip-config -> activated (reason 'none') [70 100 0]
Dec 31 18:00:25 localhost NetworkManager[1162]: <info> Policy set 'Wired connection 1' (eth0) as default for IPv4 routing and DNS.
Dec 31 18:00:25 localhost NetworkManager[1162]: <info> Activation (eth0) successful, device activated.
Dec 31 18:00:25 localhost NetworkManager[1162]: <info> Activation (eth0) Stage 5 of 5 (IPv4 Commit) complete.
Dec 31 18:00:25 localhost dbus[1129]: [system] Activating service name='org.freedesktop.nm_dispatcher' (using servicehelper)
Dec 31 18:00:26 localhost dbus[1129]: [system] Successfully activated service 'org.freedesktop.nm_dispatcher'
Dec 31 18:00:31 localhost x-session-manager[1726]: WARNING: Session 'ubuntu' runnable check failed: Exited with code 1
Dec 31 18:00:32 localhost dbus[1129]: [system] Activating service name='org.freedesktop.UPower' (using servicehelper)
Dec 31 18:00:34 localhost dbus[1129]: [system] Successfully activated service 'org.freedesktop.UPower'
Dec 31 18:00:36 localhost NetworkManager[1162]: <info> (eth0): IP6 addrconf timed out or failed.
Dec 31 18:00:36 localhost NetworkManager[1162]: <info> Activation (eth0) Stage 4 of 5 (IPv6 Configure Timeout) scheduled...
Dec 31 18:00:36 localhost NetworkManager[1162]: <info> Activation (eth0) Stage 4 of 5 (IPv6 Configure Timeout) started...
Dec 31 18:00:36 localhost NetworkManager[1162]: <info> Activation (eth0) Stage 4 of 5 (IPv6 Configure Timeout) complete.
Dec 31 18:00:38 localhost anacron[1789]: Anacron 2.3 started on 1969-12-31
Dec 31 18:00:38 localhost anacron[1789]: Normal exit (0 jobs run)
Dec 31 18:00:39 localhost dbus[1129]: [system] Activating service name='org.freedesktop.ColorManager' (using servicehelper)
Dec 31 18:00:39 localhost dbus[1129]: [system] Activated service 'org.freedesktop.ColorManager' failed: Launch helper exited with unknown return code 1
Dec 31 18:00:40 localhost dbus[1129]: [system] Activating service name='org.freedesktop.Accounts' (using servicehelper)
Dec 31 18:00:40 localhost dbus[1129]: [system] Successfully activated service 'org.freedesktop.Accounts'
Dec 31 18:00:40 localhost accounts-daemon[1823]: started daemon version 0.6.15
Dec 31 18:00:44 localhost dbus[1129]: [system] Activating service name='org.freedesktop.UDisks' (using servicehelper)
Dec 31 18:00:44 localhost dbus[1129]: [system] Successfully activated service 'org.freedesktop.UDisks'
Dec 31 18:00:51 localhost pulseaudio[1466]: [pulseaudio] module-x11-xsmp.c: Failed to open connection to session manager: None of the authentication protocols specified are supported
Dec 31 18:00:51 localhost pulseaudio[1466]: [pulseaudio] module.c: Failed to load module "module-x11-xsmp" (argument: "display=:0 session_manager=local/localhost.localdomain:@/tmp/.ICE-unix/1726,unix/localhost.localdomain:/tmp/.ICE-unix/1726"): initialization failed.
Dec 31 18:01:01 localhost goa[2056]: goa-daemon version 3.4.0 starting [main.c:112, main()]
Dec 31 18:01:51 localhost dbus[1129]: [system] Activating service name='org.freedesktop.PackageKit' (using servicehelper)
Dec 31 18:01:52 localhost AptDaemon: INFO: Initializing daemon
Dec 31 18:01:52 localhost AptDaemon.PackageKit: INFO: Initializing PackageKit compat layer
Dec 31 18:01:52 localhost dbus[1129]: [system] Successfully activated service 'org.freedesktop.PackageKit'
Dec 31 18:01:52 localhost AptDaemon.PackageKit: INFO: Initializing PackageKit transaction
Dec 31 18:01:52 localhost AptDaemon.Worker: INFO: Simulating trans: /org/debian/apt/transaction/55b823f3a6f24529b5d2a388136ff80d
Dec 31 18:01:52 localhost AptDaemon.Worker: INFO: Processing transaction /org/debian/apt/transaction/55b823f3a6f24529b5d2a388136ff80d
Dec 31 18:03:04 localhost AptDaemon.PackageKit: INFO: Get updates()
Dec 31 18:03:20 localhost AptDaemon.Worker: INFO: Finished transaction /org/debian/apt/transaction/55b823f3a6f24529b5d2a388136ff80d
Dec 31 18:09:07 localhost AptDaemon: INFO: Quitting due to inactivity
Dec 31 18:09:07 localhost AptDaemon: INFO: Quitting was requested
Dec 31 18:14:49 localhost dbus[1129]: [system] Activating service name='org.debian.apt' (using servicehelper)
Dec 31 18:14:51 localhost AptDaemon: INFO: Initializing daemon
Dec 31 18:14:51 localhost dbus[1129]: [system] Successfully activated service 'org.debian.apt'
Dec 31 18:14:51 localhost AptDaemon.PackageKit: INFO: Initializing PackageKit compat layer
Dec 31 18:16:02 localhost CRON[2463]: (root) CMD (   cd / && run-parts --report /etc/cron.hourly)
Dec 31 18:18:08 localhost ﻿AptDaemon: INFO: CommitPackages() was called: dbus.Array([dbus.String(u'chromium-browser')], signature=dbus.Signature('s')), dbus.Array([dbus.String(u'')], signature=dbus.Signature('s')), dbus.Array([dbus.String(u'')], signature=dbus.Signature('s')), dbus.Array([dbus.String(u'')], signature=dbus.Signature('s')), dbus.Array([dbus.String(u'')], signature=dbus.Signature('s')), dbus.Array([dbus.String(u'')], signature=dbus.Signature('s'))
Dec 31 18:18:10 localhost AptDaemon.Trans: INFO: Queuing transaction /org/debian/apt/transaction/aa31c1b9185e469b8d05c48a45002375
Dec 31 18:18:10 localhost AptDaemon.Worker: INFO: Simulating trans: /org/debian/apt/transaction/aa31c1b9185e469b8d05c48a45002375
Dec 31 18:19:12 localhost ﻿AptDaemon.Worker: INFO: Committing packages: dbus.Array([dbus.String(u'chromium-browser')], signature=dbus.Signature('s')), dbus.Array([], signature=dbus.Signature('s')), dbus.Array([], signature=dbus.Signature('s')), dbus.Array([], signature=dbus.Signature('s')), dbus.Array([], signature=dbus.Signature('s')), dbus.Array([], signature=dbus.Signature('s'))
Dec 31 18:19:14 localhost ﻿AptDaemon: INFO: CommitPackages() was called: dbus.Array([dbus.String(u'chromium-browser')], signature=dbus.Signature('s')), dbus.Array([dbus.String(u'')], signature=dbus.Signature('s')), dbus.Array([dbus.String(u'')], signature=dbus.Signature('s')), dbus.Array([dbus.String(u'')], signature=dbus.Signature('s')), dbus.Array([dbus.String(u'')], signature=dbus.Signature('s')), dbus.Array([dbus.String(u'')], signature=dbus.Signature('s'))
Dec 31 18:19:16 localhost AptDaemon.Trans: INFO: Queuing transaction /org/debian/apt/transaction/cd685c66795840fc9ed0cc5722ab111e
Dec 31 18:19:16 localhost AptDaemon.Worker: INFO: Simulating trans: /org/debian/apt/transaction/cd685c66795840fc9ed0cc5722ab111e
Dec 31 18:20:14 localhost ﻿AptDaemon.Worker: INFO: Committing packages: dbus.Array([dbus.String(u'chromium-browser')], signature=dbus.Signature('s')), dbus.Array([], signature=dbus.Signature('s')), dbus.Array([], signature=dbus.Signature('s')), dbus.Array([], signature=dbus.Signature('s')), dbus.Array([], signature=dbus.Signature('s')), dbus.Array([], signature=dbus.Signature('s'))
Dec 31 18:20:15 localhost ﻿AptDaemon: INFO: CommitPackages() was called: dbus.Array([dbus.String(u'chromium-browser')], signature=dbus.Signature('s')), dbus.Array([dbus.String(u'')], signature=dbus.Signature('s')), dbus.Array([dbus.String(u'')], signature=dbus.Signature('s')), dbus.Array([dbus.String(u'')], signature=dbus.Signature('s')), dbus.Array([dbus.String(u'')], signature=dbus.Signature('s')), dbus.Array([dbus.String(u'')], signature=dbus.Signature('s'))
Dec 31 18:20:16 localhost AptDaemon.Trans: INFO: Queuing transaction /org/debian/apt/transaction/29c06f3d8e144b71affaa7e8189f03e1
Dec 31 18:20:16 localhost AptDaemon.Worker: INFO: Simulating trans: /org/debian/apt/transaction/29c06f3d8e144b71affaa7e8189f03e1
Dec 31 18:21:23 localhost ﻿AptDaemon.Worker: INFO: Committing packages: dbus.Array([dbus.String(u'chromium-browser')], signature=dbus.Signature('s')), dbus.Array([], signature=dbus.Signature('s')), dbus.Array([], signature=dbus.Signature('s')), dbus.Array([], signature=dbus.Signature('s')), dbus.Array([], signature=dbus.Signature('s')), dbus.Array([], signature=dbus.Signature('s'))
Dec 31 18:21:35 localhost AptDaemon.Worker: INFO: Processing transaction /org/debian/apt/transaction/29c06f3d8e144b71affaa7e8189f03e1
Dec 31 18:00:10 localhost kernel: imklog 5.8.6, log source = /proc/kmsg started.
Dec 31 18:00:10 localhost rsyslogd: [origin software="rsyslogd" swVersion="5.8.6" x-pid="831" x-info="http://www.rsyslog.com"] start
Dec 31 18:00:10 localhost rsyslogd: rsyslogd's groupid changed to 103
Dec 31 18:00:10 localhost rsyslogd: rsyslogd's userid changed to 101
Dec 31 18:00:10 localhost rsyslogd-2039: Could not open output pipe '/dev/xconsole' [try http://www.rsyslog.com/e/2039 ]
Dec 31 18:00:10 localhost kernel: [    0.000000] Booting Linux on physical CPU 0x0
Dec 31 18:00:10 localhost kernel: [    0.000000] Initializing cgroup subsys cpuset
Dec 31 18:00:10 localhost kernel: [    0.000000] Initializing cgroup subsys cpuacct
Dec 31 18:00:10 localhost kernel: [    0.000000] Linux version 3.12.0-xillinux-1.3 (eli@ocho.localdomain) (gcc version 4.5.1 (Sourcery G++ Lite 2010.09-62) ) #1 SMP PREEMPT Thu Mar 13 18:39:32 IST 2014
Dec 31 18:00:10 localhost kernel: [    0.000000] CPU: ARMv7 Processor [413fc090] revision 0 (ARMv7), cr=18c5387d
Dec 31 18:00:10 localhost kernel: [    0.000000] CPU: PIPT / VIPT nonaliasing data cache, VIPT aliasing instruction cache
Dec 31 18:00:10 localhost kernel: [    0.000000] Machine: Xilinx Zynq Platform, model: Xilinx Zynq
Dec 31 18:00:10 localhost kernel: [    0.000000] bootconsole [earlycon0] enabled
Dec 31 18:00:10 localhost kernel: [    0.000000] Memory policy: Data cache writealloc
Dec 31 18:00:10 localhost kernel: [    0.000000] On node 0 totalpages: 131072
Dec 31 18:00:10 localhost kernel: [    0.000000] free_area_init_node: node 0, pgdat c06bd740, node_mem_map c06f1000
Dec 31 18:00:10 localhost kernel: [    0.000000]   Normal zone: 1024 pages used for memmap
Dec 31 18:00:10 localhost kernel: [    0.000000]   Normal zone: 0 pages reserved
Dec 31 18:00:10 localhost kernel: [    0.000000]   Normal zone: 131072 pages, LIFO batch:31
Dec 31 18:00:10 localhost kernel: [    0.000000] PERCPU: Embedded 7 pages/cpu @c0af8000 s7936 r8192 d12544 u32768
Dec 31 18:00:10 localhost kernel: [    0.000000] pcpu-alloc: s7936 r8192 d12544 u32768 alloc=8*4096
Dec 31 18:00:10 localhost kernel: [    0.000000] pcpu-alloc: [0] 0 [0] 1 
Dec 31 18:00:10 localhost kernel: [    0.000000] Built 1 zonelists in Zone order, mobility grouping on.  Total pages: 130048
Dec 31 18:00:10 localhost kernel: [    0.000000] Kernel command line: console=ttyPS0,115200n8 consoleblank=0 root=/dev/mmcblk0p2 rw rootwait earlyprintk
Dec 31 18:00:10 localhost kernel: [    0.000000] PID hash table entries: 2048 (order: 1, 8192 bytes)
Dec 31 18:00:10 localhost kernel: [    0.000000] Dentry cache hash table entries: 65536 (order: 6, 262144 bytes)
Dec 31 18:00:10 localhost kernel: [    0.000000] Inode-cache hash table entries: 32768 (order: 5, 131072 bytes)
Dec 31 18:00:10 localhost kernel: [    0.000000] allocated 1048576 bytes of page_cgroup
Dec 31 18:00:10 localhost kernel: [    0.000000] please try 'cgroup_disable=memory' option if you don't want memory cgroups
Dec 31 18:00:10 localhost kernel: [    0.000000] Memory: 511536K/524288K available (4631K kernel code, 296K rwdata, 1744K rodata, 199K init, 200K bss, 12752K reserved, 0K highmem)
Dec 31 18:00:10 localhost kernel: [    0.000000] Virtual kernel memory layout:
Dec 31 18:00:10 localhost kernel: [    0.000000]     vector  : 0xffff0000 - 0xffff1000   (   4 kB)
Dec 31 18:00:10 localhost kernel: [    0.000000]     fixmap  : 0xfff00000 - 0xfffe0000   ( 896 kB)
Dec 31 18:00:10 localhost kernel: [    0.000000]     vmalloc : 0xe0800000 - 0xff000000   ( 488 MB)
Dec 31 18:00:10 localhost kernel: [    0.000000]     lowmem  : 0xc0000000 - 0xe0000000   ( 512 MB)
Dec 31 18:00:10 localhost kernel: [    0.000000]     pkmap   : 0xbfe00000 - 0xc0000000   (   2 MB)
Dec 31 18:00:10 localhost kernel: [    0.000000]     modules : 0xbf000000 - 0xbfe00000   (  14 MB)
Dec 31 18:00:10 localhost kernel: [    0.000000]       .text : 0xc0008000 - 0xc0641e24   (6376 kB)
Dec 31 18:00:10 localhost kernel: [    0.000000]       .init : 0xc0642000 - 0xc0673f00   ( 200 kB)
Dec 31 18:00:10 localhost kernel: [    0.000000]       .data : 0xc0674000 - 0xc06be3c0   ( 297 kB)
Dec 31 18:00:10 localhost kernel: [    0.000000]        .bss : 0xc06be3cc - 0xc06f065c   ( 201 kB)
Dec 31 18:00:10 localhost kernel: [    0.000000] Preemptible hierarchical RCU implementation.
Dec 31 18:00:10 localhost kernel: [    0.000000] 	Dump stacks of tasks blocking RCU-preempt GP.
Dec 31 18:00:10 localhost kernel: [    0.000000] 	RCU restricting CPUs from NR_CPUS=4 to nr_cpu_ids=2.
Dec 31 18:00:10 localhost kernel: [    0.000000] NR_IRQS:16 nr_irqs:16 16
Dec 31 18:00:10 localhost kernel: [    0.000000] ps7-slcr mapped to e0802000
Dec 31 18:00:10 localhost kernel: [    0.000000] Zynq clock init
Dec 31 18:00:10 localhost kernel: [    0.000000] sched_clock: 16 bits at 54kHz, resolution 18432ns, wraps every 1207ms
Dec 31 18:00:10 localhost kernel: [    0.000000] ps7-ttc #0 at e0804000, irq=43
Dec 31 18:00:10 localhost kernel: [    0.000000] Console: colour dummy device 80x30
Dec 31 18:00:10 localhost kernel: [    0.008644] Calibrating delay loop... 1332.01 BogoMIPS (lpj=6660096)
Dec 31 18:00:10 localhost kernel: [    0.094833] pid_max: default: 32768 minimum: 301
Dec 31 18:00:10 localhost kernel: [    0.097008] Mount-cache hash table entries: 512
Dec 31 18:00:10 localhost kernel: [    0.103478] Initializing cgroup subsys memory
Dec 31 18:00:10 localhost kernel: [    0.105837] Initializing cgroup subsys devices
Dec 31 18:00:10 localhost kernel: [    0.110224] Initializing cgroup subsys freezer
Dec 31 18:00:10 localhost kernel: [    0.114703] Initializing cgroup subsys blkio
Dec 31 18:00:10 localhost kernel: [    0.119016] Initializing cgroup subsys perf_event
Dec 31 18:00:10 localhost kernel: [    0.123808] CPU: Testing write buffer coherency: ok
Dec 31 18:00:10 localhost kernel: [    0.128914] CPU0: thread -1, cpu 0, socket 0, mpidr 80000000
Dec 31 18:00:10 localhost kernel: [    0.134352] Setting up static identity map for 0xc045ffb0 - 0xc0460008
Dec 31 18:00:10 localhost kernel: [    0.141024] L310 cache controller enabled
Dec 31 18:00:10 localhost kernel: [    0.144913] l2x0: 8 ways, CACHE_ID 0x410000c8, AUX_CTRL 0x72360000, Cache size: 512 kB
Dec 31 18:00:10 localhost kernel: [    0.205573] CPU1: Booted secondary processor
Dec 31 18:00:10 localhost kernel: [    0.294803] CPU1: thread -1, cpu 1, socket 0, mpidr 80000001
Dec 31 18:00:10 localhost kernel: [    0.294932] Brought up 2 CPUs
Dec 31 18:00:10 localhost kernel: [    0.302434] SMP: Total of 2 processors activated.
Dec 31 18:00:10 localhost kernel: [    0.307171] CPU: All CPU(s) started in SVC mode.
Dec 31 18:00:10 localhost kernel: [    0.312388] devtmpfs: initialized
Dec 31 18:00:10 localhost kernel: [    0.317567] VFP support v0.3: implementor 41 architecture 3 part 30 variant 9 rev 4
Dec 31 18:00:10 localhost kernel: [    0.323871] regulator-dummy: no parameters
Dec 31 18:00:10 localhost kernel: [    0.327484] NET: Registered protocol family 16
Dec 31 18:00:10 localhost kernel: [    0.332645] DMA: preallocated 256 KiB pool for atomic coherent allocations
Dec 31 18:00:10 localhost kernel: [    0.343335] zynq_gpio e000a000.ps7-gpio: gpio at 0xe000a000 mapped to 0xe0850000
Dec 31 18:00:10 localhost kernel: [    0.350155] hw-breakpoint: found 5 (+1 reserved) breakpoint and 1 watchpoint registers.
Dec 31 18:00:10 localhost kernel: [    0.353676] hw-breakpoint: maximum watchpoint size is 4 bytes.
Dec 31 18:00:10 localhost kernel: [    0.359629] zynq_ocm f800c000.ps7-ocmc: ZYNQ OCM pool: 256 KiB @ 0xe0880000
Dec 31 18:00:10 localhost kernel: [    0.395222] bio: create slab <bio-0> at 0
Dec 31 18:00:10 localhost kernel: [    0.396862] vgaarb: loaded
Dec 31 18:00:10 localhost kernel: [    0.397526] SCSI subsystem initialized
Dec 31 18:00:10 localhost kernel: [    0.401028] usbcore: registered new interface driver usbfs
Dec 31 18:00:10 localhost kernel: [    0.406005] usbcore: registered new interface driver hub
Dec 31 18:00:10 localhost kernel: [    0.411368] usbcore: registered new device driver usb
Dec 31 18:00:10 localhost kernel: [    0.417248] media: Linux media interface: v0.10
Dec 31 18:00:10 localhost kernel: [    0.420935] Linux video capture interface: v2.00
Dec 31 18:00:10 localhost kernel: [    0.425930] pps_core: LinuxPPS API ver. 1 registered
Dec 31 18:00:10 localhost kernel: [    0.430427] pps_core: Software ver. 5.3.6 - Copyright 2005-2007 Rodolfo Giometti <giometti@linux.it>
Dec 31 18:00:10 localhost kernel: [    0.439717] PTP clock support registered
Dec 31 18:00:10 localhost kernel: [    0.443846] EDAC MC: Ver: 3.0.0
Dec 31 18:00:10 localhost kernel: [    0.447790] Advanced Linux Sound Architecture Driver Initialized.
Dec 31 18:00:10 localhost kernel: [    0.453855] Switched to clocksource ttc_clocksource
Dec 31 18:00:10 localhost kernel: [    0.475697] NET: Registered protocol family 2
Dec 31 18:00:10 localhost kernel: [    0.476379] TCP established hash table entries: 4096 (order: 3, 32768 bytes)
Dec 31 18:00:10 localhost kernel: [    0.481761] TCP bind hash table entries: 4096 (order: 3, 32768 bytes)
Dec 31 18:00:10 localhost kernel: [    0.488710] TCP: Hash tables configured (established 4096 bind 4096)
Dec 31 18:00:10 localhost kernel: [    0.494571] TCP: reno registered
Dec 31 18:00:10 localhost kernel: [    0.497742] UDP hash table entries: 256 (order: 1, 8192 bytes)
Dec 31 18:00:10 localhost kernel: [    0.503603] UDP-Lite hash table entries: 256 (order: 1, 8192 bytes)
Dec 31 18:00:10 localhost kernel: [    0.510128] NET: Registered protocol family 1
Dec 31 18:00:10 localhost kernel: [    0.514625] RPC: Registered named UNIX socket transport module.
Dec 31 18:00:10 localhost kernel: [    0.520173] RPC: Registered udp transport module.
Dec 31 18:00:10 localhost kernel: [    0.524966] RPC: Registered tcp transport module.
Dec 31 18:00:10 localhost kernel: [    0.529648] RPC: Registered tcp NFSv4.1 backchannel transport module.
Dec 31 18:00:10 localhost kernel: [    0.536117] PCI: CLS 0 bytes, default 64
Dec 31 18:00:10 localhost kernel: [    0.536523] hw perfevents: enabled with ARMv7 Cortex-A9 PMU driver, 7 counters available
Dec 31 18:00:10 localhost kernel: [    0.547250] VFS: Disk quotas dquot_6.5.2
Dec 31 18:00:10 localhost kernel: [    0.548283] Dquot-cache hash table entries: 1024 (order 0, 4096 bytes)
Dec 31 18:00:10 localhost kernel: [    0.555342] NFS: Registering the id_resolver key type
Dec 31 18:00:10 localhost kernel: [    0.559803] Key type id_resolver registered
Dec 31 18:00:10 localhost kernel: [    0.564024] Key type id_legacy registered
Dec 31 18:00:10 localhost kernel: [    0.568023] jffs2: version 2.2. (NAND) (SUMMARY)  © 2001-2006 Red Hat, Inc.
Dec 31 18:00:10 localhost kernel: [    0.575323] msgmni has been set to 999
Dec 31 18:00:10 localhost kernel: [    0.579636] Block layer SCSI generic (bsg) driver version 0.4 loaded (major 249)
Dec 31 18:00:10 localhost kernel: [    0.586253] io scheduler noop registered
Dec 31 18:00:10 localhost kernel: [    0.590179] io scheduler deadline registered
Dec 31 18:00:10 localhost kernel: [    0.594529] io scheduler cfq registered (default)
Dec 31 18:00:10 localhost kernel: [    1.495806] Console: switching to colour frame buffer device 128x48
Dec 31 18:00:10 localhost kernel: [    1.525021] e0001000.serial: ttyPS0 at MMIO 0xe0001000 (irq = 82, base_baud = 3124999) is a xuartps
Dec 31 18:00:10 localhost kernel: [    1.528634] console [ttyPS0] enabled, bootconsole disabled
Dec 31 18:00:10 localhost kernel: [    1.534790] xdevcfg f8007000.ps7-dev-cfg: ioremap 0xf8007000 to e0864000
Dec 31 18:00:10 localhost kernel: [    1.557112] brd: module loaded
Dec 31 18:00:10 localhost kernel: [    1.565756] loop: module loaded
Dec 31 18:00:10 localhost kernel: [    1.575931] xqspips e000d000.ps7-qspi: master is unqueued, this is deprecated
Dec 31 18:00:10 localhost kernel: [    1.583470] m25p80 spi0.0: found s25fl256s1, expected n25q128
Dec 31 18:00:10 localhost kernel: [    1.589257] m25p80 spi0.0: s25fl256s1 (32768 Kbytes)
Dec 31 18:00:10 localhost kernel: [    1.594179] 5 ofpart partitions found on MTD device spi0.0
Dec 31 18:00:10 localhost kernel: [    1.599598] Creating 5 MTD partitions on "spi0.0":
Dec 31 18:00:10 localhost kernel: [    1.604464] 0x000000000000-0x000000100000 : "qspi-fsbl-uboot"
Dec 31 18:00:10 localhost kernel: [    1.611431] 0x000000100000-0x000000600000 : "qspi-linux"
Dec 31 18:00:10 localhost kernel: [    1.617809] 0x000000600000-0x000000620000 : "qspi-device-tree"
Dec 31 18:00:10 localhost kernel: [    1.624758] 0x000000620000-0x000000c00000 : "qspi-rootfs"
Dec 31 18:00:10 localhost kernel: [    1.631209] 0x000000c00000-0x000001000000 : "qspi-bitstream"
Dec 31 18:00:10 localhost kernel: [    1.638084] xqspips e000d000.ps7-qspi: at 0xE000D000 mapped to 0xE0866000, irq=51
Dec 31 18:00:10 localhost kernel: [    1.647982] libphy: Fixed MDIO Bus: probed
Dec 31 18:00:10 localhost kernel: [    1.653917] libphy: XEMACPS mii bus: probed
Dec 31 18:00:10 localhost kernel: [    1.658783] xemacps e000b000.ps7-ethernet: pdev->id -1, baseaddr 0xe000b000, irq 54
Dec 31 18:00:10 localhost kernel: [    1.666912] ehci_hcd: USB 2.0 'Enhanced' Host Controller (EHCI) Driver
Dec 31 18:00:10 localhost kernel: [    1.673511] ehci-pci: EHCI PCI platform driver
Dec 31 18:00:10 localhost kernel: [    1.678358] ULPI transceiver vendor/product ID 0x0451/0x1507
Dec 31 18:00:10 localhost kernel: [    1.684054] Found TI TUSB1210 ULPI transceiver.
Dec 31 18:00:10 localhost kernel: [    1.688514] ULPI integrity check: passed.
Dec 31 18:00:10 localhost kernel: [    1.692754] xusbps-ehci xusbps-ehci.0: Xilinx PS USB EHCI Host Controller
Dec 31 18:00:10 localhost kernel: [    1.699537] xusbps-ehci xusbps-ehci.0: new USB bus registered, assigned bus number 1
Dec 31 18:00:10 localhost kernel: [    1.733894] xusbps-ehci xusbps-ehci.0: irq 53, io mem 0x00000000
Dec 31 18:00:10 localhost kernel: [    1.753875] xusbps-ehci xusbps-ehci.0: USB 2.0 started, EHCI 1.00
Dec 31 18:00:10 localhost kernel: [    1.760805] hub 1-0:1.0: USB hub found
Dec 31 18:00:10 localhost kernel: [    1.764529] hub 1-0:1.0: 1 port detected
Dec 31 18:00:10 localhost kernel: [    1.769026] usbcore: registered new interface driver usb-storage
Dec 31 18:00:10 localhost kernel: [    1.775828] mousedev: PS/2 mouse device common for all mice
Dec 31 18:00:10 localhost kernel: [    1.781910] i2c /dev entries driver
Dec 31 18:00:10 localhost kernel: [    1.786168] IR NEC protocol handler initialized
Dec 31 18:00:10 localhost kernel: [    1.790610] IR RC5(x) protocol handler initialized
Dec 31 18:00:10 localhost kernel: [    1.795403] IR RC6 protocol handler initialized
Dec 31 18:00:10 localhost kernel: [    1.799882] IR JVC protocol handler initialized
Dec 31 18:00:10 localhost kernel: [    1.804434] IR Sony protocol handler initialized
Dec 31 18:00:10 localhost kernel: [    1.809005] IR RC5 (streamzap) protocol handler initialized
Dec 31 18:00:10 localhost kernel: [    1.814590] IR SANYO protocol handler initialized
Dec 31 18:00:10 localhost kernel: [    1.819254] IR MCE Keyboard/mouse protocol handler initialized
Dec 31 18:00:10 localhost kernel: [    1.825945] xadcps f8007100.ps7-xadc: enabled:	yes	reference:	external
Dec 31 18:00:10 localhost kernel: [    1.832967] zynq-edac f8006000.ps7-ddrc: ecc not enabled
Dec 31 18:00:10 localhost kernel: [    1.838552] sdhci: Secure Digital Host Controller Interface driver
Dec 31 18:00:10 localhost kernel: [    1.844672] sdhci: Copyright(c) Pierre Ossman
Dec 31 18:00:10 localhost kernel: [    1.848985] sdhci-pltfm: SDHCI platform and OF driver helper
Dec 31 18:00:10 localhost kernel: [    1.854791] mmc0: no vqmmc regulator found
Dec 31 18:00:10 localhost kernel: [    1.858809] mmc0: no vmmc regulator found
Dec 31 18:00:10 localhost kernel: [    1.862790] mmc0: Invalid maximum block size, assuming 512 bytes
Dec 31 18:00:10 localhost kernel: [    1.913884] mmc0: SDHCI controller on e0100000.ps7-sdio [e0100000.ps7-sdio] using ADMA
Dec 31 18:00:10 localhost kernel: [    1.927027] usbcore: registered new interface driver usbhid
Dec 31 18:00:10 localhost kernel: [    1.932519] usbhid: USB HID core driver
Dec 31 18:00:10 localhost kernel: [    1.937275] pmodoled-gpio-spi [zed_oled] SPI Probing
Dec 31 18:00:10 localhost kernel: [    1.963043] mmc0: new high speed SDHC card at address b368
Dec 31 18:00:10 localhost kernel: [    1.968849] mmcblk0: mmc0:b368 F0F0F 3.71 GiB 
Dec 31 18:00:10 localhost kernel: [    1.974342]  mmcblk0: p1 p2
Dec 31 18:00:10 localhost kernel: [    2.093911] usb 1-1: new high-speed USB device number 2 using xusbps-ehci
Dec 31 18:00:10 localhost kernel: [    2.109708] no UART detected at 0x1
Dec 31 18:00:10 localhost kernel: [    2.114371] TCP: cubic registered
Dec 31 18:00:10 localhost kernel: [    2.117634] NET: Registered protocol family 15
Dec 31 18:00:10 localhost kernel: [    2.122113] Key type dns_resolver registered
Dec 31 18:00:10 localhost kernel: [    2.126573] Registering SWP/SWPB emulation handler
Dec 31 18:00:10 localhost kernel: [    2.132029] registered taskstats version 1
Dec 31 18:00:10 localhost kernel: [    2.136508] drivers/rtc/hctosys.c: unable to open rtc device (rtc0)
Dec 31 18:00:10 localhost kernel: [    2.146240] ALSA device list:
Dec 31 18:00:10 localhost kernel: [    2.149116]   No soundcards found.
Dec 31 18:00:10 localhost kernel: [    2.153632] EXT4-fs (mmcblk0p2): couldn't mount as ext3 due to feature incompatibilities
Dec 31 18:00:10 localhost kernel: [    2.162276] EXT4-fs (mmcblk0p2): couldn't mount as ext2 due to feature incompatibilities
Dec 31 18:00:10 localhost kernel: [    2.246954] hub 1-1:1.0: USB hub found
Dec 31 18:00:10 localhost kernel: [    2.250953] hub 1-1:1.0: 4 ports detected
Dec 31 18:00:10 localhost kernel: [    2.534219] usb 1-1.1: new low-speed USB device number 3 using xusbps-ehci
Dec 31 18:00:10 localhost kernel: [    2.653291] input: GASIA USB KB V11 as /devices/amba.0/e0002000.ps7-usb/xusbps-ehci.0/usb1/1-1/1-1.1/1-1.1:1.0/input/input0
Dec 31 18:00:10 localhost kernel: [    2.664755] hid-generic 0003:0E8F:0022.0001: input: USB HID v1.10 Keyboard [GASIA USB KB V11] on usb-xusbps-ehci.0-1.1/input0
Dec 31 18:00:10 localhost kernel: [    2.682137] input: GASIA USB KB V11 as /devices/amba.0/e0002000.ps7-usb/xusbps-ehci.0/usb1/1-1/1-1.1/1-1.1:1.1/input/input1
Dec 31 18:00:10 localhost kernel: [    2.693583] hid-generic 0003:0E8F:0022.0002: input: USB HID v1.10 Device [GASIA USB KB V11] on usb-xusbps-ehci.0-1.1/input1
Dec 31 18:00:10 localhost kernel: [    2.784214] usb 1-1.4: new full-speed USB device number 4 using xusbps-ehci
Dec 31 18:00:10 localhost kernel: [    2.900245] input: Strix Claw Strix Claw Gaming Mouse as /devices/amba.0/e0002000.ps7-usb/xusbps-ehci.0/usb1/1-1/1-1.4/1-1.4:1.0/input/input2
Dec 31 18:00:10 localhost kernel: [    2.914456] hid-generic 0003:195D:1016.0003: input,hiddev0: USB HID v1.11 Mouse [Strix Claw Strix Claw Gaming Mouse] on usb-xusbps-ehci.0-1.4/input0
Dec 31 18:00:10 localhost kernel: [    2.930086] input: Strix Claw Strix Claw Gaming Mouse as /devices/amba.0/e0002000.ps7-usb/xusbps-ehci.0/usb1/1-1/1-1.4/1-1.4:1.1/input/input3
Dec 31 18:00:10 localhost kernel: [    3.013879] input: failed to attach handler kbd to device input3, error: -16
Dec 31 18:00:10 localhost kernel: [    3.021178] hid-generic 0003:195D:1016.0004: input: USB HID v1.11 Keyboard [Strix Claw Strix Claw Gaming Mouse] on usb-xusbps-ehci.0-1.4/input1
Dec 31 18:00:10 localhost kernel: [    3.036016] hid-generic 0003:195D:1016.0005: hiddev0: USB HID v1.11 Device [Strix Claw Strix Claw Gaming Mouse] on usb-xusbps-ehci.0-1.4/input2
Dec 31 18:00:10 localhost kernel: [    5.980185] EXT4-fs (mmcblk0p2): 15 orphan inodes deleted
Dec 31 18:00:10 localhost kernel: [    5.985530] EXT4-fs (mmcblk0p2): recovery complete
Dec 31 18:00:10 localhost kernel: [    8.022118] EXT4-fs (mmcblk0p2): mounted filesystem with ordered data mode. Opts: (null)
Dec 31 18:00:10 localhost kernel: [    8.030173] VFS: Mounted root (ext4 filesystem) on device 179:2.
Dec 31 18:00:10 localhost kernel: [    8.038873] devtmpfs: mounted
Dec 31 18:00:10 localhost kernel: [    8.042025] Freeing unused kernel memory: 196K (c0642000 - c0673000)
Dec 31 18:00:10 localhost modem-manager[1105]: <info>  ModemManager (version 0.5.2.0) starting...
Dec 31 18:00:10 localhost kernel: [   10.843381] lp: driver loaded but no devices found
Dec 31 18:00:10 localhost modem-manager[1105]: <info>  Loaded plugin ZTE
Dec 31 18:00:10 localhost modem-manager[1105]: <info>  Loaded plugin MotoC
Dec 31 18:00:10 localhost modem-manager[1105]: <info>  Loaded plugin Ericsson MBM
Dec 31 18:00:10 localhost modem-manager[1105]: <info>  Loaded plugin Gobi
Dec 31 18:00:10 localhost modem-manager[1105]: <info>  Loaded plugin Generic
Dec 31 18:00:10 localhost modem-manager[1105]: <info>  Loaded plugin Novatel
Dec 31 18:00:10 localhost kernel: [   10.952260] ppdev: user-space parallel port driver
Dec 31 18:00:10 localhost modem-manager[1105]: <info>  Loaded plugin Linktop
Dec 31 18:00:10 localhost modem-manager[1105]: <info>  Loaded plugin Wavecom
Dec 31 18:00:10 localhost modem-manager[1105]: <info>  Loaded plugin Option
Dec 31 18:00:10 localhost modem-manager[1105]: <info>  Loaded plugin Longcheer
Dec 31 18:00:11 localhost avahi-daemon[1173]: Found user 'avahi' (UID 107) and group 'avahi' (GID 118).
Dec 31 18:00:11 localhost avahi-daemon[1173]: Successfully dropped root privileges.
Dec 31 18:00:11 localhost avahi-daemon[1173]: avahi-daemon 0.6.30 starting up.
Dec 31 18:00:11 localhost modem-manager[1105]: <info>  Loaded plugin Sierra
Dec 31 18:00:11 localhost modem-manager[1105]: <info>  Loaded plugin AnyData
Dec 31 18:00:11 localhost modem-manager[1105]: <info>  Loaded plugin Huawei
Dec 31 18:00:11 localhost modem-manager[1105]: <info>  Loaded plugin X22X
Dec 31 18:00:11 localhost modem-manager[1105]: <info>  Loaded plugin Option High-Speed
Dec 31 18:00:11 localhost avahi-daemon[1173]: Successfully called chroot().
Dec 31 18:00:11 localhost avahi-daemon[1173]: Successfully dropped remaining capabilities.
Dec 31 18:00:11 localhost avahi-daemon[1173]: Loading service file /services/udisks.service.
Dec 31 18:00:11 localhost modem-manager[1105]: <info>  Loaded plugin SimTech
Dec 31 18:00:11 localhost modem-manager[1105]: <info>  Loaded plugin Nokia
Dec 31 18:00:11 localhost kernel: [   11.039168] xillybus_core: module is from the staging directory, the quality is unknown, you have been warned.
Dec 31 18:00:11 localhost kernel: [   11.140102] xillybus_of: module is from the staging directory, the quality is unknown, you have been warned.
Dec 31 18:00:11 localhost modem-manager[1105]: <info>  Loaded plugin Samsung
Dec 31 18:00:11 localhost NetworkManager[1210]: <info> NetworkManager (version 0.9.4.0) is starting...
Dec 31 18:00:11 localhost NetworkManager[1210]: <info> Read config file /etc/NetworkManager/NetworkManager.conf
Dec 31 18:00:11 localhost mtp-probe: checking bus 1, device 3: "/sys/devices/amba.0/e0002000.ps7-usb/xusbps-ehci.0/usb1/1-1/1-1.1"
Dec 31 18:00:11 localhost mtp-probe: checking bus 1, device 4: "/sys/devices/amba.0/e0002000.ps7-usb/xusbps-ehci.0/usb1/1-1/1-1.4"
Dec 31 18:00:11 localhost mtp-probe: bus: 1, device: 4 was not an MTP device
Dec 31 18:00:11 localhost mtp-probe: bus: 1, device: 3 was not an MTP device
Dec 31 18:00:11 localhost avahi-daemon[1173]: System host name is set to 'localhost'. This is not a suitable mDNS host name, looking for alternatives.
Dec 31 18:00:11 localhost avahi-daemon[1173]: Network interface enumeration completed.
Dec 31 18:00:11 localhost avahi-daemon[1173]: Registering HINFO record with values 'ARMV7L'/'LINUX'.
Dec 31 18:00:11 localhost avahi-daemon[1173]: Server startup complete. Host name is linux.local. Local service cookie is 2563820430.
Dec 31 18:00:11 localhost avahi-daemon[1173]: Service "linux" (/services/udisks.service) successfully established.
Dec 31 18:00:11 localhost kernel: [   11.408880] NET: Registered protocol family 10
Dec 31 18:00:11 localhost NetworkManager[1210]: <info> VPN: loaded org.freedesktop.NetworkManager.pptp
Dec 31 18:00:11 localhost NetworkManager[1210]: <info> DNS: loaded plugin dnsmasq
Dec 31 18:00:11 localhost dbus[1005]: [system] Activating service name='org.freedesktop.PolicyKit1' (using servicehelper)
Dec 31 18:00:11 localhost udev-configure-printer: add /module/lp
Dec 31 18:00:11 localhost udev-configure-printer: Failed to get parent
Dec 31 18:00:12 localhost failsafe: Failsafe of 120 seconds reached.
Dec 31 18:00:12 localhost polkitd[1281]: started daemon version 0.104 using authority implementation `local' version `0.104'
Dec 31 18:00:12 localhost dbus[1005]: [system] Successfully activated service 'org.freedesktop.PolicyKit1'
Dec 31 18:00:12 localhost NetworkManager[1210]:    SCPlugin-Ifupdown: init!
Dec 31 18:00:12 localhost NetworkManager[1210]:    SCPlugin-Ifupdown: update_system_hostname
Dec 31 18:00:12 localhost NetworkManager[1210]:    SCPluginIfupdown: management mode: unmanaged
Dec 31 18:00:12 localhost NetworkManager[1210]:    SCPlugin-Ifupdown: devices added (path: /sys/devices/amba.0/e000b000.ps7-ethernet/net/eth0, iface: eth0)
Dec 31 18:00:12 localhost NetworkManager[1210]:    SCPlugin-Ifupdown: device added (path: /sys/devices/amba.0/e000b000.ps7-ethernet/net/eth0, iface: eth0): no ifupdown configuration found.
Dec 31 18:00:12 localhost NetworkManager[1210]:    SCPlugin-Ifupdown: devices added (path: /sys/devices/virtual/net/lo, iface: lo)
Dec 31 18:00:12 localhost NetworkManager[1210]:    SCPlugin-Ifupdown: device added (path: /sys/devices/virtual/net/lo, iface: lo): no ifupdown configuration found.
Dec 31 18:00:12 localhost NetworkManager[1210]:    SCPlugin-Ifupdown: end _init.
Dec 31 18:00:12 localhost NetworkManager[1210]: <info> Loaded plugin ifupdown: (C) 2008 Canonical Ltd.  To report bugs please use the NetworkManager mailing list.
Dec 31 18:00:12 localhost NetworkManager[1210]: <info> Loaded plugin keyfile: (c) 2007 - 2010 Red Hat, Inc.  To report bugs please use the NetworkManager mailing list.
Dec 31 18:00:12 localhost NetworkManager[1210]:    Ifupdown: get unmanaged devices count: 0
Dec 31 18:00:12 localhost NetworkManager[1210]:    SCPlugin-Ifupdown: (773456) ... get_connections.
Dec 31 18:00:12 localhost NetworkManager[1210]:    SCPlugin-Ifupdown: (773456) ... get_connections (managed=false): return empty list.
Dec 31 18:00:12 localhost NetworkManager[1210]:    Ifupdown: get unmanaged devices count: 0
Dec 31 18:00:12 localhost NetworkManager[1210]: <info> modem-manager is now available
Dec 31 18:00:12 localhost NetworkManager[1210]: <info> monitoring kernel firmware directory '/lib/firmware'.
Dec 31 18:00:12 localhost kernel: [   12.227581] xillybus_of 50000000.xillybus: Created 7 device files.
Dec 31 18:00:12 localhost NetworkManager[1210]: <info> WiFi enabled by radio killswitch; enabled by state file
Dec 31 18:00:12 localhost NetworkManager[1210]: <info> WWAN enabled by radio killswitch; enabled by state file
Dec 31 18:00:12 localhost NetworkManager[1210]: <info> WiMAX enabled by radio killswitch; enabled by state file
Dec 31 18:00:12 localhost NetworkManager[1210]: <info> Networking is enabled by state file
Dec 31 18:00:12 localhost NetworkManager[1210]: <warn> failed to allocate link cache: (-10) Operation not supported
Dec 31 18:00:12 localhost NetworkManager[1210]: <info> (eth0): carrier is OFF
Dec 31 18:00:12 localhost NetworkManager[1210]: <error> [12.256148] [nm-device-ethernet.c:456] real_update_permanent_hw_address(): (eth0): unable to read permanent MAC address (error 0)
Dec 31 18:00:12 localhost NetworkManager[1210]: <info> (eth0): new Ethernet device (driver: 'xemacps' ifindex: 2)
Dec 31 18:00:12 localhost NetworkManager[1210]: <info> (eth0): exported as /org/freedesktop/NetworkManager/Devices/0
Dec 31 18:00:12 localhost NetworkManager[1210]: <info> (eth0): now managed
Dec 31 18:00:12 localhost NetworkManager[1210]: <info> (eth0): device state change: unmanaged -> unavailable (reason 'managed') [10 20 2]
Dec 31 18:00:12 localhost NetworkManager[1210]: <info> (eth0): bringing up device.
Dec 31 18:00:12 localhost NetworkManager[1210]: <info> (eth0): carrier now ON (device state 20)
Dec 31 18:00:12 localhost NetworkManager[1210]: <info> (eth0): preparing device.
Dec 31 18:00:12 localhost NetworkManager[1210]: <info> (eth0): deactivating device (reason 'managed') [2]
Dec 31 18:00:12 localhost NetworkManager[1210]: <info> Added default wired connection 'Wired connection 1' for /sys/devices/amba.0/e000b000.ps7-ethernet/net/eth0
Dec 31 18:00:12 localhost NetworkManager[1210]: <warn> bluez error getting default adapter: The name org.bluez was not provided by any .service files
Dec 31 18:00:12 localhost udev-configure-printer: add /module/lp
Dec 31 18:00:12 localhost udev-configure-printer: Failed to get parent
Dec 31 18:00:12 localhost NetworkManager[1210]: <info> (eth0): device state change: unavailable -> disconnected (reason 'none') [20 30 0]
Dec 31 18:00:12 localhost NetworkManager[1210]: <info> Auto-activating connection 'Wired connection 1'.
Dec 31 18:00:12 localhost NetworkManager[1210]: <info> Activation (eth0) starting connection 'Wired connection 1'
Dec 31 18:00:12 localhost NetworkManager[1210]: <info> (eth0): device state change: disconnected -> prepare (reason 'none') [30 40 0]
Dec 31 18:00:12 localhost NetworkManager[1210]: <info> Activation (eth0) Stage 1 of 5 (Device Prepare) scheduled...
Dec 31 18:00:12 localhost NetworkManager[1210]: <info> Activation (eth0) Stage 1 of 5 (Device Prepare) started...
Dec 31 18:00:12 localhost NetworkManager[1210]: <info> Activation (eth0) Stage 2 of 5 (Device Configure) scheduled...
Dec 31 18:00:12 localhost NetworkManager[1210]: <info> Activation (eth0) Stage 1 of 5 (Device Prepare) complete.
Dec 31 18:00:12 localhost NetworkManager[1210]: <info> Activation (eth0) Stage 2 of 5 (Device Configure) starting...
Dec 31 18:00:12 localhost NetworkManager[1210]: <info> (eth0): device state change: prepare -> config (reason 'none') [40 50 0]
Dec 31 18:00:12 localhost NetworkManager[1210]: <info> Activation (eth0) Stage 2 of 5 (Device Configure) successful.
Dec 31 18:00:12 localhost NetworkManager[1210]: <info> Activation (eth0) Stage 3 of 5 (IP Configure Start) scheduled.
Dec 31 18:00:12 localhost NetworkManager[1210]: <info> Activation (eth0) Stage 2 of 5 (Device Configure) complete.
Dec 31 18:00:12 localhost NetworkManager[1210]: <info> Activation (eth0) Stage 3 of 5 (IP Configure Start) started...
Dec 31 18:00:12 localhost NetworkManager[1210]: <info> (eth0): device state change: config -> ip-config (reason 'none') [50 70 0]
Dec 31 18:00:12 localhost NetworkManager[1210]: <info> Activation (eth0) Beginning DHCPv4 transaction (timeout in 45 seconds)
Dec 31 18:00:12 localhost NetworkManager[1210]: <info> dhclient started with pid 1349
Dec 31 18:00:12 localhost NetworkManager[1210]: <info> Activation (eth0) Beginning IP6 addrconf.
Dec 31 18:00:12 localhost NetworkManager[1210]: <info> Activation (eth0) Stage 3 of 5 (IP Configure Start) complete.
Dec 31 18:00:12 localhost dhclient: Internet Systems Consortium DHCP Client 4.1-ESV-R4
Dec 31 18:00:12 localhost dhclient: Copyright 2004-2011 Internet Systems Consortium.
Dec 31 18:00:12 localhost dhclient: All rights reserved.
Dec 31 18:00:12 localhost dhclient: For info, please visit https://www.isc.org/software/dhcp/
Dec 31 18:00:12 localhost dhclient: 
Dec 31 18:00:12 localhost NetworkManager[1210]: <info> (eth0): DHCPv4 state changed nbi -> preinit
Dec 31 18:00:12 localhost kernel: [   12.672773] NET: Registered protocol family 17
Dec 31 18:00:12 localhost dhclient: Listening on LPF/eth0/00:0a:35:00:01:22
Dec 31 18:00:12 localhost dhclient: Sending on   LPF/eth0/00:0a:35:00:01:22
Dec 31 18:00:12 localhost dhclient: Sending on   Socket/fallback
Dec 31 18:00:12 localhost dhclient: DHCPDISCOVER on eth0 to 255.255.255.255 port 67 interval 3
Dec 31 18:00:13 localhost dbus[1005]: [system] Activating service name='org.freedesktop.ConsoleKit' (using servicehelper)
Dec 31 18:00:13 localhost cron[1406]: (CRON) INFO (pidfile fd = 3)
Dec 31 18:00:13 localhost atd[1399]: Cannot change to /var/spool/cron/atjobs: Permission denied
Dec 31 18:00:13 localhost anacron[1483]: Anacron 2.3 started on 1969-12-31
Dec 31 18:00:13 localhost cron[1486]: (CRON) STARTUP (fork ok)
Dec 31 18:00:13 localhost cron[1486]: (CRON) INFO (Running @reboot jobs)
Dec 31 18:00:13 localhost dbus[1005]: [system] Successfully activated service 'org.freedesktop.ConsoleKit'
Dec 31 18:00:13 localhost anacron[1483]: Normal exit (0 jobs run)
Dec 31 18:00:13 localhost pulseaudio[1378]: [pulseaudio] server-lookup.c: Unable to contact D-Bus: org.freedesktop.DBus.Error.NotSupported: Unable to autolaunch a dbus-daemon without a $DISPLAY for X11
Dec 31 18:00:13 localhost pulseaudio[1378]: [pulseaudio] main.c: Unable to contact D-Bus: org.freedesktop.DBus.Error.NotSupported: Unable to autolaunch a dbus-daemon without a $DISPLAY for X11
Dec 31 18:00:14 localhost NetworkManager[1210]: <info> (eth0): carrier now OFF (device state 70, deferring action for 4 seconds)
Dec 31 18:00:14 localhost avahi-daemon[1173]: Joining mDNS multicast group on interface eth0.IPv6 with address fe80::20a:35ff:fe00:122.
Dec 31 18:00:14 localhost avahi-daemon[1173]: New relevant interface eth0.IPv6 for mDNS.
Dec 31 18:00:14 localhost avahi-daemon[1173]: Registering new address record for fe80::20a:35ff:fe00:122 on eth0.*.
Dec 31 18:00:15 localhost dhclient: DHCPDISCOVER on eth0 to 255.255.255.255 port 67 interval 7
Dec 31 18:00:17 localhost NetworkManager[1210]: <info> (eth0): carrier now ON (device state 70)
Dec 31 18:00:17 localhost kernel: [   17.294564] xemacps e000b000.ps7-ethernet: Set clk to 124999998 Hz
Dec 31 18:00:17 localhost kernel: [   17.294582] xemacps e000b000.ps7-ethernet: link up (1000/FULL)
Dec 31 18:00:22 localhost dhclient: DHCPDISCOVER on eth0 to 255.255.255.255 port 67 interval 13
Dec 31 18:00:22 localhost dhclient: DHCPREQUEST of 173.230.15.139 on eth0 to 255.255.255.255 port 67
Dec 31 18:00:22 localhost dhclient: DHCPOFFER of 173.230.15.139 from 10.90.90.95
Dec 31 18:00:22 localhost dhclient: DHCPACK of 173.230.15.139 from 10.90.90.95
Dec 31 18:00:22 localhost NetworkManager[1210]: <info> (eth0): DHCPv4 state changed preinit -> bound
Dec 31 18:00:22 localhost NetworkManager[1210]: <info>   address 173.230.15.139
Dec 31 18:00:22 localhost NetworkManager[1210]: <info>   prefix 27 (255.255.255.224)
Dec 31 18:00:22 localhost NetworkManager[1210]: <info>   gateway 173.230.15.129
Dec 31 18:00:22 localhost NetworkManager[1210]: <info>   nameserver '66.253.214.16'
Dec 31 18:00:22 localhost NetworkManager[1210]: <info>   nameserver '50.30.184.16'
Dec 31 18:00:22 localhost NetworkManager[1210]: <info> Activation (eth0) Stage 5 of 5 (IPv4 Configure Commit) scheduled...
Dec 31 18:00:22 localhost NetworkManager[1210]: <info> Activation (eth0) Stage 5 of 5 (IPv4 Commit) started...
Dec 31 18:00:22 localhost avahi-daemon[1173]: Joining mDNS multicast group on interface eth0.IPv4 with address 173.230.15.139.
Dec 31 18:00:22 localhost avahi-daemon[1173]: New relevant interface eth0.IPv4 for mDNS.
Dec 31 18:00:22 localhost avahi-daemon[1173]: Registering new address record for 173.230.15.139 on eth0.IPv4.
Dec 31 18:00:22 localhost dhclient: bound to 173.230.15.139 -- renewal in 4673 seconds.
Dec 31 18:00:23 localhost NetworkManager[1210]: <info> DNS: starting dnsmasq...
Dec 31 18:00:23 localhost NetworkManager[1210]: <info> (eth0): writing resolv.conf to /sbin/resolvconf
Dec 31 18:00:23 localhost dnsmasq[1592]: started, version 2.59 cache disabled
Dec 31 18:00:23 localhost dnsmasq[1592]: compile time options: IPv6 GNU-getopt DBus i18n DHCP TFTP conntrack IDN
Dec 31 18:00:23 localhost dnsmasq[1592]: using nameserver 50.30.184.16#53
Dec 31 18:00:23 localhost dnsmasq[1592]: using nameserver 66.253.214.16#53
Dec 31 18:00:23 localhost NetworkManager[1210]: <info> (eth0): device state change: ip-config -> activated (reason 'none') [70 100 0]
Dec 31 18:00:23 localhost NetworkManager[1210]: <info> Policy set 'Wired connection 1' (eth0) as default for IPv4 routing and DNS.
Dec 31 18:00:23 localhost NetworkManager[1210]: <info> Activation (eth0) successful, device activated.
Dec 31 18:00:23 localhost NetworkManager[1210]: <info> Activation (eth0) Stage 5 of 5 (IPv4 Commit) complete.
Dec 31 18:00:23 localhost dbus[1005]: [system] Activating service name='org.freedesktop.nm_dispatcher' (using servicehelper)
Dec 31 18:00:23 localhost dbus[1005]: [system] Successfully activated service 'org.freedesktop.nm_dispatcher'
Dec 31 18:00:33 localhost NetworkManager[1210]: <info> (eth0): IP6 addrconf timed out or failed.
Dec 31 18:00:33 localhost NetworkManager[1210]: <info> Activation (eth0) Stage 4 of 5 (IPv6 Configure Timeout) scheduled...
Dec 31 18:00:33 localhost NetworkManager[1210]: <info> Activation (eth0) Stage 4 of 5 (IPv6 Configure Timeout) started...
Dec 31 18:00:33 localhost NetworkManager[1210]: <info> Activation (eth0) Stage 4 of 5 (IPv6 Configure Timeout) complete.
Dec 31 18:13:31 localhost x-session-manager[1977]: WARNING: Session 'ubuntu' runnable check failed: Exited with code 1
Dec 31 18:13:31 localhost dbus[1005]: [system] Activating service name='org.freedesktop.UPower' (using servicehelper)
Dec 31 18:13:31 localhost dbus[1005]: [system] Successfully activated service 'org.freedesktop.UPower'
Dec 31 18:13:32 localhost anacron[2040]: Anacron 2.3 started on 1969-12-31
Dec 31 18:13:32 localhost anacron[2040]: Normal exit (0 jobs run)
Dec 31 18:13:32 localhost dbus[1005]: [system] Activating service name='org.freedesktop.ColorManager' (using servicehelper)
Dec 31 18:13:33 localhost dbus[1005]: [system] Activated service 'org.freedesktop.ColorManager' failed: Launch helper exited with unknown return code 1
Dec 31 18:13:33 localhost dbus[1005]: [system] Activating service name='org.freedesktop.Accounts' (using servicehelper)
Dec 31 18:13:33 localhost dbus[1005]: [system] Successfully activated service 'org.freedesktop.Accounts'
Dec 31 18:13:33 localhost accounts-daemon[2072]: started daemon version 0.6.15
Dec 31 18:13:36 localhost dbus[1005]: [system] Activating service name='org.freedesktop.UDisks' (using servicehelper)
Dec 31 18:13:36 localhost dbus[1005]: [system] Successfully activated service 'org.freedesktop.UDisks'
Dec 31 18:13:43 localhost pulseaudio[1378]: [pulseaudio] module-x11-xsmp.c: Failed to open connection to session manager: None of the authentication protocols specified are supported
Dec 31 18:13:43 localhost pulseaudio[1378]: [pulseaudio] module.c: Failed to load module "module-x11-xsmp" (argument: "display=:0 session_manager=local/localhost.localdomain:@/tmp/.ICE-unix/1977,unix/localhost.localdomain:/tmp/.ICE-unix/1977"): initialization failed.
Dec 31 18:13:52 localhost goa[2297]: goa-daemon version 3.4.0 starting [main.c:112, main()]
Dec 31 18:14:42 localhost dbus[1005]: [system] Activating service name='org.freedesktop.PackageKit' (using servicehelper)
Dec 31 18:14:46 localhost AptDaemon: INFO: Initializing daemon
Dec 31 18:14:48 localhost AptDaemon.PackageKit: INFO: Initializing PackageKit compat layer
Dec 31 18:14:48 localhost dbus[1005]: [system] Successfully activated service 'org.freedesktop.PackageKit'
Dec 31 18:14:48 localhost AptDaemon.PackageKit: INFO: Initializing PackageKit transaction
Dec 31 18:14:48 localhost AptDaemon.Worker: INFO: Simulating trans: /org/debian/apt/transaction/261ffaeb76d14c9fb3522ac55268dab1
Dec 31 18:14:48 localhost AptDaemon.Worker: INFO: Processing transaction /org/debian/apt/transaction/261ffaeb76d14c9fb3522ac55268dab1
Dec 31 18:16:02 localhost CRON[2503]: (root) CMD (   cd / && run-parts --report /etc/cron.hourly)
Dec 31 18:16:45 localhost AptDaemon.PackageKit: INFO: Get updates()
Dec 31 18:17:06 localhost AptDaemon.Worker: INFO: Finished transaction /org/debian/apt/transaction/261ffaeb76d14c9fb3522ac55268dab1
Dec 31 18:22:50 localhost AptDaemon: INFO: Quitting due to inactivity
Dec 31 18:22:50 localhost AptDaemon: INFO: Quitting was requested
Dec 31 18:00:17 localhost kernel: imklog 5.8.6, log source = /proc/kmsg started.
Dec 31 18:00:17 localhost rsyslogd: [origin software="rsyslogd" swVersion="5.8.6" x-pid="857" x-info="http://www.rsyslog.com"] start
Dec 31 18:00:17 localhost rsyslogd: rsyslogd's groupid changed to 103
Dec 31 18:00:17 localhost rsyslogd: rsyslogd's userid changed to 101
Dec 31 18:00:17 localhost rsyslogd-2039: Could not open output pipe '/dev/xconsole' [try http://www.rsyslog.com/e/2039 ]
Dec 31 18:00:17 localhost kernel: [    0.000000] Booting Linux on physical CPU 0x0
Dec 31 18:00:17 localhost kernel: [    0.000000] Initializing cgroup subsys cpuset
Dec 31 18:00:17 localhost kernel: [    0.000000] Initializing cgroup subsys cpuacct
Dec 31 18:00:17 localhost kernel: [    0.000000] Linux version 3.12.0-xillinux-1.3 (eli@ocho.localdomain) (gcc version 4.5.1 (Sourcery G++ Lite 2010.09-62) ) #1 SMP PREEMPT Thu Mar 13 18:39:32 IST 2014
Dec 31 18:00:17 localhost kernel: [    0.000000] CPU: ARMv7 Processor [413fc090] revision 0 (ARMv7), cr=18c5387d
Dec 31 18:00:17 localhost kernel: [    0.000000] CPU: PIPT / VIPT nonaliasing data cache, VIPT aliasing instruction cache
Dec 31 18:00:17 localhost kernel: [    0.000000] Machine: Xilinx Zynq Platform, model: Xilinx Zynq
Dec 31 18:00:17 localhost kernel: [    0.000000] bootconsole [earlycon0] enabled
Dec 31 18:00:17 localhost kernel: [    0.000000] Memory policy: Data cache writealloc
Dec 31 18:00:17 localhost kernel: [    0.000000] On node 0 totalpages: 131072
Dec 31 18:00:17 localhost kernel: [    0.000000] free_area_init_node: node 0, pgdat c06bd740, node_mem_map c06f1000
Dec 31 18:00:17 localhost kernel: [    0.000000]   Normal zone: 1024 pages used for memmap
Dec 31 18:00:17 localhost kernel: [    0.000000]   Normal zone: 0 pages reserved
Dec 31 18:00:17 localhost kernel: [    0.000000]   Normal zone: 131072 pages, LIFO batch:31
Dec 31 18:00:17 localhost kernel: [    0.000000] PERCPU: Embedded 7 pages/cpu @c0af8000 s7936 r8192 d12544 u32768
Dec 31 18:00:17 localhost kernel: [    0.000000] pcpu-alloc: s7936 r8192 d12544 u32768 alloc=8*4096
Dec 31 18:00:17 localhost kernel: [    0.000000] pcpu-alloc: [0] 0 [0] 1 
Dec 31 18:00:17 localhost kernel: [    0.000000] Built 1 zonelists in Zone order, mobility grouping on.  Total pages: 130048
Dec 31 18:00:17 localhost kernel: [    0.000000] Kernel command line: console=ttyPS0,115200n8 consoleblank=0 root=/dev/mmcblk0p2 rw rootwait earlyprintk
Dec 31 18:00:17 localhost kernel: [    0.000000] PID hash table entries: 2048 (order: 1, 8192 bytes)
Dec 31 18:00:17 localhost kernel: [    0.000000] Dentry cache hash table entries: 65536 (order: 6, 262144 bytes)
Dec 31 18:00:17 localhost kernel: [    0.000000] Inode-cache hash table entries: 32768 (order: 5, 131072 bytes)
Dec 31 18:00:17 localhost kernel: [    0.000000] allocated 1048576 bytes of page_cgroup
Dec 31 18:00:17 localhost kernel: [    0.000000] please try 'cgroup_disable=memory' option if you don't want memory cgroups
Dec 31 18:00:17 localhost kernel: [    0.000000] Memory: 511536K/524288K available (4631K kernel code, 296K rwdata, 1744K rodata, 199K init, 200K bss, 12752K reserved, 0K highmem)
Dec 31 18:00:17 localhost kernel: [    0.000000] Virtual kernel memory layout:
Dec 31 18:00:17 localhost kernel: [    0.000000]     vector  : 0xffff0000 - 0xffff1000   (   4 kB)
Dec 31 18:00:17 localhost kernel: [    0.000000]     fixmap  : 0xfff00000 - 0xfffe0000   ( 896 kB)
Dec 31 18:00:17 localhost kernel: [    0.000000]     vmalloc : 0xe0800000 - 0xff000000   ( 488 MB)
Dec 31 18:00:17 localhost kernel: [    0.000000]     lowmem  : 0xc0000000 - 0xe0000000   ( 512 MB)
Dec 31 18:00:17 localhost kernel: [    0.000000]     pkmap   : 0xbfe00000 - 0xc0000000   (   2 MB)
Dec 31 18:00:17 localhost kernel: [    0.000000]     modules : 0xbf000000 - 0xbfe00000   (  14 MB)
Dec 31 18:00:17 localhost kernel: [    0.000000]       .text : 0xc0008000 - 0xc0641e24   (6376 kB)
Dec 31 18:00:17 localhost kernel: [    0.000000]       .init : 0xc0642000 - 0xc0673f00   ( 200 kB)
Dec 31 18:00:17 localhost kernel: [    0.000000]       .data : 0xc0674000 - 0xc06be3c0   ( 297 kB)
Dec 31 18:00:17 localhost kernel: [    0.000000]        .bss : 0xc06be3cc - 0xc06f065c   ( 201 kB)
Dec 31 18:00:17 localhost kernel: [    0.000000] Preemptible hierarchical RCU implementation.
Dec 31 18:00:17 localhost kernel: [    0.000000] 	Dump stacks of tasks blocking RCU-preempt GP.
Dec 31 18:00:17 localhost kernel: [    0.000000] 	RCU restricting CPUs from NR_CPUS=4 to nr_cpu_ids=2.
Dec 31 18:00:17 localhost kernel: [    0.000000] NR_IRQS:16 nr_irqs:16 16
Dec 31 18:00:17 localhost kernel: [    0.000000] ps7-slcr mapped to e0802000
Dec 31 18:00:17 localhost kernel: [    0.000000] Zynq clock init
Dec 31 18:00:17 localhost kernel: [    0.000000] sched_clock: 16 bits at 54kHz, resolution 18432ns, wraps every 1207ms
Dec 31 18:00:17 localhost kernel: [    0.000000] ps7-ttc #0 at e0804000, irq=43
Dec 31 18:00:17 localhost kernel: [    0.000000] Console: colour dummy device 80x30
Dec 31 18:00:17 localhost kernel: [    0.008663] Calibrating delay loop... 1332.01 BogoMIPS (lpj=6660096)
Dec 31 18:00:17 localhost kernel: [    0.094851] pid_max: default: 32768 minimum: 301
Dec 31 18:00:17 localhost kernel: [    0.097026] Mount-cache hash table entries: 512
Dec 31 18:00:17 localhost kernel: [    0.103515] Initializing cgroup subsys memory
Dec 31 18:00:17 localhost kernel: [    0.105855] Initializing cgroup subsys devices
Dec 31 18:00:17 localhost kernel: [    0.110242] Initializing cgroup subsys freezer
Dec 31 18:00:17 localhost kernel: [    0.114721] Initializing cgroup subsys blkio
Dec 31 18:00:17 localhost kernel: [    0.119034] Initializing cgroup subsys perf_event
Dec 31 18:00:17 localhost kernel: [    0.123827] CPU: Testing write buffer coherency: ok
Dec 31 18:00:17 localhost kernel: [    0.128932] CPU0: thread -1, cpu 0, socket 0, mpidr 80000000
Dec 31 18:00:17 localhost kernel: [    0.134370] Setting up static identity map for 0xc045ffb0 - 0xc0460008
Dec 31 18:00:17 localhost kernel: [    0.141042] L310 cache controller enabled
Dec 31 18:00:17 localhost kernel: [    0.144932] l2x0: 8 ways, CACHE_ID 0x410000c8, AUX_CTRL 0x72360000, Cache size: 512 kB
Dec 31 18:00:17 localhost kernel: [    0.205592] CPU1: Booted secondary processor
Dec 31 18:00:17 localhost kernel: [    0.294822] CPU1: thread -1, cpu 1, socket 0, mpidr 80000001
Dec 31 18:00:17 localhost kernel: [    0.294951] Brought up 2 CPUs
Dec 31 18:00:17 localhost kernel: [    0.302453] SMP: Total of 2 processors activated.
Dec 31 18:00:17 localhost kernel: [    0.307190] CPU: All CPU(s) started in SVC mode.
Dec 31 18:00:17 localhost kernel: [    0.312406] devtmpfs: initialized
Dec 31 18:00:17 localhost kernel: [    0.317622] VFP support v0.3: implementor 41 architecture 3 part 30 variant 9 rev 4
Dec 31 18:00:17 localhost kernel: [    0.323889] regulator-dummy: no parameters
Dec 31 18:00:17 localhost kernel: [    0.327521] NET: Registered protocol family 16
Dec 31 18:00:17 localhost kernel: [    0.332700] DMA: preallocated 256 KiB pool for atomic coherent allocations
Dec 31 18:00:17 localhost kernel: [    0.343354] zynq_gpio e000a000.ps7-gpio: gpio at 0xe000a000 mapped to 0xe0850000
Dec 31 18:00:17 localhost kernel: [    0.350174] hw-breakpoint: found 5 (+1 reserved) breakpoint and 1 watchpoint registers.
Dec 31 18:00:17 localhost kernel: [    0.353713] hw-breakpoint: maximum watchpoint size is 4 bytes.
Dec 31 18:00:17 localhost kernel: [    0.359666] zynq_ocm f800c000.ps7-ocmc: ZYNQ OCM pool: 256 KiB @ 0xe0880000
Dec 31 18:00:17 localhost kernel: [    0.395646] bio: create slab <bio-0> at 0
Dec 31 18:00:17 localhost kernel: [    0.396899] vgaarb: loaded
Dec 31 18:00:17 localhost kernel: [    0.397618] SCSI subsystem initialized
Dec 31 18:00:17 localhost kernel: [    0.401452] usbcore: registered new interface driver usbfs
Dec 31 18:00:17 localhost kernel: [    0.406926] usbcore: registered new interface driver hub
Dec 31 18:00:17 localhost kernel: [    0.411792] usbcore: registered new device driver usb
Dec 31 18:00:17 localhost kernel: [    0.417211] media: Linux media interface: v0.10
Dec 31 18:00:17 localhost kernel: [    0.421340] Linux video capture interface: v2.00
Dec 31 18:00:17 localhost kernel: [    0.426335] pps_core: LinuxPPS API ver. 1 registered
Dec 31 18:00:17 localhost kernel: [    0.430851] pps_core: Software ver. 5.3.6 - Copyright 2005-2007 Rodolfo Giometti <giometti@linux.it>
Dec 31 18:00:17 localhost kernel: [    0.440123] PTP clock support registered
Dec 31 18:00:17 localhost kernel: [    0.444270] EDAC MC: Ver: 3.0.0
Dec 31 18:00:17 localhost kernel: [    0.448214] Advanced Linux Sound Architecture Driver Initialized.
Dec 31 18:00:17 localhost kernel: [    0.454297] Switched to clocksource ttc_clocksource
Dec 31 18:00:17 localhost kernel: [    0.476250] NET: Registered protocol family 2
Dec 31 18:00:17 localhost kernel: [    0.476913] TCP established hash table entries: 4096 (order: 3, 32768 bytes)
Dec 31 18:00:17 localhost kernel: [    0.482295] TCP bind hash table entries: 4096 (order: 3, 32768 bytes)
Dec 31 18:00:17 localhost kernel: [    0.488949] TCP: Hash tables configured (established 4096 bind 4096)
Dec 31 18:00:17 localhost kernel: [    0.495087] TCP: reno registered
Dec 31 18:00:17 localhost kernel: [    0.498295] UDP hash table entries: 256 (order: 1, 8192 bytes)
Dec 31 18:00:17 localhost kernel: [    0.504156] UDP-Lite hash table entries: 256 (order: 1, 8192 bytes)
Dec 31 18:00:17 localhost kernel: [    0.510736] NET: Registered protocol family 1
Dec 31 18:00:17 localhost kernel: [    0.515178] RPC: Registered named UNIX socket transport module.
Dec 31 18:00:17 localhost kernel: [    0.520726] RPC: Registered udp transport module.
Dec 31 18:00:17 localhost kernel: [    0.525537] RPC: Registered tcp transport module.
Dec 31 18:00:17 localhost kernel: [    0.530182] RPC: Registered tcp NFSv4.1 backchannel transport module.
Dec 31 18:00:17 localhost kernel: [    0.536670] PCI: CLS 0 bytes, default 64
Dec 31 18:00:17 localhost kernel: [    0.537076] hw perfevents: enabled with ARMv7 Cortex-A9 PMU driver, 7 counters available
Dec 31 18:00:17 localhost kernel: [    0.547822] VFS: Disk quotas dquot_6.5.2
Dec 31 18:00:17 localhost kernel: [    0.548817] Dquot-cache hash table entries: 1024 (order 0, 4096 bytes)
Dec 31 18:00:17 localhost kernel: [    0.555895] NFS: Registering the id_resolver key type
Dec 31 18:00:17 localhost kernel: [    0.560337] Key type id_resolver registered
Dec 31 18:00:17 localhost kernel: [    0.564577] Key type id_legacy registered
Dec 31 18:00:17 localhost kernel: [    0.568576] jffs2: version 2.2. (NAND) (SUMMARY)  © 2001-2006 Red Hat, Inc.
Dec 31 18:00:17 localhost kernel: [    0.575839] msgmni has been set to 999
Dec 31 18:00:17 localhost kernel: [    0.580152] Block layer SCSI generic (bsg) driver version 0.4 loaded (major 249)
Dec 31 18:00:17 localhost kernel: [    0.586861] io scheduler noop registered
Dec 31 18:00:17 localhost kernel: [    0.590732] io scheduler deadline registered
Dec 31 18:00:17 localhost kernel: [    0.595082] io scheduler cfq registered (default)
Dec 31 18:00:17 localhost kernel: [    1.496378] Console: switching to colour frame buffer device 128x48
Dec 31 18:00:17 localhost kernel: [    1.525611] e0001000.serial: ttyPS0 at MMIO 0xe0001000 (irq = 82, base_baud = 3124999) is a xuartps
Dec 31 18:00:17 localhost kernel: [    1.529224] console [ttyPS0] enabled, bootconsole disabled
Dec 31 18:00:17 localhost kernel: [    1.535380] xdevcfg f8007000.ps7-dev-cfg: ioremap 0xf8007000 to e0864000
Dec 31 18:00:17 localhost kernel: [    1.557720] brd: module loaded
Dec 31 18:00:17 localhost kernel: [    1.566254] loop: module loaded
Dec 31 18:00:17 localhost kernel: [    1.576410] xqspips e000d000.ps7-qspi: master is unqueued, this is deprecated
Dec 31 18:00:17 localhost kernel: [    1.583949] m25p80 spi0.0: found s25fl256s1, expected n25q128
Dec 31 18:00:17 localhost kernel: [    1.589939] m25p80 spi0.0: s25fl256s1 (32768 Kbytes)
Dec 31 18:00:17 localhost kernel: [    1.594953] 5 ofpart partitions found on MTD device spi0.0
Dec 31 18:00:17 localhost kernel: [    1.600353] Creating 5 MTD partitions on "spi0.0":
Dec 31 18:00:17 localhost kernel: [    1.605146] 0x000000000000-0x000000100000 : "qspi-fsbl-uboot"
Dec 31 18:00:17 localhost kernel: [    1.612150] 0x000000100000-0x000000600000 : "qspi-linux"
Dec 31 18:00:17 localhost kernel: [    1.618583] 0x000000600000-0x000000620000 : "qspi-device-tree"
Dec 31 18:00:17 localhost kernel: [    1.625513] 0x000000620000-0x000000c00000 : "qspi-rootfs"
Dec 31 18:00:17 localhost kernel: [    1.631965] 0x000000c00000-0x000001000000 : "qspi-bitstream"
